Archive member included to satisfy reference by file (symbol)

/server17/ic/opt-riscv32-glibc-ima/sysroot/usr/lib/libm.a(e_log.o)
                              ./src/fft.o (log)
/server17/ic/opt-riscv32-glibc-ima/sysroot/usr/lib/libm.a(e_pow.o)
                              ./driver/gc080x_driver/qec_chip.o (pow)
/server17/ic/opt-riscv32-glibc-ima/sysroot/usr/lib/libm.a(s_fabs.o)
                              ./driver/gc080x_driver/qec_chip.o (fabs)
/server17/ic/opt-riscv32-glibc-ima/sysroot/usr/lib/libm.a(s_floor.o)
                              ./src/dfe.o (floor)
/server17/ic/opt-riscv32-glibc-ima/sysroot/usr/lib/libm.a(s_sin.o)
                              ./driver/gc080x_driver/qec_chip.o (sin)
/server17/ic/opt-riscv32-glibc-ima/sysroot/usr/lib/libm.a(s_tan.o)
                              ./driver/gc080x_driver/qec_chip.o (tan)
/server17/ic/opt-riscv32-glibc-ima/sysroot/usr/lib/libm.a(s_round.o)
                              ./driver/gc080x_driver/qec_chip.o (round)
/server17/ic/opt-riscv32-glibc-ima/sysroot/usr/lib/libm.a(w_asin.o)
                              ./driver/gc080x_driver/qec_chip.o (asin)
/server17/ic/opt-riscv32-glibc-ima/sysroot/usr/lib/libm.a(w_atan2.o)
                              ./driver/gc080x_driver/qec_common.o (atan2)
/server17/ic/opt-riscv32-glibc-ima/sysroot/usr/lib/libm.a(w_log10.o)
                              ./driver/gc080x_driver/qec_chip.o (log10)
/server17/ic/opt-riscv32-glibc-ima/sysroot/usr/lib/libm.a(w_sqrt.o)
                              ./src/fft.o (sqrt)
/server17/ic/opt-riscv32-glibc-ima/sysroot/usr/lib/libm.a(branred.o)
                              /server17/ic/opt-riscv32-glibc-ima/sysroot/usr/lib/libm.a(s_sin.o) (__branred)
/server17/ic/opt-riscv32-glibc-ima/sysroot/usr/lib/libm.a(sincostab.o)
                              /server17/ic/opt-riscv32-glibc-ima/sysroot/usr/lib/libm.a(s_sin.o) (__sincostab)
/server17/ic/opt-riscv32-glibc-ima/sysroot/usr/lib/libm.a(math_err.o)
                              /server17/ic/opt-riscv32-glibc-ima/sysroot/usr/lib/libm.a(e_pow.o) (__math_uflow)
/server17/ic/opt-riscv32-glibc-ima/sysroot/usr/lib/libm.a(e_exp_data.o)
                              /server17/ic/opt-riscv32-glibc-ima/sysroot/usr/lib/libm.a(e_pow.o) (__exp_data)
/server17/ic/opt-riscv32-glibc-ima/sysroot/usr/lib/libm.a(e_log_data.o)
                              /server17/ic/opt-riscv32-glibc-ima/sysroot/usr/lib/libm.a(e_log.o) (__log_data)
/server17/ic/opt-riscv32-glibc-ima/sysroot/usr/lib/libm.a(e_pow_log_data.o)
                              /server17/ic/opt-riscv32-glibc-ima/sysroot/usr/lib/libm.a(e_pow.o) (__pow_log_data)
/server17/ic/opt-riscv32-glibc-ima/sysroot/usr/lib/libm.a(feupdateenv.o)
                              /server17/ic/opt-riscv32-glibc-ima/sysroot/usr/lib/libm.a(s_sin.o) (__feupdateenv)
/server17/ic/opt-riscv32-glibc-ima/sysroot/usr/lib/libm.a(e_asin.o)
                              /server17/ic/opt-riscv32-glibc-ima/sysroot/usr/lib/libm.a(w_asin.o) (__ieee754_asin)
/server17/ic/opt-riscv32-glibc-ima/sysroot/usr/lib/libm.a(e_atan2.o)
                              /server17/ic/opt-riscv32-glibc-ima/sysroot/usr/lib/libm.a(w_atan2.o) (__ieee754_atan2)
/server17/ic/opt-riscv32-glibc-ima/sysroot/usr/lib/libm.a(e_log10.o)
                              /server17/ic/opt-riscv32-glibc-ima/sysroot/usr/lib/libm.a(w_log10.o) (__ieee754_log10)
/server17/ic/opt-riscv32-glibc-ima/sysroot/usr/lib/libm.a(e_sqrt.o)
                              /server17/ic/opt-riscv32-glibc-ima/sysroot/usr/lib/libm.a(w_sqrt.o) (__ieee754_sqrt)
/server17/ic/opt-riscv32-glibc-ima/sysroot/usr/lib/libm.a(fegetround.o)
                              /server17/ic/opt-riscv32-glibc-ima/sysroot/usr/lib/libm.a(e_sqrt.o) (__fegetround)
/server17/ic/opt-riscv32-glibc-ima/sysroot/usr/lib/libm.a(fesetround.o)
                              /server17/ic/opt-riscv32-glibc-ima/sysroot/usr/lib/libm.a(e_sqrt.o) (__fesetround)
/server17/ic/opt-riscv32-glibc-ima/sysroot/usr/lib/libm.a(feholdexcpt.o)
                              /server17/ic/opt-riscv32-glibc-ima/sysroot/usr/lib/libm.a(e_sqrt.o) (__feholdexcept)
/server17/ic/opt-riscv32-glibc-ima/sysroot/usr/lib/libm.a(fesetenv.o)
                              /server17/ic/opt-riscv32-glibc-ima/sysroot/usr/lib/libm.a(e_sqrt.o) (__fesetenv)
/server17/ic/opt-riscv32-glibc-ima/sysroot/usr/lib/libm_prerequisites.a(errno.o)
                              /server17/ic/opt-riscv32-glibc-ima/sysroot/usr/lib/libm.a(s_sin.o) (errno)
/server17/ic/opt-riscv32-glibc-ima/sysroot/usr/lib/libgcc_without_rv32a.a(adddf3.o)
                              ./src/dfe.o (__adddf3)
/server17/ic/opt-riscv32-glibc-ima/sysroot/usr/lib/libgcc_without_rv32a.a(addsf3.o)
                              ./driver/gc080x_driver/transceiver_api.o (__addsf3)
/server17/ic/opt-riscv32-glibc-ima/sysroot/usr/lib/libgcc_without_rv32a.a(divdf3.o)
                              ./src/dfe.o (__divdf3)
/server17/ic/opt-riscv32-glibc-ima/sysroot/usr/lib/libgcc_without_rv32a.a(divsf3.o)
[...]
Memory Configuration

Name             Origin             Length             Attributes
cacheram         0x10000000         0x000a0000         axw!rl
uncacheram       0x100a0000         0x00060000         axw!rl
*default*        0x00000000         0xffffffff

Linker script and memory map

LOAD ./src/irq_vector.o
LOAD ./src/start.o
LOAD ./src/hal.o
LOAD ./src/mem.o
LOAD ./src/kernel.o
LOAD ./lib/uart.o
LOAD ./src/cluster.o
LOAD ./src/api.o
LOAD ./src/fifo.o
LOAD ./src/timer.o
LOAD ./lib/printf.o
LOAD ./lib/malloc.o
LOAD ./src/irq.o
LOAD ./src/dma.o
LOAD ./src/coe.o
LOAD ./src/dfe.o
LOAD ./src/dagproc.o
LOAD ./src/padding.o
LOAD ./src/rfdata.o
LOAD ./src/peripheral_init.o
LOAD ./src/fft.o
LOAD src/main_nrPDCCH_2p0_slice_inputsplit1.o
LOAD ./lib/spi.o
LOAD ./src/flash.o
LOAD ./src/w25q128_driver.o
LOAD ./dags/cbin/PDSCHDag1_hw_2p0_bin.o
LOAD ./dags/cbin/nrPDCCH_2p0_slice_inputsplit_bin.o
LOAD ./dags/cbin/nrPDCCH_2p0_bin.o
LOAD ./dags/cbin/PDSCHDag2_hw_2p0_bin.o
LOAD ./dags/cbin/nrPDCCH_2p0_slice_inputsplit1_bin.o
LOAD ./dags/cjson/PDSCHDag1_hw_2p0_json.o
LOAD ./dags/cjson/nrPDCCH_2p0_slice_inputsplit_json.o
LOAD ./dags/cjson/nrPDCCH_2p0_json.o
LOAD ./dags/cjson/PDSCHDag2_hw_2p0_json.o
LOAD ./dags/cjson/nrPDCCH_2p0_slice_inputsplit1_json.o
LOAD ./src/driver.o
LOAD ./lib/memset.o
LOAD ./lib/stdlib.o
LOAD ./lib/sleep.o
LOAD ./driver/gc080x_driver/fsm_lut_e1.o
LOAD ./driver/gc080x_driver/qec_chip.o
LOAD ./driver/gc080x_driver/platform.o
LOAD ./driver/gc080x_driver/fsm_lut_d2.o
LOAD ./driver/gc080x_driver/app_cmd.o
LOAD ./driver/gc080x_driver/regs_init.o
LOAD ./driver/gc080x_driver/common.o
LOAD ./driver/gc080x_driver/driver.o
LOAD ./driver/gc080x_driver/limit_efuse.o
LOAD ./driver/gc080x_driver/custom_cfg.o
LOAD ./driver/gc080x_driver/main_init.o
LOAD ./driver/gc080x_driver/qec_common.o
LOAD ./driver/gc080x_driver/utility.o
LOAD ./driver/gc080x_driver/digtal.o
LOAD ./driver/gc080x_driver/fsm_lut_d1.o
LOAD ./driver/gc080x_driver/transceiver_api.o
LOAD ./driver/gc080x_driver/gctrl.o
LOAD ./driver/bsp/dw_spi/spi.o
LOAD ./driver/bsp/dw_spi/dw_spi_ll.o
LOAD src/irq_vector.o
LOAD /server17/ic/opt-riscv32-glibc-ima/sysroot/usr/lib/libm.a
LOAD /server17/ic/opt-riscv32-glibc-ima/sysroot/usr/lib/libm_prerequisites.a
LOAD /server17/ic/opt-riscv32-glibc-ima/sysroot/usr/lib/libgcc_without_rv32a.a

.text           0x10000000    0x371f0
                0x10000000                        PROVIDE (_text_start = .)
                0x00000000                        . = 0x0
 *(.startup)
 .startup       0x10000000        0x4 ./src/irq_vector.o
 .startup       0x10000004        0x4 src/irq_vector.o
 *(.startup)
                0x00000020                        . = 0x20
 *fill*         0x10000008       0x18 
 *(.startirq)
 .startirq      0x10000020      0x158 ./src/irq_vector.o
 .startirq      0x10000178      0x158 src/irq_vector.o
 *(.startirq)
 *(.text .text.*)
 .text          0x100002d0       0xe4 ./src/start.o
                0x100002d0                _start
                0x1000037c                vcs_stop
 .text          0x100003b4       0x74 ./src/hal.o
                0x100003b4                EN_All_Cluster_Interrupts
                0x100003c0                EN_Interrupts
                0x100003dc                DIS_Interrupts
                0x100003f4                Wait_irq
                0x100003f8                Mask_irq
                0x10000408                Forloop_timer
                0x1000041c                Set_timer
 .text.start_kernel
                0x10000428       0x78 ./src/kernel.o
                0x10000428                start_kernel
 .text.uart_puts
                0x100004a0       0x34 ./lib/uart.o
                0x100004a0                uart_puts
 .text.uart_irq_handler
                0x100004d4       0xac ./lib/uart.o
                0x100004d4                uart_irq_handler
 .text.venus_uart_init
                0x10000580       0x48 ./lib/uart.o
                0x10000580                venus_uart_init
 .text.venus_user_uart_init
                0x100005c8       0x48 ./lib/uart.o
                0x100005c8                venus_user_uart_init
 .text.cluster_interrupt_handler
                0x10000610      0x184 ./src/cluster.o
                0x10000610                cluster_interrupt_handler
 .text.fire_dag_fence
                0x10000794       0x38 ./src/api.o
                0x10000794                fire_dag_fence
 .text.init_fifo
                0x100007cc        0x8 ./src/fifo.o
                0x100007cc                init_fifo
 .text.push_fifo
                0x100007d4       0x40 ./src/fifo.o
                0x100007d4                push_fifo
 .text.pop_fifo
                0x10000814       0x50 ./src/fifo.o
                0x10000814                pop_fifo
 .text.dmapush_fifo
                0x10000864       0x50 ./src/fifo.o
                0x10000864                dmapush_fifo
 .text.dmapop_fifo
                0x100008b4       0x78 ./src/fifo.o
                0x100008b4                dmapop_fifo
 .text.timer_interrupt_handler
                0x1000092c       0x94 ./src/timer.o
                0x1000092c                timer_interrupt_handler
 .text._vsnprintf.constprop.1
                0x100009c0      0x1bc ./lib/printf.o
 .text._vsnprintf.constprop.0.isra.0
                0x10000b7c      0x79c ./lib/printf.o
 .text.sprintf  0x10001318       0x98 ./lib/printf.o
                0x10001318                sprintf
 .text.printf   0x100013b0       0xc8 ./lib/printf.o
                0x100013b0                printf
 .text.panic    0x10001478       0x84 ./lib/printf.o
                0x10001478                panic
 .text.init_sentinel
                0x100014fc       0xdc ./lib/malloc.o
                0x100014fc                init_sentinel
 .text.heap_init
                0x100015d8       0x6c ./lib/malloc.o
                0x100015d8                heap_init
 .text.malloc   0x10001644      0x1cc ./lib/malloc.o
                0x10001644                malloc
 .text.free     0x10001810      0x424 ./lib/malloc.o
                0x10001810                free
 .text.irq_handler
                0x10001c34      0x3ac ./src/irq.o
                0x10001c34                irq_handler
 .text.dma_transfer
                0x10001fe0       0x5c ./src/dma.o
                0x10001fe0                dma_transfer
 .text.dma_interrupt_handler
                0x1000203c      0x1d0 ./src/dma.o
                0x1000203c                dma_interrupt_handler
 .text.dma_error_handler
                0x1000220c      0x12c ./src/dma.o
                0x1000220c                dma_error_handler
 .text.dfe_ovf_interrupt_handler
                0x10002338      0x1e4 ./src/dfe.o
                0x10002338                dfe_ovf_interrupt_handler
 .text.dfe_rfdata_valid
                0x1000251c      0x1b8 ./src/dfe.o
                0x1000251c                dfe_rfdata_valid
 .text.dfe_rx_ram_ready_interrupt_handler
                0x100026d4      0x530 ./src/dfe.o
                0x100026d4                dfe_rx_ram_ready_interrupt_handler
 .text.dfe_sync_interrupt_handler
                0x10002c04       0x14 ./src/dfe.o
                0x10002c04                dfe_sync_interrupt_handler
 .text.dfe_peak_interrupt_handler
                0x10002c18       0x98 ./src/dfe.o
                0x10002c18                dfe_peak_interrupt_handler
 .text.dfe_tx_ram_read_done_interrupt_handler
                0x10002cb0       0x78 ./src/dfe.o
                0x10002cb0                dfe_tx_ram_read_done_interrupt_handler
 .text.dagproc_init
                0x10002d28       0x5c ./src/dagproc.o
                0x10002d28                dagproc_init
 .text.register_dag
                0x10002d84       0xf0 ./src/dagproc.o
                0x10002d84                register_dag
 .text.transfer_dag_inputs
                0x10002e74       0xfc ./src/dagproc.o
                0x10002e74                transfer_dag_inputs
 .text.GC0802_ioconfig
                0x10002f70      0x2f4 ./src/peripheral_init.o
                0x10002f70                GC0802_ioconfig
 .text.GC0802_change_pll_settings
                0x10003264      0x160 ./src/peripheral_init.o
                0x10003264                GC0802_change_pll_settings
 .text.devctrl_init
                0x100033c4      0x10c ./src/peripheral_init.o
                0x100033c4                devctrl_init
 .text.irq_init
                0x100034d0        0x8 ./src/peripheral_init.o
                0x100034d0                irq_init
 .text.changePosition
                0x100034d8       0xa4 ./src/fft.o
                0x100034d8                changePosition
 .text.fastFourierOperation
                0x1000357c      0x3fc ./src/fft.o
                0x1000357c                fastFourierOperation
 .text.evaluate_snr
                0x10003978      0x550 ./src/fft.o
                0x10003978                evaluate_snr
 .text.update_timing
                0x10003ec8      0x258 ./src/fft.o
                0x10003ec8                update_timing
 .text.main     0x10004120      0x3e4 src/main_nrPDCCH_2p0_slice_inputsplit1.o
                0x10004120                main
 .text.verify_inputsplit_outputs
                0x10004504      0x280 src/main_nrPDCCH_2p0_slice_inputsplit1.o
 .text.init_inputsplit_fifos
                0x10004784       0x4c src/main_nrPDCCH_2p0_slice_inputsplit1.o
 .text.memset   0x100047d0       0xe0 ./lib/memset.o
                0x100047d0                memset
 .text.abs      0x100048b0       0x10 ./lib/stdlib.o
                0x100048b0                abs
 .text.llabs    0x100048c0       0x20 ./lib/stdlib.o
                0x100048c0                llabs
 .text.strlen   0x100048e0       0x28 ./lib/stdlib.o
                0x100048e0                strlen
 .text.memcpy   0x10004908       0xa4 ./lib/stdlib.o
                0x10004908                memcpy
 .text.usleep   0x100049ac       0x98 ./lib/sleep.o
                0x100049ac                usleep
 .text.fn_tx_send_tone.part.0
                0x10004a44       0x90 ./driver/gc080x_driver/qec_chip.o
 .text.fn_tx_send_tone_neg.part.0
                0x10004ad4       0x90 ./driver/gc080x_driver/qec_chip.o
 .text.write_rx_qec_cal_word
                0x10004b64       0x88 ./driver/gc080x_driver/qec_chip.o
                0x10004b64                write_rx_qec_cal_word
 .text.write_tx_qec_lol_cal_word
                0x10004bec      0x118 ./driver/gc080x_driver/qec_chip.o
                0x10004bec                write_tx_qec_lol_cal_word
 .text.rx_band_selection
                0x10004d04       0x2c ./driver/gc080x_driver/qec_chip.o
                0x10004d04                rx_band_selection
 .text.tx_band_selection
                0x10004d30       0x2c ./driver/gc080x_driver/qec_chip.o
                0x10004d30                tx_band_selection
 .text.fn_tx_qec_lol_lut_update
                0x10004d5c       0xa8 ./driver/gc080x_driver/qec_chip.o
                0x10004d5c                fn_tx_qec_lol_lut_update
 .text.fn_rx_qec_lut_update
                0x10004e04       0xb8 ./driver/gc080x_driver/qec_chip.o
                0x10004e04                fn_rx_qec_lut_update
 .text.fn_rx_qec_cal_words
                0x10004ebc      0x744 ./driver/gc080x_driver/qec_chip.o
                0x10004ebc                fn_rx_qec_cal_words
 .text.fn_rx_run_qec
                0x10005600      0x228 ./driver/gc080x_driver/qec_chip.o
                0x10005600                fn_rx_run_qec
 .text.fn_rx_qec_off
                0x10005828       0x5c ./driver/gc080x_driver/qec_chip.o
                0x10005828                fn_rx_qec_off
 .text.fn_rx_run_goertzle
                0x10005884      0x9e4 ./driver/gc080x_driver/qec_chip.o
                0x10005884                fn_rx_run_goertzle
 .text.fn_rx_run_goertzle_cfg
                0x10006268      0x3b4 ./driver/gc080x_driver/qec_chip.o
                0x10006268                fn_rx_run_goertzle_cfg
 .text.fn_rx_run_goertzle_new
                0x1000661c      0x48c ./driver/gc080x_driver/qec_chip.o
                0x1000661c                fn_rx_run_goertzle_new
 .text.fn_tx_send_tone
                0x10006aa8       0x6c ./driver/gc080x_driver/qec_chip.o
                0x10006aa8                fn_tx_send_tone
 .text.fn_tx_qec_coeff_valid
                0x10006b14       0x98 ./driver/gc080x_driver/qec_chip.o
                0x10006b14                fn_tx_qec_coeff_valid
 .text.fn_tx_qec_gain_set
                0x10006bac      0x28c ./driver/gc080x_driver/qec_chip.o
                0x10006bac                fn_tx_qec_gain_set
 .text.fn_tx_qec_off
                0x10006e38      0x20c ./driver/gc080x_driver/qec_chip.o
                0x10006e38                fn_tx_qec_off
 .text.fn_tx_run_qec
                0x10007044      0x114 ./driver/gc080x_driver/qec_chip.o
                0x10007044                fn_tx_run_qec
 .text.fn_tx_qec_cal_words
                0x10007158      0x25c ./driver/gc080x_driver/qec_chip.o
                0x10007158                fn_tx_qec_cal_words
 .text.fn_tx_run_lol
                0x100073b4      0x138 ./driver/gc080x_driver/qec_chip.o
                0x100073b4                fn_tx_run_lol
 .text.fn_tx_qec_5tone_method_rflp
                0x100074ec     0x1700 ./driver/gc080x_driver/qec_chip.o
                0x100074ec                fn_tx_qec_5tone_method_rflp
 .text.fn_rx_qec_self_calib
                0x10008bec     0x1110 ./driver/gc080x_driver/qec_chip.o
                0x10008bec                fn_rx_qec_self_calib
 .text.fn_rx_qec_cal
                0x10009cfc      0x1c8 ./driver/gc080x_driver/qec_chip.o
                0x10009cfc                fn_rx_qec_cal
 .text.fn_tx_lol_5tone_method_rflp
                0x10009ec4      0xd50 ./driver/gc080x_driver/qec_chip.o
                0x10009ec4                fn_tx_lol_5tone_method_rflp
 .text.fn_tx_qec_lol_cal_rflp
                0x1000ac14      0xd30 ./driver/gc080x_driver/qec_chip.o
                0x1000ac14                fn_tx_qec_lol_cal_rflp
 .text.gc080x_spi_write
                0x1000b944       0x40 ./driver/gc080x_driver/platform.o
                0x1000b944                gc080x_spi_write
 .text.gc080x_spi_read
                0x1000b984       0x48 ./driver/gc080x_driver/platform.o
                0x1000b984                gc080x_spi_read
 .text.hal_fpga_read_reg
                0x1000b9cc       0x54 ./driver/gc080x_driver/platform.o
                0x1000b9cc                hal_fpga_read_reg
 .text.hal_fpga_write_reg
                0x1000ba20       0x50 ./driver/gc080x_driver/platform.o
                0x1000ba20                hal_fpga_write_reg
 .text.hal_spi_read_reg
                0x1000ba70       0x64 ./driver/gc080x_driver/platform.o
                0x1000ba70                hal_spi_read_reg
 .text.hal_spi_write_reg
                0x1000bad4       0x78 ./driver/gc080x_driver/platform.o
                0x1000bad4                hal_spi_write_reg
 .text.HAL_CONFIG_REGS
                0x1000bb4c       0xe4 ./driver/gc080x_driver/platform.o
                0x1000bb4c                HAL_CONFIG_REGS
 .text.HAL_REG_GET_BIT
                0x1000bc30       0x2c ./driver/gc080x_driver/platform.o
                0x1000bc30                HAL_REG_GET_BIT
 .text.HAL_REG_SET_BIT
                0x1000bc5c       0x54 ./driver/gc080x_driver/platform.o
                0x1000bc5c                HAL_REG_SET_BIT
 .text.HAL_REG_CLR_BIT
                0x1000bcb0       0x58 ./driver/gc080x_driver/platform.o
                0x1000bcb0                HAL_REG_CLR_BIT
 .text.wire_control_en
                0x1000bd08       0xf4 ./driver/gc080x_driver/platform.o
                0x1000bd08                wire_control_en
 .text.tdd_wait_to_alert
                0x1000bdfc       0x48 ./driver/gc080x_driver/platform.o
                0x1000bdfc                tdd_wait_to_alert
 .text.tdd_alert_to_rx
                0x1000be44       0x68 ./driver/gc080x_driver/platform.o
                0x1000be44                tdd_alert_to_rx
 .text.tdd_rx_to_wait
                0x1000beac       0x2c ./driver/gc080x_driver/platform.o
                0x1000beac                tdd_rx_to_wait
 .text.tdd_tx_to_wait
                0x1000bed8       0x2c ./driver/gc080x_driver/platform.o
                0x1000bed8                tdd_tx_to_wait
 .text.fn_fpga_set_if
                0x1000bf04      0x150 ./driver/gc080x_driver/platform.o
                0x1000bf04                fn_fpga_set_if
 .text.rx_lvds_delay_cal
                0x1000c054      0x2a0 ./driver/gc080x_driver/platform.o
                0x1000c054                rx_lvds_delay_cal
 .text.tx_lvds_delay_cal
                0x1000c2f4      0x2fc ./driver/gc080x_driver/platform.o
                0x1000c2f4                tx_lvds_delay_cal
 .text.lvds_delay_cal
                0x1000c5f0      0x18c ./driver/gc080x_driver/platform.o
                0x1000c5f0                lvds_delay_cal
 .text.fpga_tail_set
                0x1000c77c       0xc0 ./driver/gc080x_driver/platform.o
                0x1000c77c                fpga_tail_set
 .text.rx_dc_offset_cal_enable.part.0
                0x1000c83c       0x6c ./driver/gc080x_driver/driver.o
 .text.rx_dc_offset_cal_enable_ext.part.0
                0x1000c8a8       0x6c ./driver/gc080x_driver/driver.o
 .text.lol_cal_get_goertzle_power.isra.0
                0x1000c914      0x13c ./driver/gc080x_driver/driver.o
 .text.lol_cal_I_path.constprop.0
                0x1000ca50      0x370 ./driver/gc080x_driver/driver.o
 .text.lol_cal_Q_path.constprop.0
                0x1000cdc0      0x370 ./driver/gc080x_driver/driver.o
 .text.set_rf_bandwidth
                0x1000d130       0x54 ./driver/gc080x_driver/driver.o
                0x1000d130                set_rf_bandwidth
 .text.fvco_get_right_index
                0x1000d184      0x2b8 ./driver/gc080x_driver/driver.o
                0x1000d184                fvco_get_right_index
 .text.calc_lo_div
                0x1000d43c       0x7c ./driver/gc080x_driver/driver.o
                0x1000d43c                calc_lo_div
 .text.calc_tx_fsm_lo_div
                0x1000d4b8      0x17c ./driver/gc080x_driver/driver.o
                0x1000d4b8                calc_tx_fsm_lo_div
 .text.find_case_with_flo
                0x1000d634       0x88 ./driver/gc080x_driver/driver.o
                0x1000d634                find_case_with_flo
 .text.get_reg_val_from_trx_band
                0x1000d6bc       0x70 ./driver/gc080x_driver/driver.o
                0x1000d6bc                get_reg_val_from_trx_band
 .text.set_mmd  0x1000d72c      0x1d0 ./driver/gc080x_driver/driver.o
                0x1000d72c                set_mmd
 .text.set_target_cnt
                0x1000d8fc       0xd8 ./driver/gc080x_driver/driver.o
                0x1000d8fc                set_target_cnt
 .text.set_fsm_tx_target_cnt
                0x1000d9d4       0xe0 ./driver/gc080x_driver/driver.o
                0x1000d9d4                set_fsm_tx_target_cnt
 .text.timing_map_to_val
                0x1000dab4       0x34 ./driver/gc080x_driver/driver.o
                0x1000dab4                timing_map_to_val
 .text.lo_div_map_val
                0x1000dae8       0x24 ./driver/gc080x_driver/driver.o
                0x1000dae8                lo_div_map_val
 .text.tx1_c2_div_ratio
                0x1000db0c       0x50 ./driver/gc080x_driver/driver.o
                0x1000db0c                tx1_c2_div_ratio
 .text.tx1_c2_on_config
                0x1000db5c      0x148 ./driver/gc080x_driver/driver.o
                0x1000db5c                tx1_c2_on_config
 .text.tx1_c2_hw_dll_cal
                0x1000dca4      0x11c ./driver/gc080x_driver/driver.o
                0x1000dca4                tx1_c2_hw_dll_cal
 .text.tx1_c2_win_hw_cal
                0x1000ddc0       0xcc ./driver/gc080x_driver/driver.o
                0x1000ddc0                tx1_c2_win_hw_cal
 .text.tx1_c2_reload
                0x1000de8c       0xf4 ./driver/gc080x_driver/driver.o
                0x1000de8c                tx1_c2_reload
 .text.set_rx_port
                0x1000df80      0x14c ./driver/gc080x_driver/driver.o
                0x1000df80                set_rx_port
 .text.set_rx_port_man
                0x1000e0cc       0xc0 ./driver/gc080x_driver/driver.o
                0x1000e0cc                set_rx_port_man
 .text.lol_cal_update_all_gain_tia_lut
                0x1000e18c      0x1d4 ./driver/gc080x_driver/driver.o
                0x1000e18c                lol_cal_update_all_gain_tia_lut
 .text.rx_dc_offset_cal_enable
                0x1000e360       0x48 ./driver/gc080x_driver/driver.o
                0x1000e360                rx_dc_offset_cal_enable
 .text.rx_dc_offset_cal_status
                0x1000e3a8       0x68 ./driver/gc080x_driver/driver.o
                0x1000e3a8                rx_dc_offset_cal_status
 .text.rx_dc_offset_cal_enable_ext
                0x1000e410       0x50 ./driver/gc080x_driver/driver.o
                0x1000e410                rx_dc_offset_cal_enable_ext
 .text.rx_get_adc_offset
                0x1000e460      0x1b0 ./driver/gc080x_driver/driver.o
                0x1000e460                rx_get_adc_offset
 .text.handle_rx_dc_offset_cal_v2.constprop.0
                0x1000e610      0x2b0 ./driver/gc080x_driver/driver.o
 .text.get_offset_value_v2.isra.0
                0x1000e8c0       0xdc ./driver/gc080x_driver/driver.o
 .text.handle_rx_dc_offset_cal_v3.constprop.0
                0x1000e99c      0x37c ./driver/gc080x_driver/driver.o
 .text.do_rx_dc_offset_cal
                0x1000ed18      0x28c ./driver/gc080x_driver/driver.o
                0x1000ed18                do_rx_dc_offset_cal
 .text.handle_rx_dc_offset_cal
                0x1000efa4       0x1c ./driver/gc080x_driver/driver.o
                0x1000efa4                handle_rx_dc_offset_cal
 .text.rx_dc_offset_cal_update_all_gain_tia_lut
                0x1000efc0      0x10c ./driver/gc080x_driver/driver.o
                0x1000efc0                rx_dc_offset_cal_update_all_gain_tia_lut
 .text.rx_dc_offset_cal_update_bq_lut
                0x1000f0cc      0x114 ./driver/gc080x_driver/driver.o
                0x1000f0cc                rx_dc_offset_cal_update_bq_lut
 .text.rx_dc_offset_cal_in_v2
                0x1000f1e0     0x162c ./driver/gc080x_driver/driver.o
 .text.rx_dc_offset_cal_in
                0x1001080c      0x6ec ./driver/gc080x_driver/driver.o
                0x1001080c                rx_dc_offset_cal_in
 .text.get_offset_by_code_v3
                0x10010ef8      0x1a0 ./driver/gc080x_driver/driver.o
                0x10010ef8                get_offset_by_code_v3
 .text.get_offset_value_v3.isra.0
                0x10011098      0x1b8 ./driver/gc080x_driver/driver.o
 .text.rx_dc_offset_cal_in_v3
                0x10011250     0x18fc ./driver/gc080x_driver/driver.o
 .text.get_imbalance_inBand
                0x10012b4c       0xc0 ./driver/gc080x_driver/driver.o
                0x10012b4c                get_imbalance_inBand
 .text.get_goertzle_power
                0x10012c0c      0x148 ./driver/gc080x_driver/driver.o
                0x10012c0c                get_goertzle_power
 .text.rx_bw_cal_get_goertzle_power
                0x10012d54       0xfc ./driver/gc080x_driver/driver.o
                0x10012d54                rx_bw_cal_get_goertzle_power
 .text.confim_rx_bw_cal_value
                0x10012e50      0x194 ./driver/gc080x_driver/driver.o
                0x10012e50                confim_rx_bw_cal_value
 .text.do_rx_bw_cal
                0x10012fe4      0x250 ./driver/gc080x_driver/driver.o
                0x10012fe4                do_rx_bw_cal
 .text.if_loopback_rxfe_off
                0x10013234       0xb4 ./driver/gc080x_driver/driver.o
                0x10013234                if_loopback_rxfe_off
 .text.rx_bw_config_tone_tx
                0x100132e8       0xe0 ./driver/gc080x_driver/driver.o
                0x100132e8                rx_bw_config_tone_tx
 .text.init_ctune
                0x100133c8      0x1ac ./driver/gc080x_driver/driver.o
                0x100133c8                init_ctune
 .text.real_time_update_tx_qec
                0x10013574       0xe0 ./driver/gc080x_driver/driver.o
                0x10013574                real_time_update_tx_qec
 .text.set_tx_atten_cfg
                0x10013654       0xe4 ./driver/gc080x_driver/driver.o
                0x10013654                set_tx_atten_cfg
 .text.set_tx_atten
                0x10013738      0x220 ./driver/gc080x_driver/driver.o
                0x10013738                set_tx_atten
 .text.set_tx_atten_ext
                0x10013958      0x118 ./driver/gc080x_driver/driver.o
                0x10013958                set_tx_atten_ext
 .text.rx_mgc_gain
                0x10013a70      0x210 ./driver/gc080x_driver/driver.o
                0x10013a70                rx_mgc_gain
 .text.rx_mgc_max_gain
                0x10013c80       0x2c ./driver/gc080x_driver/driver.o
                0x10013c80                rx_mgc_max_gain
 .text.rxgain_force_valid_config
                0x10013cac       0x5c ./driver/gc080x_driver/driver.o
                0x10013cac                rxgain_force_valid_config
 .text.read_lut_word
                0x10013d08      0x13c ./driver/gc080x_driver/driver.o
                0x10013d08                read_lut_word
 .text.config_sxtrx
                0x10013e44      0x168 ./driver/gc080x_driver/driver.o
                0x10013e44                config_sxtrx
 .text.sxtx_fcal_and_on
                0x10013fac      0x21c ./driver/gc080x_driver/driver.o
                0x10013fac                sxtx_fcal_and_on
 .text.tx1_band_selection_c2
                0x100141c8       0xb0 ./driver/gc080x_driver/driver.o
                0x100141c8                tx1_band_selection_c2
 .text.write_lut_word
                0x10014278      0x138 ./driver/gc080x_driver/driver.o
                0x10014278                write_lut_word
 .text.write_tx_qec_lol_cal_word_chn
                0x100143b0       0xb4 ./driver/gc080x_driver/driver.o
                0x100143b0                write_tx_qec_lol_cal_word_chn
 .text.write_lut_byte.constprop.0
                0x10014464       0x7c ./driver/gc080x_driver/driver.o
 .text.set_tx_atten_chn
                0x100144e0      0x400 ./driver/gc080x_driver/driver.o
                0x100144e0                set_tx_atten_chn
 .text.rx_bw_lut_update
                0x100148e0      0x110 ./driver/gc080x_driver/driver.o
                0x100148e0                rx_bw_lut_update
 .text.rx_bw_cal
                0x100149f0      0x7d4 ./driver/gc080x_driver/driver.o
                0x100149f0                rx_bw_cal
 .text.trx_bw_lut_load
                0x100151c4      0x390 ./driver/gc080x_driver/driver.o
                0x100151c4                trx_bw_lut_load
 .text.set_tx_port
                0x10015554      0x154 ./driver/gc080x_driver/driver.o
                0x10015554                set_tx_port
 .text.rxqec_cal
                0x100156a8      0x1dc ./driver/gc080x_driver/driver.o
                0x100156a8                rxqec_cal
 .text.txqec_cal_rflp
                0x10015884      0x330 ./driver/gc080x_driver/driver.o
                0x10015884                txqec_cal_rflp
 .text.map_to_data_mode
                0x10015bb4       0xe4 ./driver/gc080x_driver/driver.o
                0x10015bb4                map_to_data_mode
 .text.user_map_to_standard
                0x10015c98       0x24 ./driver/gc080x_driver/driver.o
                0x10015c98                user_map_to_standard
 .text.digital_init
                0x10015cbc      0x4a4 ./driver/gc080x_driver/driver.o
                0x10015cbc                digital_init
 .text.wait_init
                0x10016160       0xa8 ./driver/gc080x_driver/driver.o
                0x10016160                wait_init
 .text.fsm_init
                0x10016208       0x60 ./driver/gc080x_driver/driver.o
                0x10016208                fsm_init
 .text.manual_enable
                0x10016268       0xa0 ./driver/gc080x_driver/driver.o
                0x10016268                manual_enable
 .text.fdd_wait_to_alert
                0x10016308       0x2c ./driver/gc080x_driver/driver.o
                0x10016308                fdd_wait_to_alert
 .text.fdd_alert_to_fsm
                0x10016334       0x2c ./driver/gc080x_driver/driver.o
                0x10016334                fdd_alert_to_fsm
 .text.core2_s7_s8_s10_s11_s12_bypass
                0x10016360       0x68 ./driver/gc080x_driver/driver.o
                0x10016360                core2_s7_s8_s10_s11_s12_bypass
 .text.testmux_clear
                0x100163c8       0x6c ./driver/gc080x_driver/driver.o
                0x100163c8                testmux_clear
 .text.tx_dc_offset_cal
                0x10016434      0x5dc ./driver/gc080x_driver/driver.o
                0x10016434                tx_dc_offset_cal
 .text.misc_init
                0x10016a10       0xbc ./driver/gc080x_driver/driver.o
                0x10016a10                misc_init
 .text.test_voff_get
                0x10016acc      0x20c ./driver/gc080x_driver/driver.o
                0x10016acc                test_voff_get
 .text.test_voff_get_ext
                0x10016cd8      0x224 ./driver/gc080x_driver/driver.o
                0x10016cd8                test_voff_get_ext
 .text.test_mt_auxadc
                0x10016efc      0x250 ./driver/gc080x_driver/driver.o
                0x10016efc                test_mt_auxadc
 .text.sxtrx_lock_status
                0x1001714c      0x158 ./driver/gc080x_driver/driver.o
                0x1001714c                sxtrx_lock_status
 .text.sxtrx_fcal_sw_cal_v2
                0x100172a4      0x474 ./driver/gc080x_driver/driver.o
                0x100172a4                sxtrx_fcal_sw_cal_v2
 .text.get_syspll_status
                0x10017718      0x210 ./driver/gc080x_driver/driver.o
                0x10017718                get_syspll_status
 .text.set_trx_lo
                0x10017928      0x904 ./driver/gc080x_driver/driver.o
                0x10017928                set_trx_lo
 .text.sx_cal_lut_update
                0x1001822c      0x23c ./driver/gc080x_driver/driver.o
                0x1001822c                sx_cal_lut_update
 .text.sxrx_band_fsm
                0x10018468      0x798 ./driver/gc080x_driver/driver.o
                0x10018468                sxrx_band_fsm
 .text.sxtx_band_fsm
                0x10018c00      0xb7c ./driver/gc080x_driver/driver.o
                0x10018c00                sxtx_band_fsm
 .text.lo_leakage_cal
                0x1001977c      0x948 ./driver/gc080x_driver/driver.o
                0x1001977c                lo_leakage_cal
 .text.rx_dc_offset_cal_v2
                0x1001a0c4      0x1d4 ./driver/gc080x_driver/driver.o
                0x1001a0c4                rx_dc_offset_cal_v2
 .text.rx_dc_offset_cal_v3
                0x1001a298      0x1d4 ./driver/gc080x_driver/driver.o
                0x1001a298                rx_dc_offset_cal_v3
 .text.rx_dc_offset_cal
                0x1001a46c      0x1f8 ./driver/gc080x_driver/driver.o
                0x1001a46c                rx_dc_offset_cal
 .text.inbalance_cal_with_rx_band_selection
                0x1001a664       0x38 ./driver/gc080x_driver/driver.o
                0x1001a664                inbalance_cal_with_rx_band_selection
 .text.inbalance_cal_with_tx_band_selection
                0x1001a69c       0x38 ./driver/gc080x_driver/driver.o
                0x1001a69c                inbalance_cal_with_tx_band_selection
 .text.inbalance_cal_with_G0
                0x1001a6d4      0x6ec ./driver/gc080x_driver/driver.o
                0x1001a6d4                inbalance_cal_with_G0
 .text.inbalance_cal_with_G2
                0x1001adc0      0x5d0 ./driver/gc080x_driver/driver.o
                0x1001adc0                inbalance_cal_with_G2
 .text.inbalance_cal
                0x1001b390      0x694 ./driver/gc080x_driver/driver.o
                0x1001b390                inbalance_cal
 .text.rf_ana_init
                0x1001ba24      0x1dc ./driver/gc080x_driver/main_init.o
 .text.band_dep_calibr_phase_of_switch_bandwidth
                0x1001bc00      0x70c ./driver/gc080x_driver/main_init.o
 .text.do_tx_atten_change
                0x1001c30c       0xd8 ./driver/gc080x_driver/main_init.o
 .text.do_rx_gain_ctrl_set.isra.0
                0x1001c3e4       0x60 ./driver/gc080x_driver/main_init.o
 .text.band_dep_calibr_phase_of_bandwidth_calflag_clr
                0x1001c444       0x68 ./driver/gc080x_driver/main_init.o
                0x1001c444                band_dep_calibr_phase_of_bandwidth_calflag_clr
 .text.band_dep_calibr_phase_of_bandwidth_calflag_set
                0x1001c4ac       0xc4 ./driver/gc080x_driver/main_init.o
                0x1001c4ac                band_dep_calibr_phase_of_bandwidth_calflag_set
 .text.bybrid_mode_cal_switch
                0x1001c570       0x74 ./driver/gc080x_driver/main_init.o
                0x1001c570                bybrid_mode_cal_switch
 .text.band_dep_calibr
                0x1001c5e4      0x364 ./driver/gc080x_driver/main_init.o
 .text.fsm_status_prepare
                0x1001c948      0x2f8 ./driver/gc080x_driver/main_init.o
 .text.fsm_status_get_only
                0x1001cc40       0x9c ./driver/gc080x_driver/main_init.o
                0x1001cc40                fsm_status_get_only
 .text.fsm_status_get
                0x1001ccdc      0x100 ./driver/gc080x_driver/main_init.o
                0x1001ccdc                fsm_status_get
 .text.rx_gain_mgc_change
                0x1001cddc       0xc4 ./driver/gc080x_driver/main_init.o
                0x1001cddc                rx_gain_mgc_change
 .text.fsm_status_enter
                0x1001cea0      0x3d8 ./driver/gc080x_driver/main_init.o
 .text.trx_lo_change
                0x1001d278      0x150 ./driver/gc080x_driver/main_init.o
                0x1001d278                trx_lo_change
 .text.fn_rx_set_dc_remove_ena.part.0
                0x1001d3c8       0x4c ./driver/gc080x_driver/qec_common.o
 .text.fn_rx_set_dc_remove_ena
                0x1001d414       0x5c ./driver/gc080x_driver/qec_common.o
                0x1001d414                fn_rx_set_dc_remove_ena
 .text.fn_rx_get_adc_offset
                0x1001d470      0x198 ./driver/gc080x_driver/qec_common.o
                0x1001d470                fn_rx_get_adc_offset
 .text.fn_rx_get_adc_power
                0x1001d608      0x1c0 ./driver/gc080x_driver/qec_common.o
                0x1001d608                fn_rx_get_adc_power
 .text.fn_tx_set_dc_manual
                0x1001d7c8       0xc8 ./driver/gc080x_driver/qec_common.o
                0x1001d7c8                fn_tx_set_dc_manual
 .text.fn_tx_set_dc_manual_ena
                0x1001d890       0xb8 ./driver/gc080x_driver/qec_common.o
                0x1001d890                fn_tx_set_dc_manual_ena
 .text.fn_cal_inverse_dft32_point
                0x1001d948      0x1e4 ./driver/gc080x_driver/qec_common.o
                0x1001d948                fn_cal_inverse_dft32_point
 .text.fn_get_quad_ph_err_deg
                0x1001db2c      0x370 ./driver/gc080x_driver/qec_common.o
                0x1001db2c                fn_get_quad_ph_err_deg
 .text.fn_float_add
                0x1001de9c       0xd4 ./driver/gc080x_driver/qec_common.o
                0x1001de9c                fn_float_add
 .text.fn_float_mul
                0x1001df70       0x8c ./driver/gc080x_driver/qec_common.o
                0x1001df70                fn_float_mul
 .text.fn_float_div
                0x1001dffc       0xb4 ./driver/gc080x_driver/qec_common.o
                0x1001dffc                fn_float_div
 .text.fn_rx_ana_offset_cal_V2
                0x1001e0b0      0x480 ./driver/gc080x_driver/qec_common.o
                0x1001e0b0                fn_rx_ana_offset_cal_V2
 .text.fn_rx_get_mixer_port
                0x1001e530       0xd8 ./driver/gc080x_driver/qec_common.o
                0x1001e530                fn_rx_get_mixer_port
 .text.fn_rf_loop_back_ena
                0x1001e608      0x540 ./driver/gc080x_driver/qec_common.o
                0x1001e608                fn_rf_loop_back_ena
 .text.fn_rx_ana_set_gain
                0x1001eb48      0x270 ./driver/gc080x_driver/qec_common.o
                0x1001eb48                fn_rx_ana_set_gain
 .text.fn_rf_loop_back_lg_ena
                0x1001edb8      0x1f4 ./driver/gc080x_driver/qec_common.o
                0x1001edb8                fn_rf_loop_back_lg_ena
 .text.fn_connect_rxlo_to_sxrx
                0x1001efac      0x2ac ./driver/gc080x_driver/qec_common.o
                0x1001efac                fn_connect_rxlo_to_sxrx
 .text.fn_recovery_txlo_to_sxrx
                0x1001f258       0x9c ./driver/gc080x_driver/qec_common.o
                0x1001f258                fn_recovery_txlo_to_sxrx
 .text.fn_tx_hbf_reset
                0x1001f2f4       0x84 ./driver/gc080x_driver/qec_common.o
                0x1001f2f4                fn_tx_hbf_reset
 .text.txqec_diag_info_init
                0x1001f378      0x104 ./driver/gc080x_driver/qec_common.o
                0x1001f378                txqec_diag_info_init
 .text.txlol_diag_info_init
                0x1001f47c       0xfc ./driver/gc080x_driver/qec_common.o
                0x1001f47c                txlol_diag_info_init
 .text.rxqec_diag_info_init
                0x1001f578      0x100 ./driver/gc080x_driver/qec_common.o
                0x1001f578                rxqec_diag_info_init
 .text.rxqec_diag_info_free
                0x1001f678       0x4c ./driver/gc080x_driver/qec_common.o
                0x1001f678                rxqec_diag_info_free
 .text.txqec_diag_info_free
                0x1001f6c4       0x4c ./driver/gc080x_driver/qec_common.o
                0x1001f6c4                txqec_diag_info_free
 .text.txlol_diag_info_free
                0x1001f710       0x4c ./driver/gc080x_driver/qec_common.o
                0x1001f710                txlol_diag_info_free
 .text.fn_open_loop_back
                0x1001f75c      0x86c ./driver/gc080x_driver/qec_common.o
                0x1001f75c                fn_open_loop_back
 .text.fn_close_loop_back
                0x1001ffc8       0x64 ./driver/gc080x_driver/qec_common.o
                0x1001ffc8                fn_close_loop_back
 .text.fn_lpf_index_auto_change
                0x1002002c      0x140 ./driver/gc080x_driver/qec_common.o
                0x1002002c                fn_lpf_index_auto_change
 .text.fn_tx_qec_diag_print
                0x1002016c      0x66c ./driver/gc080x_driver/qec_common.o
                0x1002016c                fn_tx_qec_diag_print
 .text.fn_tx_lol_diag_print
                0x100207d8      0x650 ./driver/gc080x_driver/qec_common.o
                0x100207d8                fn_tx_lol_diag_print
 .text.fn_cal_irr
                0x10020e28      0x2f8 ./driver/gc080x_driver/qec_common.o
                0x10020e28                fn_cal_irr
 .text.fn_rx_qec_diag_print
                0x10021120      0x930 ./driver/gc080x_driver/qec_common.o
                0x10021120                fn_rx_qec_diag_print
 .text.rxqec_diag_info_diag
                0x10021a50      0x890 ./driver/gc080x_driver/qec_common.o
                0x10021a50                rxqec_diag_info_diag
 .text.simple_sort
                0x100222e0       0x48 ./driver/gc080x_driver/utility.o
                0x100222e0                simple_sort
 .text.my_memset
                0x10022328       0x20 ./driver/gc080x_driver/utility.o
                0x10022328                my_memset
 .text.get_right_index
                0x10022348       0xa0 ./driver/gc080x_driver/utility.o
                0x10022348                get_right_index
 .text.IntAbs   0x100223e8       0x20 ./driver/gc080x_driver/utility.o
                0x100223e8                IntAbs
 .text.my_log2  0x10022408       0x24 ./driver/gc080x_driver/utility.o
                0x10022408                my_log2
 .text.get_round_case
                0x1002242c       0x54 ./driver/gc080x_driver/utility.o
                0x1002242c                get_round_case
 .text.get_round_case_short
                0x10022480       0x14 ./driver/gc080x_driver/utility.o
                0x10022480                get_round_case_short
 .text.do_div   0x10022494       0x70 ./driver/gc080x_driver/utility.o
                0x10022494                do_div
 .text.DIG_LDO_CFG
                0x10022504        0x8 ./driver/gc080x_driver/digtal.o
                0x10022504                DIG_LDO_CFG
 .text.DIG_FIR_FILTER_CFG_WITH_MANUAL
                0x1002250c       0x54 ./driver/gc080x_driver/digtal.o
                0x1002250c                DIG_FIR_FILTER_CFG_WITH_MANUAL
 .text.DIG_RX_FILTER_CFG
                0x10022560      0x1e4 ./driver/gc080x_driver/digtal.o
                0x10022560                DIG_RX_FILTER_CFG
 .text.DIG_TX_FILTER_CFG
                0x10022744      0x1d8 ./driver/gc080x_driver/digtal.o
                0x10022744                DIG_TX_FILTER_CFG
 .text.DIG_INTF_CFG
                0x1002291c      0x148 ./driver/gc080x_driver/digtal.o
                0x1002291c                DIG_INTF_CFG
 .text.DIG_ENSM_CFG
                0x10022a64      0x1b8 ./driver/gc080x_driver/digtal.o
                0x10022a64                DIG_ENSM_CFG
 .text.DIG_INTF_CLK_CFG
                0x10022c1c       0xe4 ./driver/gc080x_driver/digtal.o
                0x10022c1c                DIG_INTF_CLK_CFG
 .text.DIG_CHAN_ENA
                0x10022d00       0x88 ./driver/gc080x_driver/digtal.o
                0x10022d00                DIG_CHAN_ENA
 .text.ENSM_MANAUL_ENA
                0x10022d88      0x170 ./driver/gc080x_driver/digtal.o
                0x10022d88                ENSM_MANAUL_ENA
 .text.DIG_SOFT_RST_N
                0x10022ef8      0x108 ./driver/gc080x_driver/digtal.o
                0x10022ef8                DIG_SOFT_RST_N
 .text.ana_manual_on
                0x10023000      0x154 ./driver/gc080x_driver/transceiver_api.o
                0x10023000                ana_manual_on
 .text.rxadc_init
                0x10023154       0x8c ./driver/gc080x_driver/transceiver_api.o
                0x10023154                rxadc_init
 .text.rx1adc_weight_init
                0x100231e0      0x40c ./driver/gc080x_driver/transceiver_api.o
                0x100231e0                rx1adc_weight_init
 .text.rx2adc_weight_init
                0x100235ec      0x40c ./driver/gc080x_driver/transceiver_api.o
                0x100235ec                rx2adc_weight_init
 .text.force_wait
                0x100239f8       0xb8 ./driver/gc080x_driver/transceiver_api.o
                0x100239f8                force_wait
 .text.xo_fc_off
                0x10023ab0       0x20 ./driver/gc080x_driver/transceiver_api.o
                0x10023ab0                xo_fc_off
 .text.cm_fc_off
                0x10023ad0       0x24 ./driver/gc080x_driver/transceiver_api.o
                0x10023ad0                cm_fc_off
 .text.auxadcctrl_backup
                0x10023af4      0x194 ./driver/gc080x_driver/transceiver_api.o
                0x10023af4                auxadcctrl_backup
 .text.auxadcctrl_recover
                0x10023c88      0x1ec ./driver/gc080x_driver/transceiver_api.o
                0x10023c88                auxadcctrl_recover
 .text.auxadc1_reset
                0x10023e74       0xbc ./driver/gc080x_driver/transceiver_api.o
                0x10023e74                auxadc1_reset
 .text.auxadc2_reset
                0x10023f30       0xbc ./driver/gc080x_driver/transceiver_api.o
                0x10023f30                auxadc2_reset
 .text.get_auxadc_calc_val
                0x10023fec      0x124 ./driver/gc080x_driver/transceiver_api.o
                0x10023fec                get_auxadc_calc_val
 .text.tx_dc_offset_cal_with_auxadc
                0x10024110      0x3e4 ./driver/gc080x_driver/transceiver_api.o
                0x10024110                tx_dc_offset_cal_with_auxadc
 .text.auxadccal_transfer
                0x100244f4       0x98 ./driver/gc080x_driver/transceiver_api.o
                0x100244f4                auxadccal_transfer
 .text.GCTRL_SETUP_DELAY_CFG
                0x1002458c       0x84 ./driver/gc080x_driver/gctrl.o
                0x1002458c                GCTRL_SETUP_DELAY_CFG
 .text.GCTRL_EXT_LNA_CFG
                0x10024610      0x104 ./driver/gc080x_driver/gctrl.o
                0x10024610                GCTRL_EXT_LNA_CFG
 .text.GCTRL_FULL_TABLE_SET_CONTENT
                0x10024714       0xe4 ./driver/gc080x_driver/gctrl.o
                0x10024714                GCTRL_FULL_TABLE_SET_CONTENT
 .text.GCTRL_FULL_TABLE_SET_MAX_INDEX
                0x100247f8       0x34 ./driver/gc080x_driver/gctrl.o
                0x100247f8                GCTRL_FULL_TABLE_SET_MAX_INDEX
 .text.GCTRL_FULL_TABLE_SET_INIT_INDEX
                0x1002482c       0x34 ./driver/gc080x_driver/gctrl.o
                0x1002482c                GCTRL_FULL_TABLE_SET_INIT_INDEX
 .text.GCTRL_FULL_TABLE_RPT_CONTENT
                0x10024860       0xec ./driver/gc080x_driver/gctrl.o
                0x10024860                GCTRL_FULL_TABLE_RPT_CONTENT
 .text.GCTRL_FULL_TABLE_CFG
                0x1002494c       0x94 ./driver/gc080x_driver/gctrl.o
                0x1002494c                GCTRL_FULL_TABLE_CFG
 .text.GCTRL_SPLIT_TABLE_CFG
                0x100249e0       0xd8 ./driver/gc080x_driver/gctrl.o
                0x100249e0                GCTRL_SPLIT_TABLE_CFG
 .text.GCTRL_DIG_AGC_ENA
                0x10024ab8       0xb8 ./driver/gc080x_driver/gctrl.o
                0x10024ab8                GCTRL_DIG_AGC_ENA
 .text.GCTRL_HBF_LPWR_DET_CFG
                0x10024b70      0x114 ./driver/gc080x_driver/gctrl.o
                0x10024b70                GCTRL_HBF_LPWR_DET_CFG
 .text.GCTRL_HBF_PWR_MEAS_CFG
                0x10024c84       0xac ./driver/gc080x_driver/gctrl.o
                0x10024c84                GCTRL_HBF_PWR_MEAS_CFG
 .text.GCTRL_HBF_OVF_DET_CFG
                0x10024d30       0x9c ./driver/gc080x_driver/gctrl.o
                0x10024d30                GCTRL_HBF_OVF_DET_CFG
 .text.GCTRL_ADC_PDT_CFG
                0x10024dcc      0x1d8 ./driver/gc080x_driver/gctrl.o
                0x10024dcc                GCTRL_ADC_PDT_CFG
 .text.GCTRL_BASIC_CFG
                0x10024fa4       0x90 ./driver/gc080x_driver/gctrl.o
                0x10024fa4                GCTRL_BASIC_CFG
 .text.GCTRL_SLOW_AGC_CFG
                0x10025034      0x39c ./driver/gc080x_driver/gctrl.o
                0x10025034                GCTRL_SLOW_AGC_CFG
 .text.GCTRL_FAST_AGC_CFG
                0x100253d0      0x388 ./driver/gc080x_driver/gctrl.o
                0x100253d0                GCTRL_FAST_AGC_CFG
 .text.GCTRL_MGC_CFGG
                0x10025758       0xd8 ./driver/gc080x_driver/gctrl.o
                0x10025758                GCTRL_MGC_CFGG
 .text.GCTRL_ANA_PEAK_DETECT_ENABLE
                0x10025830      0x274 ./driver/gc080x_driver/gctrl.o
                0x10025830                GCTRL_ANA_PEAK_DETECT_ENABLE
 .text.GCTRL_LMT_PDT_CFG
                0x10025aa4      0x1a0 ./driver/gc080x_driver/gctrl.o
                0x10025aa4                GCTRL_LMT_PDT_CFG
 .text.GCTRL_DEFAULT_CFG
                0x10025c44       0xb8 ./driver/gc080x_driver/gctrl.o
                0x10025c44                GCTRL_DEFAULT_CFG
 .text.GCTRL_CFG
                0x10025cfc      0x22c ./driver/gc080x_driver/gctrl.o
                0x10025cfc                GCTRL_CFG
 .text.GCTRL_DEMO_MGC_SPI_MODE
                0x10025f28       0x68 ./driver/gc080x_driver/gctrl.o
                0x10025f28                GCTRL_DEMO_MGC_SPI_MODE
 .text.GCTRL_DEMO_MGC_PIN_MODE
                0x10025f90       0x6c ./driver/gc080x_driver/gctrl.o
                0x10025f90                GCTRL_DEMO_MGC_PIN_MODE
 .text.GCTRL_DEMO_AGC_SLOW
                0x10025ffc       0x80 ./driver/gc080x_driver/gctrl.o
                0x10025ffc                GCTRL_DEMO_AGC_SLOW
 .text.GCTRL_DEMO_AGC_FAST_HHH
                0x1002607c      0x190 ./driver/gc080x_driver/gctrl.o
                0x1002607c                GCTRL_DEMO_AGC_FAST_HHH
 .text.dw_spi_disable
                0x1002620c       0x10 ./driver/bsp/dw_spi/spi.o
 .text.spi_send
                0x1002621c       0xdc ./driver/bsp/dw_spi/spi.o
                0x1002621c                spi_send
 .text.spi_send_receive
                0x100262f8       0xfc ./driver/bsp/dw_spi/spi.o
                0x100262f8                spi_send_receive
 .text          0x100263f4      0x908 /server17/ic/opt-riscv32-glibc-ima/sysroot/usr/lib/libm.a(e_log.o)
                0x100263f4                log
                0x100263f4                __log
                0x100263f4                logf32x
                0x100263f4                logf64
                0x100263f4                __ieee754_log
 .text          0x10026cfc     0x13ac /server17/ic/opt-riscv32-glibc-ima/sysroot/usr/lib/libm.a(e_pow.o)
                0x10026cfc                __pow
                0x10026cfc                powf32x
                0x10026cfc                __ieee754_pow
                0x10026cfc                pow
                0x10026cfc                powf64
 .text          0x100280a8        0xc /server17/ic/opt-riscv32-glibc-ima/sysroot/usr/lib/libm.a(s_fabs.o)
                0x100280a8                fabs
                0x100280a8                fabsf32x
                0x100280a8                fabsf64
                0x100280a8                __fabs
 .text          0x100280b4      0x178 /server17/ic/opt-riscv32-glibc-ima/sysroot/usr/lib/libm.a(s_floor.o)
                0x100280b4                floor
                0x100280b4                __floor
                0x100280b4                floorf32x
                0x100280b4                floorf64
 .text          0x1002822c     0x34e8 /server17/ic/opt-riscv32-glibc-ima/sysroot/usr/lib/libm.a(s_sin.o)
                0x1002822c                sin
                0x1002822c                __sin
                0x1002822c                sinf32x
                0x1002822c                sinf64
                0x10029c3c                cos
                0x10029c3c                __cos
                0x10029c3c                cosf64
                0x10029c3c                cosf32x
 .text          0x1002b714     0x2d6c /server17/ic/opt-riscv32-glibc-ima/sysroot/usr/lib/libm.a(s_tan.o)
                0x1002b714                tanf32x
                0x1002b714                tanf64
                0x1002b714                tan
                0x1002b714                __tan
 .text          0x1002e480      0x188 /server17/ic/opt-riscv32-glibc-ima/sysroot/usr/lib/libm.a(s_round.o)
                0x1002e480                round
                0x1002e480                roundf32x
                0x1002e480                roundf64
                0x1002e480                __round
 .text          0x1002e608      0x148 /server17/ic/opt-riscv32-glibc-ima/sysroot/usr/lib/libm.a(w_atan2.o)
                0x1002e608                __atan2
                0x1002e608                atan2
                0x1002e608                atan2f32x
                0x1002e608                atan2f64
 .text          0x1002e750       0xc8 /server17/ic/opt-riscv32-glibc-ima/sysroot/usr/lib/libm.a(w_log10.o)
                0x1002e750                log10f64
                0x1002e750                __log10
                0x1002e750                log10
                0x1002e750                log10f32x
 .text          0x1002e818       0x9c /server17/ic/opt-riscv32-glibc-ima/sysroot/usr/lib/libm.a(w_sqrt.o)
                0x1002e818                sqrt
                0x1002e818                sqrtf64
                0x1002e818                __sqrt
                0x1002e818                sqrtf32x
                0x1002e818                f32xsqrtf64
 .text          0x1002e8b4      0xe1c /server17/ic/opt-riscv32-glibc-ima/sysroot/usr/lib/libm.a(branred.o)
                0x1002e8b4                __branred
 .text          0x1002f6d0      0x358 /server17/ic/opt-riscv32-glibc-ima/sysroot/usr/lib/libm.a(math_err.o)
                0x1002f72c                __math_edom
                0x1002f734                __math_uflow
                0x1002f748                __math_may_uflow
                0x1002f75c                __math_oflow
                0x1002f770                __math_divzero
                0x1002f7cc                __math_invalid
                0x1002f8b0                __math_check_uflow
                0x1002f934                __math_check_oflow
 .text          0x1002fa28        0x8 /server17/ic/opt-riscv32-glibc-ima/sysroot/usr/lib/libm.a(feupdateenv.o)
                0x1002fa28                __feupdateenv
                0x1002fa28                feupdateenv
 .text          0x1002fa30     0x25f0 /server17/ic/opt-riscv32-glibc-ima/sysroot/usr/lib/libm.a(e_atan2.o)
                0x1002fa30                __ieee754_atan2
 .text          0x10032020      0x224 /server17/ic/opt-riscv32-glibc-ima/sysroot/usr/lib/libm.a(e_log10.o)
                0x10032020                __ieee754_log10
 .text          0x10032244      0xa94 /server17/ic/opt-riscv32-glibc-ima/sysroot/usr/lib/libm.a(e_sqrt.o)
                0x10032244                __ieee754_sqrt
 .text          0x10032cd8        0x8 /server17/ic/opt-riscv32-glibc-ima/sysroot/usr/lib/libm.a(fegetround.o)
                0x10032cd8                fegetround
                0x10032cd8                __fegetround
 .text          0x10032ce0        0x8 /server17/ic/opt-riscv32-glibc-ima/sysroot/usr/lib/libm.a(fesetround.o)
                0x10032ce0                fesetround
                0x10032ce0                __fesetround
 .text          0x10032ce8        0x8 /server17/ic/opt-riscv32-glibc-ima/sysroot/usr/lib/libm.a(feholdexcpt.o)
                0x10032ce8                __feholdexcept
                0x10032ce8                feholdexcept
 .text          0x10032cf0        0x8 /server17/ic/opt-riscv32-glibc-ima/sysroot/usr/lib/libm.a(fesetenv.o)
                0x10032cf0                fesetenv
                0x10032cf0                __fesetenv
 .text          0x10032cf8      0x8d8 /server17/ic/opt-riscv32-glibc-ima/sysroot/usr/lib/libgcc_without_rv32a.a(adddf3.o)
                0x10032cf8                __adddf3
 .text          0x100335d0      0x4bc /server17/ic/opt-riscv32-glibc-ima/sysroot/usr/lib/libgcc_without_rv32a.a(addsf3.o)
                0x100335d0                __addsf3
 .text          0x10033a8c      0x7bc /server17/ic/opt-riscv32-glibc-ima/sysroot/usr/lib/libgcc_without_rv32a.a(divdf3.o)
                0x10033a8c                __divdf3
 .text          0x10034248      0x408 /server17/ic/opt-riscv32-glibc-ima/sysroot/usr/lib/libgcc_without_rv32a.a(divsf3.o)
                0x10034248                __divsf3
 .text          0x10034650       0x8c /server17/ic/opt-riscv32-glibc-ima/sysroot/usr/lib/libgcc_without_rv32a.a(eqdf2.o)
                0x10034650                __eqdf2
                0x10034650                __nedf2
 .text          0x100346dc       0x84 /server17/ic/opt-riscv32-glibc-ima/sysroot/usr/lib/libgcc_without_rv32a.a(fixdfsi.o)
                0x100346dc                __fixdfsi
 .text          0x10034760       0x74 /server17/ic/opt-riscv32-glibc-ima/sysroot/usr/lib/libgcc_without_rv32a.a(fixsfsi.o)
                0x10034760                __fixsfsi
 .text          0x100347d4      0x268 /server17/ic/opt-riscv32-glibc-ima/sysroot/usr/lib/libgcc_without_rv32a.a(floatdidf.o)
                0x100347d4                __floatdidf
 .text          0x10034a3c       0xc8 /server17/ic/opt-riscv32-glibc-ima/sysroot/usr/lib/libgcc_without_rv32a.a(floatsidf.o)
                0x10034a3c                __floatsidf
 .text          0x10034b04      0x118 /server17/ic/opt-riscv32-glibc-ima/sysroot/usr/lib/libgcc_without_rv32a.a(floatsisf.o)
                0x10034b04                __floatsisf
 .text          0x10034c1c       0x9c /server17/ic/opt-riscv32-glibc-ima/sysroot/usr/lib/libgcc_without_rv32a.a(floatunsidf.o)
                0x10034c1c                __floatunsidf
 .text          0x10034cb8      0x100 /server17/ic/opt-riscv32-glibc-ima/sysroot/usr/lib/libgcc_without_rv32a.a(gedf2.o)
                0x10034cb8                __gtdf2
                0x10034cb8                __gedf2
 .text          0x10034db8      0x108 /server17/ic/opt-riscv32-glibc-ima/sysroot/usr/lib/libgcc_without_rv32a.a(ledf2.o)
                0x10034db8                __ltdf2
                0x10034db8                __ledf2
 .text          0x10034ec0      0x6e0 /server17/ic/opt-riscv32-glibc-ima/sysroot/usr/lib/libgcc_without_rv32a.a(muldf3.o)
                0x10034ec0                __muldf3
 .text          0x100355a0      0x3dc /server17/ic/opt-riscv32-glibc-ima/sysroot/usr/lib/libgcc_without_rv32a.a(mulsf3.o)
                0x100355a0                __mulsf3
 .text          0x1003597c      0x918 /server17/ic/opt-riscv32-glibc-ima/sysroot/usr/lib/libgcc_without_rv32a.a(subdf3.o)
                0x1003597c                __subdf3
 .text          0x10036294       0x54 /server17/ic/opt-riscv32-glibc-ima/sysroot/usr/lib/libgcc_without_rv32a.a(unorddf2.o)
                0x10036294                __unorddf2
 .text          0x100362e8       0x34 /server17/ic/opt-riscv32-glibc-ima/sysroot/usr/lib/libgcc_without_rv32a.a(_ashldi3.o)
                0x100362e8                __ashldi3
 .text          0x1003631c       0x3c /server17/ic/opt-riscv32-glibc-ima/sysroot/usr/lib/libgcc_without_rv32a.a(_ashrdi3.o)
                0x1003631c                __ashrdi3
 .text          0x10036358       0x88 /server17/ic/opt-riscv32-glibc-ima/sysroot/usr/lib/libgcc_without_rv32a.a(_clzsi2.o)
                0x10036358                __clzsi2
 .text          0x100363e0      0x4f8 /server17/ic/opt-riscv32-glibc-ima/sysroot/usr/lib/libgcc_without_rv32a.a(_divdi3.o)
                0x100363e0                __divdi3
 .text          0x100368d8      0x4ac /server17/ic/opt-riscv32-glibc-ima/sysroot/usr/lib/libgcc_without_rv32a.a(_udivdi3.o)
                0x100368d8                __udivdi3
 .text          0x10036d84      0x46c /server17/ic/opt-riscv32-glibc-ima/sysroot/usr/lib/libgcc_without_rv32a.a(_umoddi3.o)
                0x10036d84                __umoddi3
                0x100371f0                        PROVIDE (_text_end = .)

.rodata         0x100371f0    0x120fc
                0x100371f0                        PROVIDE (_rodata_start = .)
 *(.rodata .rodata.*)
 .rodata        0x100371f0       0x38 ./src/mem.o
                0x100371f0                TEXT_START
                0x100371f4                TEXT_END
                0x100371f8                DATA_START
                0x100371fc                DATA_END
                0x10037200                RODATA_START
                0x10037204                RODATA_END
                0x10037208                RFDATA_START
                0x1003720c                RFDATA_END
                0x10037210                BSS_START
                0x10037214                BSS_END
                0x10037218                HEAP_START
                0x1003721c                HEAP_END
                0x10037220                STACK_END
                0x10037224                STACK_START
 .rodata.uart_irq_handler.str1.4
                0x10037228     0x34f8 ./lib/uart.o
                                0x1c3 (size before relaxing)
 .rodata.uart_irq_handler
                0x1003a720       0x34 ./lib/uart.o
 .rodata.cluster_interrupt_handler.str1.4
                0x1003a754       0x2f ./src/cluster.o
 .rodata.push_fifo.str1.4
                0x1003a754        0xf ./src/fifo.o
 .rodata.pop_fifo.str1.4
                0x1003a754       0x10 ./src/fifo.o
 .rodata.dmapush_fifo.str1.4
                0x1003a754       0x25 ./src/fifo.o
 .rodata.dmapop_fifo.str1.4
                0x1003a754       0x1f ./src/fifo.o
 .rodata.timer_interrupt_handler.str1.4
                0x1003a754       0x15 ./src/timer.o
 .rodata._vsnprintf.constprop.1
                0x1003a754       0x58 ./lib/printf.o
 .rodata._vsnprintf.constprop.0.isra.0
                0x1003a7ac       0x58 ./lib/printf.o
 .rodata.sprintf.str1.4
                0x1003a804       0x24 ./lib/printf.o
 .rodata.malloc.str1.4
                0x1003a804       0x34 ./lib/malloc.o
 .rodata.free.str1.4
                0x1003a804       0x1e ./lib/malloc.o
 .rodata.irq_handler.str1.4
                0x1003a804       0xfe ./src/irq.o
 .rodata.dma_interrupt_handler.str1.4
                0x1003a804       0x33 ./src/dma.o
 .rodata.dma_error_handler.str1.4
                0x1003a804       0xe4 ./src/dma.o
 .rodata.register_dag.str1.4
                0x1003a804       0x30 ./src/dagproc.o
 .rodata.calculateSNR.str1.4
                0x1003a804       0x42 ./src/fft.o
 .rodata.evaluate_snr.str1.4
                0x1003a804       0x87 ./src/fft.o
 .rodata.update_timing.str1.4
                0x1003a804       0x7e ./src/fft.o
 .rodata        0x1003a804       0xe5 src/main_nrPDCCH_2p0_slice_inputsplit1.o
 .rodata.fn_tx_qec_5tone_method_rflp.str1.4
                0x1003a8e9      0x1f0 ./driver/gc080x_driver/qec_chip.o
 *fill*         0x1003a8e9        0x3 
 .rodata.fn_tx_qec_5tone_method_rflp
                0x1003a8ec       0x1c ./driver/gc080x_driver/qec_chip.o
 .rodata.fn_rx_qec_self_calib.str1.4
                0x1003a908      0x271 ./driver/gc080x_driver/qec_chip.o
 .rodata.fn_rx_qec_cal.str1.4
                0x1003a908       0x18 ./driver/gc080x_driver/qec_chip.o
 .rodata.fn_tx_lol_5tone_method_rflp.str1.4
                0x1003a908      0x1f6 ./driver/gc080x_driver/qec_chip.o
 .rodata.fn_tx_lol_5tone_method_rflp
                0x1003a908       0x1c ./driver/gc080x_driver/qec_chip.o
 .rodata.fn_tx_qec_lol_cal_rflp.str1.4
                0x1003a924      0x30b ./driver/gc080x_driver/qec_chip.o
 .rodata.__func__.0
                0x1003a924        0xe ./driver/gc080x_driver/qec_chip.o
 *fill*         0x1003a932        0x2 
 .rodata.__func__.1
                0x1003a934       0x17 ./driver/gc080x_driver/qec_chip.o
 *fill*         0x1003a94b        0x1 
 .rodata.SIN_VALUE_25B
                0x1003a94c       0x40 ./driver/gc080x_driver/qec_chip.o
 .rodata.COS_VALUE_25B
                0x1003a98c       0x40 ./driver/gc080x_driver/qec_chip.o
 .rodata        0x1003a9cc       0x24 ./driver/gc080x_driver/qec_chip.o
 .rodata.hal_fpga_read_reg.str1.4
                0x1003a9f0       0x1d ./driver/gc080x_driver/platform.o
 .rodata.hal_fpga_write_reg.str1.4
                0x1003a9f0       0x1d ./driver/gc080x_driver/platform.o
 .rodata.hal_spi_read_reg.str1.4
                0x1003a9f0       0x18 ./driver/gc080x_driver/platform.o
 .rodata.hal_spi_write_reg.str1.4
                0x1003a9f0       0x18 ./driver/gc080x_driver/platform.o
 .rodata.HAL_CONFIG_REGS
                0x1003a9f0       0x14 ./driver/gc080x_driver/platform.o
 .rodata.rx_lvds_delay_cal.str1.4
                0x1003aa04       0xb8 ./driver/gc080x_driver/platform.o
 .rodata.tx_lvds_delay_cal.str1.4
                0x1003aa04       0x90 ./driver/gc080x_driver/platform.o
 .rodata.lvds_delay_cal.str1.4
                0x1003aa04       0x26 ./driver/gc080x_driver/platform.o
 .rodata.__FUNCTION__.4
                0x1003aa04        0xf ./driver/gc080x_driver/platform.o
 *fill*         0x1003aa13        0x1 
 .rodata.G_REG_ARRAY_TDD_wirecontrol_TX_TO_WAIT
                0x1003aa14       0x12 ./driver/gc080x_driver/regs_init.o
                0x1003aa14                G_REG_ARRAY_TDD_wirecontrol_TX_TO_WAIT
 *fill*         0x1003aa26        0x2 
 .rodata.G_REG_ARRAY_TDD_wirecontrol_RX_TO_WAIT
                0x1003aa28       0x12 ./driver/gc080x_driver/regs_init.o
                0x1003aa28                G_REG_ARRAY_TDD_wirecontrol_RX_TO_WAIT
 *fill*         0x1003aa3a        0x2 
 .rodata.G_REG_ARRAY_TDD_wirecontrol_ALERT_TO_RX
                0x1003aa3c       0x12 ./driver/gc080x_driver/regs_init.o
                0x1003aa3c                G_REG_ARRAY_TDD_wirecontrol_ALERT_TO_RX
 *fill*         0x1003aa4e        0x2 
 .rodata.G_REG_ARRAY_TDD_wirecontrol_WAIT_TO_ALERT
                0x1003aa50       0x2a ./driver/gc080x_driver/regs_init.o
                0x1003aa50                G_REG_ARRAY_TDD_wirecontrol_WAIT_TO_ALERT
 *fill*         0x1003aa7a        0x2 
 .rodata.G_REG_ARRAY_17C_MGC_DIGITAL_CFG_MAX_GAIN
                0x1003aa7c      0x12c ./driver/gc080x_driver/regs_init.o
                0x1003aa7c                G_REG_ARRAY_17C_MGC_DIGITAL_CFG_MAX_GAIN
 .rodata.G_REG_ARRAY_DIG_RX1_mgc_start_maxium_gain
                0x1003aba8      0x12c ./driver/gc080x_driver/regs_init.o
                0x1003aba8                G_REG_ARRAY_DIG_RX1_mgc_start_maxium_gain
 .rodata.G_REG_ARRAY_DIG_3A_FSM_STATE_EN_FDD_1T1R
                0x1003acd4       0x12 ./driver/gc080x_driver/regs_init.o
                0x1003acd4                G_REG_ARRAY_DIG_3A_FSM_STATE_EN_FDD_1T1R
 *fill*         0x1003ace6        0x2 
 .rodata.G_REG_ARRAY_Wait_I_1_ANA_MANUAL_OFF
                0x1003ace8       0x7e ./driver/gc080x_driver/regs_init.o
                0x1003ace8                G_REG_ARRAY_Wait_I_1_ANA_MANUAL_OFF
 *fill*         0x1003ad66        0x2 
 .rodata.G_REG_ARRAY_Wait_H_1_DIG_MANUAL_OFF_RSNT
                0x1003ad68       0x36 ./driver/gc080x_driver/regs_init.o
                0x1003ad68                G_REG_ARRAY_Wait_H_1_DIG_MANUAL_OFF_RSNT
 *fill*         0x1003ad9e        0x2 
 .rodata.G_REG_ARRAY_Power_Up_A_2_ANA_MANUAL_ON
                0x1003ada0       0x42 ./driver/gc080x_driver/regs_init.o
                0x1003ada0                G_REG_ARRAY_Power_Up_A_2_ANA_MANUAL_ON
 *fill*         0x1003ade2        0x2 
 .rodata.G_REG_ARRAY_tx2_dc
                0x1003ade4       0x2a ./driver/gc080x_driver/regs_init.o
                0x1003ade4                G_REG_ARRAY_tx2_dc
 *fill*         0x1003ae0e        0x2 
 .rodata.G_REG_ARRAY_tx1_dc
                0x1003ae10       0x2a ./driver/gc080x_driver/regs_init.o
                0x1003ae10                G_REG_ARRAY_tx1_dc
 *fill*         0x1003ae3a        0x6 
 .rodata.g_sx_cal_vco_e1
                0x1003ae40     0x1000 ./driver/gc080x_driver/common.o
                0x1003ae40                g_sx_cal_vco_e1
 .rodata.g_sx_cal_vco_d2
                0x1003be40     0x1000 ./driver/gc080x_driver/common.o
                0x1003be40                g_sx_cal_vco_d2
 .rodata.g_sx_cal_vco_d1
                0x1003ce40     0x1000 ./driver/gc080x_driver/common.o
                0x1003ce40                g_sx_cal_vco_d1
 .rodata.g_sx_config_vco_e1
                0x1003de40      0x238 ./driver/gc080x_driver/common.o
                0x1003de40                g_sx_config_vco_e1
 .rodata.g_sx_config_vco_d2
                0x1003e078      0x238 ./driver/gc080x_driver/common.o
                0x1003e078                g_sx_config_vco_d2
 .rodata.g_sx_config_vco_d1
                0x1003e2b0      0x238 ./driver/gc080x_driver/common.o
                0x1003e2b0                g_sx_config_vco_d1
 .rodata.g_band_bbrate
                0x1003e4e8       0x24 ./driver/gc080x_driver/common.o
                0x1003e4e8                g_band_bbrate
 .rodata.g_band_ctune_init
                0x1003e50c       0x24 ./driver/gc080x_driver/common.o
                0x1003e50c                g_band_ctune_init
 .rodata.g_3db_band
                0x1003e530       0x24 ./driver/gc080x_driver/common.o
                0x1003e530                g_3db_band
 .rodata.g_bandwith
                0x1003e554       0x24 ./driver/gc080x_driver/common.o
                0x1003e554                g_bandwith
 .rodata.g_data_rate
                0x1003e578      0x480 ./driver/gc080x_driver/common.o
                0x1003e578                g_data_rate
 .rodata.g_trx_sample_rate_table
                0x1003e9f8      0x280 ./driver/gc080x_driver/common.o
                0x1003e9f8                g_trx_sample_rate_table
 .rodata.g_rx_bw_regs
                0x1003ec78       0x36 ./driver/gc080x_driver/common.o
                0x1003ec78                g_rx_bw_regs
 *fill*         0x1003ecae        0x2 
 .rodata.g_tx_bw_regs
                0x1003ecb0       0x46 ./driver/gc080x_driver/common.o
                0x1003ecb0                g_tx_bw_regs
 *fill*         0x1003ecf6        0x2 
 .rodata.g_rx_port
                0x1003ecf8       0xd8 ./driver/gc080x_driver/common.o
                0x1003ecf8                g_rx_port
 .rodata.g_sxtrx_regs
                0x1003edd0       0x28 ./driver/gc080x_driver/common.o
                0x1003edd0                g_sxtrx_regs
 .rodata.g_trx_band_config
                0x1003edf8      0x1e6 ./driver/gc080x_driver/common.o
                0x1003edf8                g_trx_band_config
 *fill*         0x1003efde        0x2 
 .rodata.g_trx_band_regs
                0x1003efe0       0x6c ./driver/gc080x_driver/common.o
                0x1003efe0                g_trx_band_regs
 .rodata.g_tx_bb_gain_regs
                0x1003f04c       0x20 ./driver/gc080x_driver/common.o
                0x1003f04c                g_tx_bb_gain_regs
 .rodata.g_tx_pa_gain_config
                0x1003f06c      0x654 ./driver/gc080x_driver/common.o
                0x1003f06c                g_tx_pa_gain_config
 .rodata.g_tx_pa_gain_regs
                0x1003f6c0       0x28 ./driver/gc080x_driver/common.o
                0x1003f6c0                g_tx_pa_gain_regs
 .rodata.g_lo_range_trx_band_fsm
                0x1003f6e8       0x24 ./driver/gc080x_driver/common.o
                0x1003f6e8                g_lo_range_trx_band_fsm
 .rodata.lol_cal_I_path.constprop.0.str1.4
                0x1003f70c       0xb3 ./driver/gc080x_driver/driver.o
 .rodata.lol_cal_Q_path.constprop.0.str1.4
                0x1003f70c       0xb3 ./driver/gc080x_driver/driver.o
 .rodata.fvco_get_right_index.str1.4
                0x1003f70c      0x100 ./driver/gc080x_driver/driver.o
 .rodata.config_syspll.str1.4
                0x1003f70c       0x10 ./driver/gc080x_driver/driver.o
 .rodata.lol_cal_update_all_gain_tia_lut.str1.4
                0x1003f70c       0x29 ./driver/gc080x_driver/driver.o
 .rodata.rx_get_adc_offset.str1.4
                0x1003f70c       0x1b ./driver/gc080x_driver/driver.o
 .rodata.handle_rx_dc_offset_cal_v2.constprop.0.str1.4
                0x1003f70c       0x50 ./driver/gc080x_driver/driver.o
 .rodata.handle_rx_dc_offset_cal_v3.constprop.0.str1.4
                0x1003f70c       0x90 ./driver/gc080x_driver/driver.o
 .rodata.do_rx_dc_offset_cal.str1.4
                0x1003f70c       0x4e ./driver/gc080x_driver/driver.o
 .rodata.rx_dc_offset_cal_in_v2.str1.4
                0x1003f70c      0x126 ./driver/gc080x_driver/driver.o
 .rodata.rx_dc_offset_cal_in.str1.4
                0x1003f70c      0x15c ./driver/gc080x_driver/driver.o
 .rodata.rx_dc_offset_cal_in_v3.str1.4
                0x1003f70c       0x2d ./driver/gc080x_driver/driver.o
 .rodata.get_imbalance_inBand.str1.4
                0x1003f70c       0x19 ./driver/gc080x_driver/driver.o
 .rodata.confim_rx_bw_cal_value.str1.4
                0x1003f70c       0x71 ./driver/gc080x_driver/driver.o
 .rodata.do_rx_bw_cal.str1.4
                0x1003f70c       0xe2 ./driver/gc080x_driver/driver.o
 .rodata.rx_bw_config_tone_tx.str1.4
                0x1003f70c       0x1e ./driver/gc080x_driver/driver.o
 .rodata.init_ctune.str1.4
                0x1003f70c       0x42 ./driver/gc080x_driver/driver.o
 .rodata.rx_bw_lut_update.str1.4
                0x1003f70c       0x41 ./driver/gc080x_driver/driver.o
 .rodata.rx_bw_cal.str1.4
                0x1003f70c      0x156 ./driver/gc080x_driver/driver.o
 .rodata.txqec_cal_rflp.str1.4
                0x1003f70c       0x2d ./driver/gc080x_driver/driver.o
 .rodata.digital_init
                0x1003f70c       0x34 ./driver/gc080x_driver/driver.o
 .rodata.wait_init.str1.4
                0x1003f740       0x24 ./driver/gc080x_driver/driver.o
 .rodata.tx_dc_offset_cal.str1.4
                0x1003f740       0x65 ./driver/gc080x_driver/driver.o
 .rodata.sxtrx_lock_status.str1.4
                0x1003f740       0x10 ./driver/gc080x_driver/driver.o
 .rodata.sxtrx_fcal_sw_cal_v2.str1.4
                0x1003f740      0x1c5 ./driver/gc080x_driver/driver.o
 .rodata.set_trx_lo.str1.4
                0x1003f740      0x24e ./driver/gc080x_driver/driver.o
 .rodata.sx_cal_lut_update.str1.4
                0x1003f740       0x4e ./driver/gc080x_driver/driver.o
 .rodata.sxtx_band_fsm.str1.4
                0x1003f740        0xd ./driver/gc080x_driver/driver.o
 .rodata.lo_leakage_cal.str1.4
                0x1003f740       0xde ./driver/gc080x_driver/driver.o
 .rodata.lo_leakage_cal
                0x1003f740       0x24 ./driver/gc080x_driver/driver.o
 .rodata.rx_dc_offset_cal_v2.str1.4
                0x1003f764       0x41 ./driver/gc080x_driver/driver.o
 .rodata.rx_dc_offset_cal_v3.str1.4
                0x1003f764       0x22 ./driver/gc080x_driver/driver.o
 .rodata.rx_dc_offset_cal.str1.4
                0x1003f764       0x1d ./driver/gc080x_driver/driver.o
 .rodata.inbalance_cal_with_G0.str1.4
                0x1003f764      0x12e ./driver/gc080x_driver/driver.o
 .rodata.inbalance_cal_with_G2.str1.4
                0x1003f764       0x2f ./driver/gc080x_driver/driver.o
 .rodata.inbalance_cal.str1.4
                0x1003f764       0xa9 ./driver/gc080x_driver/driver.o
 .rodata.CSWTCH.929
                0x1003f764        0x9 ./driver/gc080x_driver/driver.o
 *fill*         0x1003f76d        0x3 
 .rodata.__FUNCTION__.1
                0x1003f770        0xa ./driver/gc080x_driver/driver.o
 *fill*         0x1003f77a        0x2 
 .rodata.__FUNCTION__.6
                0x1003f77c       0x11 ./driver/gc080x_driver/driver.o
 *fill*         0x1003f78d        0x3 
 .rodata.__FUNCTION__.7
                0x1003f790       0x15 ./driver/gc080x_driver/driver.o
 *fill*         0x1003f7a5        0x3 
 .rodata.__FUNCTION__.8
                0x1003f7a8       0x12 ./driver/gc080x_driver/driver.o
 *fill*         0x1003f7ba        0x6 
 .rodata        0x1003f7c0      0x408 ./driver/gc080x_driver/driver.o
 .rodata.g_tx_dig_gain
                0x1003fbc8       0xcc ./driver/gc080x_driver/custom_cfg.o
                0x1003fbc8                g_tx_dig_gain
 .rodata.g_tx_gain_index
                0x1003fc94       0x99 ./driver/gc080x_driver/custom_cfg.o
                0x1003fc94                g_tx_gain_index
 .rodata.rf_ana_init.str1.4
                0x1003fd2d       0x62 ./driver/gc080x_driver/main_init.o
 *fill*         0x1003fd2d        0x3 
 .rodata.rf_ana_init
                0x1003fd30       0x20 ./driver/gc080x_driver/main_init.o
 .rodata.band_dep_calibr_phase_of_switch_bandwidth.str1.4
                0x1003fd50       0xbe ./driver/gc080x_driver/main_init.o
 .rodata.band_dep_calibr_phase_of_switch_bandwidth
                0x1003fd50       0x20 ./driver/gc080x_driver/main_init.o
 .rodata.do_tx_atten_change.str1.4
                0x1003fd70       0x22 ./driver/gc080x_driver/main_init.o
 .rodata.do_rx_gain_ctrl_set.isra.0.str1.4
                0x1003fd70       0x14 ./driver/gc080x_driver/main_init.o
 .rodata.band_dep_calibr_phase_of_bandwidth_calflag_set.str1.4
                0x1003fd70       0x34 ./driver/gc080x_driver/main_init.o
 .rodata.band_dep_calibr_phase_of_bandwidth_calflag_set
                0x1003fd70       0x20 ./driver/gc080x_driver/main_init.o
 .rodata.bybrid_mode_cal_switch.str1.4
                0x1003fd90       0x4c ./driver/gc080x_driver/main_init.o
 .rodata.band_dep_calibr.str1.4
                0x1003fd90      0x151 ./driver/gc080x_driver/main_init.o
 .rodata.fsm_status_prepare.str1.4
                0x1003fd90       0x6d ./driver/gc080x_driver/main_init.o
 .rodata.fsm_status_get_only
                0x1003fd90       0x1c ./driver/gc080x_driver/main_init.o
 .rodata.fsm_status_get
                0x1003fdac       0x1c ./driver/gc080x_driver/main_init.o
 .rodata.rf_bandwith_change.str1.4
                0x1003fdc8      0x2ff ./driver/gc080x_driver/main_init.o
 .rodata.trx_lo_change_act.str1.4
                0x1003fdc8       0x96 ./driver/gc080x_driver/main_init.o
 .rodata.tdd_trx_change.str1.4
                0x1003fdc8       0x4c ./driver/gc080x_driver/main_init.o
 .rodata.fsm_status_enter.str1.4
                0x1003fdc8       0x46 ./driver/gc080x_driver/main_init.o
 .rodata.__FUNCTION__.1
                0x1003fdc8       0x2a ./driver/gc080x_driver/main_init.o
 *fill*         0x1003fdf2        0x2 
 .rodata.__FUNCTION__.2
                0x1003fdf4       0x10 ./driver/gc080x_driver/main_init.o
 .rodata.__FUNCTION__.4
                0x1003fe04       0x2f ./driver/gc080x_driver/main_init.o
 .rodata.fn_rx_get_adc_offset.str1.4
                0x1003fe33       0x23 ./driver/gc080x_driver/qec_common.o
 .rodata.fn_rx_ana_offset_cal_V2.str1.4
                0x1003fe33       0x59 ./driver/gc080x_driver/qec_common.o
 *fill*         0x1003fe33        0x1 
 .rodata.fn_rf_loop_back_ena
                0x1003fe34       0x48 ./driver/gc080x_driver/qec_common.o
 .rodata.fn_rx_ana_set_gain
                0x1003fe7c       0x18 ./driver/gc080x_driver/qec_common.o
 .rodata.fn_tx_qec_diag_print.str1.4
                0x1003fe94       0xea ./driver/gc080x_driver/qec_common.o
 .rodata.fn_tx_qec_diag_print
                0x1003fe94       0x14 ./driver/gc080x_driver/qec_common.o
 .rodata.fn_tx_lol_diag_print.str1.4
                0x1003fea8       0x46 ./driver/gc080x_driver/qec_common.o
 .rodata.fn_tx_lol_diag_print
                0x1003fea8       0x14 ./driver/gc080x_driver/qec_common.o
 .rodata.fn_rx_qec_diag_print.str1.4
                0x1003febc      0x189 ./driver/gc080x_driver/qec_common.o
 .rodata.fn_rx_qec_diag_print
                0x1003febc       0x14 ./driver/gc080x_driver/qec_common.o
 .rodata.rxqec_diag_info_diag.str1.4
                0x1003fed0      0x44a ./driver/gc080x_driver/qec_common.o
 .rodata        0x1003fed0      0x360 ./driver/gc080x_driver/qec_common.o
 .rodata        0x10040230       0x38 ./driver/gc080x_driver/digtal.o
 .rodata.auxadcctrl_backup.str1.4
                0x10040268       0x30 ./driver/gc080x_driver/transceiver_api.o
 .rodata.tx_dc_offset_cal_with_auxadc.str1.4
                0x10040268      0x111 ./driver/gc080x_driver/transceiver_api.o
 .rodata.__FUNCTION__.2
                0x10040268       0x1d ./driver/gc080x_driver/transceiver_api.o
 .rodata.GCTRL_DEFAULT_CFG.str1.4
                0x10040285       0x29 ./driver/gc080x_driver/gctrl.o
 .rodata.GCTRL_CFG.str1.4
                0x10040285       0x5c ./driver/gc080x_driver/gctrl.o
 *fill*         0x10040285        0x3 
 .rodata.__FUNCTION__.0
                0x10040288       0x12 ./driver/gc080x_driver/gctrl.o
 .rodata.cst8   0x1004029a       0x18 /server17/ic/opt-riscv32-glibc-ima/sysroot/usr/lib/libm.a(e_log.o)
 .rodata.cst8   0x1004029a       0x28 /server17/ic/opt-riscv32-glibc-ima/sysroot/usr/lib/libm.a(e_pow.o)
 .rodata.cst8   0x1004029a       0x10 /server17/ic/opt-riscv32-glibc-ima/sysroot/usr/lib/libm.a(s_floor.o)
 .rodata.cst8   0x1004029a       0xc0 /server17/ic/opt-riscv32-glibc-ima/sysroot/usr/lib/libm.a(s_sin.o)
 .rodata.cst8   0x1004029a       0xc8 /server17/ic/opt-riscv32-glibc-ima/sysroot/usr/lib/libm.a(s_tan.o)
 *fill*         0x1004029a        0x6 
 .rodata        0x100402a0     0x1740 /server17/ic/opt-riscv32-glibc-ima/sysroot/usr/lib/libm.a(s_tan.o)
 .rodata.cst8   0x100419e0        0x8 /server17/ic/opt-riscv32-glibc-ima/sysroot/usr/lib/libm.a(w_atan2.o)
 .rodata.cst8   0x100419e0       0x60 /server17/ic/opt-riscv32-glibc-ima/sysroot/usr/lib/libm.a(branred.o)
 .rodata        0x100419e0      0x258 /server17/ic/opt-riscv32-glibc-ima/sysroot/usr/lib/libm.a(branred.o)
 .rodata        0x10041c38      0xdc0 /server17/ic/opt-riscv32-glibc-ima/sysroot/usr/lib/libm.a(sincostab.o)
                0x10041c38                __sincostab
 .rodata.cst8   0x100429f8       0x30 /server17/ic/opt-riscv32-glibc-ima/sysroot/usr/lib/libm.a(math_err.o)
 .rodata        0x100429f8      0x870 /server17/ic/opt-riscv32-glibc-ima/sysroot/usr/lib/libm.a(e_exp_data.o)
                0x100429f8                __exp_data
 .rodata        0x10043268     0x1090 /server17/ic/opt-riscv32-glibc-ima/sysroot/usr/lib/libm.a(e_log_data.o)
                0x10043268                __log_data
 .rodata        0x100442f8     0x1048 /server17/ic/opt-riscv32-glibc-ima/sysroot/usr/lib/libm.a(e_pow_log_data.o)
                0x100442f8                __pow_log_data
 .rodata.cst8   0x10045340       0xc0 /server17/ic/opt-riscv32-glibc-ima/sysroot/usr/lib/libm.a(e_atan2.o)
 .rodata        0x10045340     0x34b8 /server17/ic/opt-riscv32-glibc-ima/sysroot/usr/lib/libm.a(e_atan2.o)
 .rodata.cst8   0x100487f8       0x28 /server17/ic/opt-riscv32-glibc-ima/sysroot/usr/lib/libm.a(e_log10.o)
 .rodata.cst8   0x100487f8       0x70 /server17/ic/opt-riscv32-glibc-ima/sysroot/usr/lib/libm.a(e_sqrt.o)
 .rodata        0x100487f8      0x400 /server17/ic/opt-riscv32-glibc-ima/sysroot/usr/lib/libm.a(e_sqrt.o)
 .rodata        0x10048bf8       0x40 /server17/ic/opt-riscv32-glibc-ima/sysroot/usr/lib/libgcc_without_rv32a.a(divdf3.o)
 .rodata        0x10048c38       0xa8 /server17/ic/opt-riscv32-glibc-ima/sysroot/usr/lib/libgcc_without_rv32a.a(divsf3.o)
 .rodata        0x10048ce0      0x100 /server17/ic/opt-riscv32-glibc-ima/sysroot/usr/lib/libgcc_without_rv32a.a(_clz.o)
                0x10048ce0                __clz_tab
 *(.srodata .srodata.*)
 .srodata.cst8  0x10048de0      0x4c8 ./src/fft.o
                                 0x10 (size before relaxing)
 .srodata.cst8  0x100492a8       0x10 ./lib/sleep.o
 .srodata.cst8  0x100492a8      0x140 ./driver/gc080x_driver/qec_chip.o
 .srodata.G_REG_ARRAY_TDD_wirecontrol_TX_TO_WAIT_LEN
                0x100492a8        0x4 ./driver/gc080x_driver/regs_init.o
                0x100492a8                G_REG_ARRAY_TDD_wirecontrol_TX_TO_WAIT_LEN
 .srodata.G_REG_ARRAY_TDD_wirecontrol_RX_TO_WAIT_LEN
                0x100492ac        0x4 ./driver/gc080x_driver/regs_init.o
                0x100492ac                G_REG_ARRAY_TDD_wirecontrol_RX_TO_WAIT_LEN
 .srodata.G_REG_ARRAY_TDD_wirecontrol_ALERT_TO_RX_LEN
                0x100492b0        0x4 ./driver/gc080x_driver/regs_init.o
                0x100492b0                G_REG_ARRAY_TDD_wirecontrol_ALERT_TO_RX_LEN
 .srodata.G_REG_ARRAY_TDD_wirecontrol_WAIT_TO_ALERT_LEN
                0x100492b4        0x4 ./driver/gc080x_driver/regs_init.o
                0x100492b4                G_REG_ARRAY_TDD_wirecontrol_WAIT_TO_ALERT_LEN
 .srodata.G_REG_ARRAY_17C_MGC_DIGITAL_CFG_MAX_GAIN_LEN
                0x100492b8        0x4 ./driver/gc080x_driver/regs_init.o
                0x100492b8                G_REG_ARRAY_17C_MGC_DIGITAL_CFG_MAX_GAIN_LEN
 .srodata.G_REG_ARRAY_DIG_RX1_mgc_start_maxium_gain_LEN
                0x100492bc        0x4 ./driver/gc080x_driver/regs_init.o
                0x100492bc                G_REG_ARRAY_DIG_RX1_mgc_start_maxium_gain_LEN
 .srodata.G_REG_ARRAY_DIG_3A_FSM_STATE_EN_FDD_1T1R_LEN
                0x100492c0        0x4 ./driver/gc080x_driver/regs_init.o
                0x100492c0                G_REG_ARRAY_DIG_3A_FSM_STATE_EN_FDD_1T1R_LEN
 .srodata.G_REG_ARRAY_DIG_2_FORCE_AlERT_LEN
                0x100492c4        0x4 ./driver/gc080x_driver/regs_init.o
                0x100492c4                G_REG_ARRAY_DIG_2_FORCE_AlERT_LEN
 .srodata.G_REG_ARRAY_DIG_2_FORCE_AlERT
                0x100492c8        0x6 ./driver/gc080x_driver/regs_init.o
                0x100492c8                G_REG_ARRAY_DIG_2_FORCE_AlERT
 *fill*         0x100492ce        0x2 
 .srodata.G_REG_ARRAY_Wait_I_1_ANA_MANUAL_OFF_LEN
                0x100492d0        0x4 ./driver/gc080x_driver/regs_init.o
                0x100492d0                G_REG_ARRAY_Wait_I_1_ANA_MANUAL_OFF_LEN
 .srodata.G_REG_ARRAY_Wait_H_1_DIG_MANUAL_OFF_RSNT_LEN
                0x100492d4        0x4 ./driver/gc080x_driver/regs_init.o
                0x100492d4                G_REG_ARRAY_Wait_H_1_DIG_MANUAL_OFF_RSNT_LEN
 .srodata.G_REG_ARRAY_Power_Up_A_2_ANA_MANUAL_ON_LEN
                0x100492d8        0x4 ./driver/gc080x_driver/regs_init.o
                0x100492d8                G_REG_ARRAY_Power_Up_A_2_ANA_MANUAL_ON_LEN
 .srodata.G_REG_ARRAY_tx2_dc_LEN
                0x100492dc        0x4 ./driver/gc080x_driver/regs_init.o
                0x100492dc                G_REG_ARRAY_tx2_dc_LEN
 .srodata.G_REG_ARRAY_tx1_dc_LEN
                0x100492e0        0x4 ./driver/gc080x_driver/regs_init.o
                0x100492e0                G_REG_ARRAY_tx1_dc_LEN
 .srodata.cst8  0x100492e4       0xb0 ./driver/gc080x_driver/driver.o
 .srodata.cst8  0x100492e4      0x108 ./driver/gc080x_driver/qec_common.o
 .srodata.cst4  0x100492e4        0x8 ./driver/gc080x_driver/transceiver_api.o
 .srodata.cst8  0x100492ec       0x28 ./driver/gc080x_driver/gctrl.o
                0x100492ec                        PROVIDE (_rodata_end = .)

.eh_frame_hdr   0x100492ec        0x0
 .eh_frame_hdr  0x100492ec        0x0 ./src/kernel.o

.rela.dyn       0x100492ec        0x0
 .rela.text     0x100492ec        0x0 ./src/start.o
 .rela.rodata   0x100492ec        0x0 ./src/start.o
 .rela.text.start_kernel
                0x100492ec        0x0 ./src/start.o
 .rela.got      0x100492ec        0x0 ./src/start.o

.data           0x100492f0    0x3b5a0
                0x100492f0                        PROVIDE (_data_start = .)
 *(.sdata .sdata.*)
 .sdata.subframePerFrame
                0x100492f0        0x4 ./src/coe.o
                0x100492f0                subframePerFrame
 .sdata.MUTEX_gc_modify_timing_done
                0x100492f4        0x4 ./src/dfe.o
                0x100492f4                MUTEX_gc_modify_timing_done
 .sdata.SHARED_req_pss_frame
                0x100492f8        0x4 ./src/dfe.o
                0x100492f8                SHARED_req_pss_frame
 .sdata.SHARED_req_pss_slot
                0x100492fc        0x4 ./src/dfe.o
                0x100492fc                SHARED_req_pss_slot
 .sdata.SHARED_after_sync_slot
                0x10049300        0x4 ./src/dfe.o
                0x10049300                SHARED_after_sync_slot
 .sdata.size_x  0x10049304        0x4 ./src/fft.o
                0x10049304                size_x
 .sdata.nrPDCCH_2p0_slice_inputsplit1_bin_size
                0x10049308        0x4 ./dags/cbin/nrPDCCH_2p0_slice_inputsplit1_bin.o
                0x10049308                nrPDCCH_2p0_slice_inputsplit1_bin_size
 .sdata.nrPDCCH_2p0_slice_inputsplit1_binandjsonsize
                0x1004930c        0x4 ./dags/cjson/nrPDCCH_2p0_slice_inputsplit1_json.o
                0x1004930c                nrPDCCH_2p0_slice_inputsplit1_binandjsonsize
 .sdata.nrPDCCH_2p0_slice_inputsplit1_output_addr_size
                0x10049310        0x4 ./dags/cjson/nrPDCCH_2p0_slice_inputsplit1_json.o
                0x10049310                nrPDCCH_2p0_slice_inputsplit1_output_addr_size
 .sdata.nrPDCCH_2p0_slice_inputsplit1_return_value_size
                0x10049314        0x4 ./dags/cjson/nrPDCCH_2p0_slice_inputsplit1_json.o
                0x10049314                nrPDCCH_2p0_slice_inputsplit1_return_value_size
 .sdata.nrPDCCH_2p0_slice_inputsplit1_task_num_size
                0x10049318        0x4 ./dags/cjson/nrPDCCH_2p0_slice_inputsplit1_json.o
                0x10049318                nrPDCCH_2p0_slice_inputsplit1_task_num_size
 .sdata.nrPDCCH_2p0_slice_inputsplit1_output_num_size
                0x1004931c        0x4 ./dags/cjson/nrPDCCH_2p0_slice_inputsplit1_json.o
                0x1004931c                nrPDCCH_2p0_slice_inputsplit1_output_num_size
 .sdata.nrPDCCH_2p0_slice_inputsplit1_global_para_size
                0x10049320        0x4 ./dags/cjson/nrPDCCH_2p0_slice_inputsplit1_json.o
                0x10049320                nrPDCCH_2p0_slice_inputsplit1_global_para_size
 .sdata.nrPDCCH_2p0_slice_inputsplit1_task_container_size
                0x10049324        0x4 ./dags/cjson/nrPDCCH_2p0_slice_inputsplit1_json.o
                0x10049324                nrPDCCH_2p0_slice_inputsplit1_task_container_size
 *(.data .data.*)
 .data.freq_offset
                0x10049328       0x68 ./src/coe.o
                0x10049328                freq_offset
 .data.W        0x10049390     0x4000 ./src/fft.o
                0x10049390                W
 .data.nrPDCCH_2p0_slice_inputsplit1_input_length
                0x1004d390        0xc ./dags/cjson/nrPDCCH_2p0_slice_inputsplit1_json.o
                0x1004d390                nrPDCCH_2p0_slice_inputsplit1_input_length
 .data.nrPDCCH_2p0_slice_inputsplit1_input_offset
                0x1004d39c        0xc ./dags/cjson/nrPDCCH_2p0_slice_inputsplit1_json.o
                0x1004d39c                nrPDCCH_2p0_slice_inputsplit1_input_offset
 .data.gctrl_dflt_cfg
                0x1004d3a8      0x208 ./driver/gc080x_driver/custom_cfg.o
                0x1004d3a8                gctrl_dflt_cfg
 *(.bss.stack)
 .bss.stack     0x1004d5b0    0x20000 ./src/start.o
                0x1004d5b0                _stack_start
                0x1006d5b0                _stack_top
 *(.sbss .sbss.*)
 .sbss.freq_offset_id
                0x1006d5b0        0x4 ./src/timer.o
 .sbss.free_list_counter
                0x1006d5b4        0x4 ./lib/malloc.o
                0x1006d5b4                free_list_counter
 .sbss.free_list_head
                0x1006d5b8        0x4 ./lib/malloc.o
                0x1006d5b8                free_list_head
 .sbss.alloc_end
                0x1006d5bc        0x4 ./lib/malloc.o
                0x1006d5bc                alloc_end
 .sbss.alloc_start
                0x1006d5c0        0x4 ./lib/malloc.o
                0x1006d5c0                alloc_start
 .sbss.dma_error_hpn
                0x1006d5c4        0x4 ./src/dma.o
                0x1006d5c4                dma_error_hpn
 .sbss.p_test   0x1006d5c8        0x4 ./src/dma.o
                0x1006d5c8                p_test
 .sbss.mu       0x1006d5cc        0x4 ./src/coe.o
                0x1006d5cc                mu
 .sbss.SEM_max_dfe_data_cnt
                0x1006d5d0        0x4 ./src/dfe.o
                0x1006d5d0                SEM_max_dfe_data_cnt
 .sbss.SEM_dfe_data_cnt
                0x1006d5d4        0x4 ./src/dfe.o
                0x1006d5d4                SEM_dfe_data_cnt
 .sbss.SHARED_frame_offset
                0x1006d5d8        0x4 ./src/dfe.o
                0x1006d5d8                SHARED_frame_offset
 .sbss.MUTEX_first_rx_ram_ready_done
                0x1006d5dc        0x4 ./src/dfe.o
                0x1006d5dc                MUTEX_first_rx_ram_ready_done
 .sbss.SHARED_req_ssb_start_symbol
                0x1006d5e0        0x4 ./src/dfe.o
                0x1006d5e0                SHARED_req_ssb_start_symbol
 .sbss.SHARED_pss2_status0_reg
                0x1006d5e4        0x4 ./src/dfe.o
                0x1006d5e4                SHARED_pss2_status0_reg
 .sbss.SHARED_pss1_status0_reg
                0x1006d5e8        0x4 ./src/dfe.o
                0x1006d5e8                SHARED_pss1_status0_reg
 .sbss.SHARED_pss0_status0_reg
                0x1006d5ec        0x4 ./src/dfe.o
                0x1006d5ec                SHARED_pss0_status0_reg
 .sbss.SEM_dma_initdata_cnt
                0x1006d5f0        0x4 ./src/dfe.o
                0x1006d5f0                SEM_dma_initdata_cnt
 .sbss.SEM_dfe_initdata_cnt
                0x1006d5f4        0x4 ./src/dfe.o
                0x1006d5f4                SEM_dfe_initdata_cnt
 .sbss.MUTEX_tx_rrd_cnt
                0x1006d5f8        0x4 ./src/dfe.o
                0x1006d5f8                MUTEX_tx_rrd_cnt
 .sbss.write_mode
                0x1006d5fc        0x4 ./src/dfe.o
                0x1006d5fc                write_mode
 .sbss.correlation_energy_rs
                0x1006d600        0x4 ./src/dfe.o
                0x1006d600                correlation_energy_rs
 .sbss.signal_energy_rs
                0x1006d604        0x4 ./src/dfe.o
                0x1006d604                signal_energy_rs
 .sbss.sum_rs_bits
                0x1006d608        0x4 ./src/dfe.o
                0x1006d608                sum_rs_bits
 .sbss.MUTEX_dag_done
                0x1006d60c        0x4 ./src/dagproc.o
                0x1006d60c                MUTEX_dag_done
 .sbss.p        0x1006d610        0x4 ./src/dagproc.o
                0x1006d610                p
 *fill*         0x1006d614        0x4 
 .sbss.max_Q_snr
                0x1006d618        0x8 ./src/fft.o
                0x1006d618                max_Q_snr
 .sbss.max_I_snr
                0x1006d620        0x8 ./src/fft.o
                0x1006d620                max_I_snr
 .sbss.reg3     0x1006d628        0x4 ./src/fft.o
                0x1006d628                reg3
 .sbss.reg2     0x1006d62c        0x4 ./src/fft.o
                0x1006d62c                reg2
 .sbss.reg1     0x1006d630        0x4 ./src/fft.o
                0x1006d630                reg1
 .sbss.reg_index
                0x1006d634        0x4 ./src/fft.o
                0x1006d634                reg_index
 .sbss.g_phy_select
                0x1006d638        0x2 ./driver/gc080x_driver/custom_cfg.o
                0x1006d638                g_phy_select
 *(.bss .bss.*)
 *fill*         0x1006d63a        0x2 
 .bss.out_buf   0x1006d63c      0x3e8 ./lib/printf.o
 .bss.dmafifo   0x1006da24      0x104 ./src/dma.o
                0x1006da24                dmafifo
 .bss.init_rfdata
                0x1006db28      0x340 ./src/dfe.o
                0x1006db28                init_rfdata
 .bss.fft_rfdata
                0x1006de68      0x340 ./src/dfe.o
                0x1006de68                fft_rfdata
 .bss.clusters  0x1006e1a8      0x838 ./src/dagproc.o
                0x1006e1a8                clusters
 .bss.spi_reg_cur_q
                0x1006e9e0        0xc ./src/fft.o
                0x1006e9e0                spi_reg_cur_q
 .bss.spi_reg_cur_i
                0x1006e9ec        0xc ./src/fft.o
                0x1006e9ec                spi_reg_cur_i
 .bss.spi_reg_max_q
                0x1006e9f8        0xc ./src/fft.o
                0x1006e9f8                spi_reg_max_q
 .bss.spi_reg_max_i
                0x1006ea04        0xc ./src/fft.o
                0x1006ea04                spi_reg_max_i
 .bss.o         0x1006ea10     0x4000 ./src/fft.o
                0x1006ea10                o
 .bss.Q         0x10072a10     0x8000 ./src/fft.o
                0x10072a10                Q
 .bss.I         0x1007aa10     0x8000 ./src/fft.o
                0x1007aa10                I
 .bss.dfe_output_imag_1_s
                0x10082a10       0x88 src/main_nrPDCCH_2p0_slice_inputsplit1.o