Archive member included to satisfy reference by file (symbol)

/server17/ic/opt-riscv32-glibc-ima/sysroot/usr/lib/libm.a(e_log.o)
                              ./src/fft.o (log)
/server17/ic/opt-riscv32-glibc-ima/sysroot/usr/lib/libm.a(e_pow.o)
                              ./driver/gc080x_driver/qec_chip.o (pow)
/server17/ic/opt-riscv32-glibc-ima/sysroot/usr/lib/libm.a(s_fabs.o)
                              ./driver/gc080x_driver/qec_chip.o (fabs)
/server17/ic/opt-riscv32-glibc-ima/sysroot/usr/lib/libm.a(s_floor.o)
                              ./src/dfe.o (floor)
/server17/ic/opt-riscv32-glibc-ima/sysroot/usr/lib/libm.a(s_sin.o)
                              ./driver/gc080x_driver/qec_chip.o (sin)
/server17/ic/opt-riscv32-glibc-ima/sysroot/usr/lib/libm.a(s_tan.o)
                              ./driver/gc080x_driver/qec_chip.o (tan)
/server17/ic/opt-riscv32-glibc-ima/sysroot/usr/lib/libm.a(s_round.o)
                              ./driver/gc080x_driver/qec_chip.o (round)
/server17/ic/opt-riscv32-glibc-ima/sysroot/usr/lib/libm.a(w_asin.o)
                              ./driver/gc080x_driver/qec_chip.o (asin)
/server17/ic/opt-riscv32-glibc-ima/sysroot/usr/lib/libm.a(w_atan2.o)
                              ./driver/gc080x_driver/qec_common.o (atan2)
/server17/ic/opt-riscv32-glibc-ima/sysroot/usr/lib/libm.a(w_log10.o)
                              ./driver/gc080x_driver/qec_chip.o (log10)
/server17/ic/opt-riscv32-glibc-ima/sysroot/usr/lib/libm.a(w_sqrt.o)
                              ./src/fft.o (sqrt)
/server17/ic/opt-riscv32-glibc-ima/sysroot/usr/lib/libm.a(branred.o)
                              /server17/ic/opt-riscv32-glibc-ima/sysroot/usr/lib/libm.a(s_sin.o) (__branred)
/server17/ic/opt-riscv32-glibc-ima/sysroot/usr/lib/libm.a(sincostab.o)
                              /server17/ic/opt-riscv32-glibc-ima/sysroot/usr/lib/libm.a(s_sin.o) (__sincostab)
/server17/ic/opt-riscv32-glibc-ima/sysroot/usr/lib/libm.a(math_err.o)
                              /server17/ic/opt-riscv32-glibc-ima/sysroot/usr/lib/libm.a(e_pow.o) (__math_uflow)
/server17/ic/opt-riscv32-glibc-ima/sysroot/usr/lib/libm.a(e_exp_data.o)
                              /server17/ic/opt-riscv32-glibc-ima/sysroot/usr/lib/libm.a(e_pow.o) (__exp_data)
/server17/ic/opt-riscv32-glibc-ima/sysroot/usr/lib/libm.a(e_log_data.o)
                              /server17/ic/opt-riscv32-glibc-ima/sysroot/usr/lib/libm.a(e_log.o) (__log_data)
/server17/ic/opt-riscv32-glibc-ima/sysroot/usr/lib/libm.a(e_pow_log_data.o)
                              /server17/ic/opt-riscv32-glibc-ima/sysroot/usr/lib/libm.a(e_pow.o) (__pow_log_data)
/server17/ic/opt-riscv32-glibc-ima/sysroot/usr/lib/libm.a(feupdateenv.o)
                              /server17/ic/opt-riscv32-glibc-ima/sysroot/usr/lib/libm.a(s_sin.o) (__feupdateenv)
/server17/ic/opt-riscv32-glibc-ima/sysroot/usr/lib/libm.a(e_asin.o)
                              /server17/ic/opt-riscv32-glibc-ima/sysroot/usr/lib/libm.a(w_asin.o) (__ieee754_asin)
/server17/ic/opt-riscv32-glibc-ima/sysroot/usr/lib/libm.a(e_atan2.o)
                              /server17/ic/opt-riscv32-glibc-ima/sysroot/usr/lib/libm.a(w_atan2.o) (__ieee754_atan2)
/server17/ic/opt-riscv32-glibc-ima/sysroot/usr/lib/libm.a(e_log10.o)
                              /server17/ic/opt-riscv32-glibc-ima/sysroot/usr/lib/libm.a(w_log10.o) (__ieee754_log10)
/server17/ic/opt-riscv32-glibc-ima/sysroot/usr/lib/libm.a(e_sqrt.o)
                              /server17/ic/opt-riscv32-glibc-ima/sysroot/usr/lib/libm.a(w_sqrt.o) (__ieee754_sqrt)
/server17/ic/opt-riscv32-glibc-ima/sysroot/usr/lib/libm.a(fegetround.o)
                              /server17/ic/opt-riscv32-glibc-ima/sysroot/usr/lib/libm.a(e_sqrt.o) (__fegetround)
/server17/ic/opt-riscv32-glibc-ima/sysroot/usr/lib/libm.a(fesetround.o)
                              /server17/ic/opt-riscv32-glibc-ima/sysroot/usr/lib/libm.a(e_sqrt.o) (__fesetround)
/server17/ic/opt-riscv32-glibc-ima/sysroot/usr/lib/libm.a(feholdexcpt.o)
                              /server17/ic/opt-riscv32-glibc-ima/sysroot/usr/lib/libm.a(e_sqrt.o) (__feholdexcept)
/server17/ic/opt-riscv32-glibc-ima/sysroot/usr/lib/libm.a(fesetenv.o)
                              /server17/ic/opt-riscv32-glibc-ima/sysroot/usr/lib/libm.a(e_sqrt.o) (__fesetenv)
/server17/ic/opt-riscv32-glibc-ima/sysroot/usr/lib/libm_prerequisites.a(errno.o)
                              /server17/ic/opt-riscv32-glibc-ima/sysroot/usr/lib/libm.a(s_sin.o) (errno)
/server17/ic/opt-riscv32-glibc-ima/sysroot/usr/lib/libgcc_without_rv32a.a(adddf3.o)
                              ./src/dfe.o (__adddf3)
/server17/ic/opt-riscv32-glibc-ima/sysroot/usr/lib/libgcc_without_rv32a.a(addsf3.o)
                              ./driver/gc080x_driver/transceiver_api.o (__addsf3)
/server17/ic/opt-riscv32-glibc-ima/sysroot/usr/lib/libgcc_without_rv32a.a(divdf3.o)
                              ./src/dfe.o (__divdf3)
/server17/ic/opt-riscv32-glibc-ima/sysroot/usr/lib/libgcc_without_rv32a.a(divsf3.o)
[...]
Memory Configuration

Name             Origin             Length             Attributes
cacheram         0x10000000         0x000a0000         axw!rl
uncacheram       0x100a0000         0x00060000         axw!rl
*default*        0x00000000         0xffffffff

Linker script and memory map

LOAD ./src/irq_vector.o
LOAD ./src/start.o
LOAD ./src/hal.o
LOAD ./src/mem.o
LOAD ./src/kernel.o
LOAD ./lib/uart.o
LOAD ./src/cluster.o
LOAD ./src/api.o
LOAD ./src/fifo.o
LOAD ./src/timer.o
LOAD ./lib/printf.o
LOAD ./lib/malloc.o
LOAD ./src/irq.o
LOAD ./src/dma.o
LOAD ./src/coe.o
LOAD ./src/dfe.o
LOAD ./src/dagproc.o
LOAD ./src/padding.o
LOAD ./src/rfdata.o
LOAD ./src/peripheral_init.o
LOAD ./src/fft.o
LOAD src/main_nrPDCCH_2p0_slice_ofdm0.o
LOAD ./lib/spi.o
LOAD ./src/flash.o
LOAD ./src/w25q128_driver.o
LOAD ./dags/cbin/nrPDCCH_2p0_slice_ofdm0_bin.o
LOAD ./dags/cbin/PDSCHDag1_hw_2p0_bin.o
LOAD ./dags/cbin/nrPDCCH_2p0_slice_inputsplit_bin.o
LOAD ./dags/cbin/nrPDCCH_2p0_bin.o
LOAD ./dags/cbin/PDSCHDag2_hw_2p0_bin.o
LOAD ./dags/cbin/nrPDCCH_2p0_slice_inputsplit1_bin.o
LOAD ./dags/cjson/nrPDCCH_2p0_slice_ofdm0_json.o
LOAD ./dags/cjson/PDSCHDag1_hw_2p0_json.o
LOAD ./dags/cjson/nrPDCCH_2p0_slice_inputsplit_json.o
LOAD ./dags/cjson/nrPDCCH_2p0_json.o
LOAD ./dags/cjson/PDSCHDag2_hw_2p0_json.o
LOAD ./dags/cjson/nrPDCCH_2p0_slice_inputsplit1_json.o
LOAD ./src/driver.o
LOAD ./lib/memset.o
LOAD ./lib/stdlib.o
LOAD ./lib/sleep.o
LOAD ./driver/gc080x_driver/fsm_lut_e1.o
LOAD ./driver/gc080x_driver/qec_chip.o
LOAD ./driver/gc080x_driver/platform.o
LOAD ./driver/gc080x_driver/fsm_lut_d2.o
LOAD ./driver/gc080x_driver/app_cmd.o
LOAD ./driver/gc080x_driver/regs_init.o
LOAD ./driver/gc080x_driver/common.o
LOAD ./driver/gc080x_driver/driver.o
LOAD ./driver/gc080x_driver/limit_efuse.o
LOAD ./driver/gc080x_driver/custom_cfg.o
LOAD ./driver/gc080x_driver/main_init.o
LOAD ./driver/gc080x_driver/qec_common.o
LOAD ./driver/gc080x_driver/utility.o
LOAD ./driver/gc080x_driver/digtal.o
LOAD ./driver/gc080x_driver/fsm_lut_d1.o
LOAD ./driver/gc080x_driver/transceiver_api.o
LOAD ./driver/gc080x_driver/gctrl.o
LOAD ./driver/bsp/dw_spi/spi.o
LOAD ./driver/bsp/dw_spi/dw_spi_ll.o
LOAD src/irq_vector.o
LOAD /server17/ic/opt-riscv32-glibc-ima/sysroot/usr/lib/libm.a
LOAD /server17/ic/opt-riscv32-glibc-ima/sysroot/usr/lib/libm_prerequisites.a
LOAD /server17/ic/opt-riscv32-glibc-ima/sysroot/usr/lib/libgcc_without_rv32a.a

.text           0x10000000    0x37038
                0x10000000                        PROVIDE (_text_start = .)
                0x00000000                        . = 0x0
 *(.startup)
 .startup       0x10000000        0x4 ./src/irq_vector.o
 .startup       0x10000004        0x4 src/irq_vector.o
 *(.startup)
                0x00000020                        . = 0x20
 *fill*         0x10000008       0x18 
 *(.startirq)
 .startirq      0x10000020      0x158 ./src/irq_vector.o
 .startirq      0x10000178      0x158 src/irq_vector.o
 *(.startirq)
 *(.text .text.*)
 .text          0x100002d0       0xe4 ./src/start.o
                0x100002d0                _start
                0x1000037c                vcs_stop
 .text          0x100003b4       0x74 ./src/hal.o
                0x100003b4                EN_All_Cluster_Interrupts
                0x100003c0                EN_Interrupts
                0x100003dc                DIS_Interrupts
                0x100003f4                Wait_irq
                0x100003f8                Mask_irq
                0x10000408                Forloop_timer
                0x1000041c                Set_timer
 .text.start_kernel
                0x10000428       0x78 ./src/kernel.o
                0x10000428                start_kernel
 .text.uart_puts
                0x100004a0       0x34 ./lib/uart.o
                0x100004a0                uart_puts
 .text.uart_irq_handler
                0x100004d4       0xac ./lib/uart.o
                0x100004d4                uart_irq_handler
 .text.venus_uart_init
                0x10000580       0x48 ./lib/uart.o
                0x10000580                venus_uart_init
 .text.venus_user_uart_init
                0x100005c8       0x48 ./lib/uart.o
                0x100005c8                venus_user_uart_init
 .text.cluster_interrupt_handler
                0x10000610      0x184 ./src/cluster.o
                0x10000610                cluster_interrupt_handler
 .text.fire_dag_fence
                0x10000794       0x38 ./src/api.o
                0x10000794                fire_dag_fence
 .text.init_fifo
                0x100007cc        0x8 ./src/fifo.o
                0x100007cc                init_fifo
 .text.push_fifo
                0x100007d4       0x40 ./src/fifo.o
                0x100007d4                push_fifo
 .text.pop_fifo
                0x10000814       0x50 ./src/fifo.o
                0x10000814                pop_fifo
 .text.dmapush_fifo
                0x10000864       0x50 ./src/fifo.o
                0x10000864                dmapush_fifo
 .text.dmapop_fifo
                0x100008b4       0x78 ./src/fifo.o
                0x100008b4                dmapop_fifo
 .text.timer_interrupt_handler
                0x1000092c       0x94 ./src/timer.o
                0x1000092c                timer_interrupt_handler
 .text._vsnprintf.constprop.1
                0x100009c0      0x1bc ./lib/printf.o
 .text._vsnprintf.constprop.0.isra.0
                0x10000b7c      0x79c ./lib/printf.o
 .text.sprintf  0x10001318       0x98 ./lib/printf.o
                0x10001318                sprintf
 .text.printf   0x100013b0       0xc8 ./lib/printf.o
                0x100013b0                printf
 .text.panic    0x10001478       0x84 ./lib/printf.o
                0x10001478                panic
 .text.init_sentinel
                0x100014fc       0xdc ./lib/malloc.o
                0x100014fc                init_sentinel
 .text.heap_init
                0x100015d8       0x6c ./lib/malloc.o
                0x100015d8                heap_init
 .text.malloc   0x10001644      0x1cc ./lib/malloc.o
                0x10001644                malloc
 .text.free     0x10001810      0x424 ./lib/malloc.o
                0x10001810                free
 .text.irq_handler
                0x10001c34      0x3ac ./src/irq.o
                0x10001c34                irq_handler
 .text.dma_transfer
                0x10001fe0       0x5c ./src/dma.o
                0x10001fe0                dma_transfer
 .text.dma_interrupt_handler
                0x1000203c      0x1d0 ./src/dma.o
                0x1000203c                dma_interrupt_handler
 .text.dma_error_handler
                0x1000220c      0x12c ./src/dma.o
                0x1000220c                dma_error_handler
 .text.dfe_ovf_interrupt_handler
                0x10002338      0x1e4 ./src/dfe.o
                0x10002338                dfe_ovf_interrupt_handler
 .text.dfe_rfdata_valid
                0x1000251c      0x1b8 ./src/dfe.o
                0x1000251c                dfe_rfdata_valid
 .text.dfe_rx_ram_ready_interrupt_handler
                0x100026d4      0x530 ./src/dfe.o
                0x100026d4                dfe_rx_ram_ready_interrupt_handler
 .text.dfe_sync_interrupt_handler
                0x10002c04       0x14 ./src/dfe.o
                0x10002c04                dfe_sync_interrupt_handler
 .text.dfe_peak_interrupt_handler
                0x10002c18       0x98 ./src/dfe.o
                0x10002c18                dfe_peak_interrupt_handler
 .text.dfe_tx_ram_read_done_interrupt_handler
                0x10002cb0       0x78 ./src/dfe.o
                0x10002cb0                dfe_tx_ram_read_done_interrupt_handler
 .text.dagproc_init
                0x10002d28       0x5c ./src/dagproc.o
                0x10002d28                dagproc_init
 .text.register_dag
                0x10002d84       0xf0 ./src/dagproc.o
                0x10002d84                register_dag
 .text.transfer_dag_inputs
                0x10002e74       0xfc ./src/dagproc.o
                0x10002e74                transfer_dag_inputs
 .text.GC0802_ioconfig
                0x10002f70      0x2f4 ./src/peripheral_init.o
                0x10002f70                GC0802_ioconfig
 .text.GC0802_change_pll_settings
                0x10003264      0x160 ./src/peripheral_init.o
                0x10003264                GC0802_change_pll_settings
 .text.devctrl_init
                0x100033c4      0x10c ./src/peripheral_init.o
                0x100033c4                devctrl_init
 .text.irq_init
                0x100034d0        0x8 ./src/peripheral_init.o
                0x100034d0                irq_init
 .text.changePosition
                0x100034d8       0xa4 ./src/fft.o
                0x100034d8                changePosition
 .text.fastFourierOperation
                0x1000357c      0x3fc ./src/fft.o
                0x1000357c                fastFourierOperation
 .text.evaluate_snr
                0x10003978      0x550 ./src/fft.o
                0x10003978                evaluate_snr
 .text.update_timing
                0x10003ec8      0x258 ./src/fft.o
                0x10003ec8                update_timing
 .text.main     0x10004120      0x488 src/main_nrPDCCH_2p0_slice_ofdm0.o
                0x10004120                main
 .text.init_ofdm_slice_fifos
                0x100045a8       0x70 src/main_nrPDCCH_2p0_slice_ofdm0.o
 .text.memset   0x10004618       0xe0 ./lib/memset.o
                0x10004618                memset
 .text.abs      0x100046f8       0x10 ./lib/stdlib.o
                0x100046f8                abs
 .text.llabs    0x10004708       0x20 ./lib/stdlib.o
                0x10004708                llabs
 .text.strlen   0x10004728       0x28 ./lib/stdlib.o
                0x10004728                strlen
 .text.memcpy   0x10004750       0xa4 ./lib/stdlib.o
                0x10004750                memcpy
 .text.usleep   0x100047f4       0x98 ./lib/sleep.o
                0x100047f4                usleep
 .text.fn_tx_send_tone.part.0
                0x1000488c       0x90 ./driver/gc080x_driver/qec_chip.o
 .text.fn_tx_send_tone_neg.part.0
                0x1000491c       0x90 ./driver/gc080x_driver/qec_chip.o
 .text.write_rx_qec_cal_word
                0x100049ac       0x88 ./driver/gc080x_driver/qec_chip.o
                0x100049ac                write_rx_qec_cal_word
 .text.write_tx_qec_lol_cal_word
                0x10004a34      0x118 ./driver/gc080x_driver/qec_chip.o
                0x10004a34                write_tx_qec_lol_cal_word
 .text.rx_band_selection
                0x10004b4c       0x2c ./driver/gc080x_driver/qec_chip.o
                0x10004b4c                rx_band_selection
 .text.tx_band_selection
                0x10004b78       0x2c ./driver/gc080x_driver/qec_chip.o
                0x10004b78                tx_band_selection
 .text.fn_tx_qec_lol_lut_update
                0x10004ba4       0xa8 ./driver/gc080x_driver/qec_chip.o
                0x10004ba4                fn_tx_qec_lol_lut_update
 .text.fn_rx_qec_lut_update
                0x10004c4c       0xb8 ./driver/gc080x_driver/qec_chip.o
                0x10004c4c                fn_rx_qec_lut_update
 .text.fn_rx_qec_cal_words
                0x10004d04      0x744 ./driver/gc080x_driver/qec_chip.o
                0x10004d04                fn_rx_qec_cal_words
 .text.fn_rx_run_qec
                0x10005448      0x228 ./driver/gc080x_driver/qec_chip.o
                0x10005448                fn_rx_run_qec
 .text.fn_rx_qec_off
                0x10005670       0x5c ./driver/gc080x_driver/qec_chip.o
                0x10005670                fn_rx_qec_off
 .text.fn_rx_run_goertzle
                0x100056cc      0x9e4 ./driver/gc080x_driver/qec_chip.o
                0x100056cc                fn_rx_run_goertzle
 .text.fn_rx_run_goertzle_cfg
                0x100060b0      0x3b4 ./driver/gc080x_driver/qec_chip.o
                0x100060b0                fn_rx_run_goertzle_cfg
 .text.fn_rx_run_goertzle_new
                0x10006464      0x48c ./driver/gc080x_driver/qec_chip.o
                0x10006464                fn_rx_run_goertzle_new
 .text.fn_tx_send_tone
                0x100068f0       0x6c ./driver/gc080x_driver/qec_chip.o
                0x100068f0                fn_tx_send_tone
 .text.fn_tx_qec_coeff_valid
                0x1000695c       0x98 ./driver/gc080x_driver/qec_chip.o
                0x1000695c                fn_tx_qec_coeff_valid
 .text.fn_tx_qec_gain_set
                0x100069f4      0x28c ./driver/gc080x_driver/qec_chip.o
                0x100069f4                fn_tx_qec_gain_set
 .text.fn_tx_qec_off
                0x10006c80      0x20c ./driver/gc080x_driver/qec_chip.o
                0x10006c80                fn_tx_qec_off
 .text.fn_tx_run_qec
                0x10006e8c      0x114 ./driver/gc080x_driver/qec_chip.o
                0x10006e8c                fn_tx_run_qec
 .text.fn_tx_qec_cal_words
                0x10006fa0      0x25c ./driver/gc080x_driver/qec_chip.o
                0x10006fa0                fn_tx_qec_cal_words
 .text.fn_tx_run_lol
                0x100071fc      0x138 ./driver/gc080x_driver/qec_chip.o
                0x100071fc                fn_tx_run_lol
 .text.fn_tx_qec_5tone_method_rflp
                0x10007334     0x1700 ./driver/gc080x_driver/qec_chip.o
                0x10007334                fn_tx_qec_5tone_method_rflp
 .text.fn_rx_qec_self_calib
                0x10008a34     0x1110 ./driver/gc080x_driver/qec_chip.o
                0x10008a34                fn_rx_qec_self_calib
 .text.fn_rx_qec_cal
                0x10009b44      0x1c8 ./driver/gc080x_driver/qec_chip.o
                0x10009b44                fn_rx_qec_cal
 .text.fn_tx_lol_5tone_method_rflp
                0x10009d0c      0xd50 ./driver/gc080x_driver/qec_chip.o
                0x10009d0c                fn_tx_lol_5tone_method_rflp
 .text.fn_tx_qec_lol_cal_rflp
                0x1000aa5c      0xd30 ./driver/gc080x_driver/qec_chip.o
                0x1000aa5c                fn_tx_qec_lol_cal_rflp
 .text.gc080x_spi_write
                0x1000b78c       0x40 ./driver/gc080x_driver/platform.o
                0x1000b78c                gc080x_spi_write
 .text.gc080x_spi_read
                0x1000b7cc       0x48 ./driver/gc080x_driver/platform.o
                0x1000b7cc                gc080x_spi_read
 .text.hal_fpga_read_reg
                0x1000b814       0x54 ./driver/gc080x_driver/platform.o
                0x1000b814                hal_fpga_read_reg
 .text.hal_fpga_write_reg
                0x1000b868       0x50 ./driver/gc080x_driver/platform.o
                0x1000b868                hal_fpga_write_reg
 .text.hal_spi_read_reg
                0x1000b8b8       0x64 ./driver/gc080x_driver/platform.o
                0x1000b8b8                hal_spi_read_reg
 .text.hal_spi_write_reg
                0x1000b91c       0x78 ./driver/gc080x_driver/platform.o
                0x1000b91c                hal_spi_write_reg
 .text.HAL_CONFIG_REGS
                0x1000b994       0xe4 ./driver/gc080x_driver/platform.o
                0x1000b994                HAL_CONFIG_REGS
 .text.HAL_REG_GET_BIT
                0x1000ba78       0x2c ./driver/gc080x_driver/platform.o
                0x1000ba78                HAL_REG_GET_BIT
 .text.HAL_REG_SET_BIT
                0x1000baa4       0x54 ./driver/gc080x_driver/platform.o
                0x1000baa4                HAL_REG_SET_BIT
 .text.HAL_REG_CLR_BIT
                0x1000baf8       0x58 ./driver/gc080x_driver/platform.o
                0x1000baf8                HAL_REG_CLR_BIT
 .text.wire_control_en
                0x1000bb50       0xf4 ./driver/gc080x_driver/platform.o
                0x1000bb50                wire_control_en
 .text.tdd_wait_to_alert
                0x1000bc44       0x48 ./driver/gc080x_driver/platform.o
                0x1000bc44                tdd_wait_to_alert
 .text.tdd_alert_to_rx
                0x1000bc8c       0x68 ./driver/gc080x_driver/platform.o
                0x1000bc8c                tdd_alert_to_rx
 .text.tdd_rx_to_wait
                0x1000bcf4       0x2c ./driver/gc080x_driver/platform.o
                0x1000bcf4                tdd_rx_to_wait
 .text.tdd_tx_to_wait
                0x1000bd20       0x2c ./driver/gc080x_driver/platform.o
                0x1000bd20                tdd_tx_to_wait
 .text.fn_fpga_set_if
                0x1000bd4c      0x150 ./driver/gc080x_driver/platform.o
                0x1000bd4c                fn_fpga_set_if
 .text.rx_lvds_delay_cal
                0x1000be9c      0x2a0 ./driver/gc080x_driver/platform.o
                0x1000be9c                rx_lvds_delay_cal
 .text.tx_lvds_delay_cal
                0x1000c13c      0x2fc ./driver/gc080x_driver/platform.o
                0x1000c13c                tx_lvds_delay_cal
 .text.lvds_delay_cal
                0x1000c438      0x18c ./driver/gc080x_driver/platform.o
                0x1000c438                lvds_delay_cal
 .text.fpga_tail_set
                0x1000c5c4       0xc0 ./driver/gc080x_driver/platform.o
                0x1000c5c4                fpga_tail_set
 .text.rx_dc_offset_cal_enable.part.0
                0x1000c684       0x6c ./driver/gc080x_driver/driver.o
 .text.rx_dc_offset_cal_enable_ext.part.0
                0x1000c6f0       0x6c ./driver/gc080x_driver/driver.o
 .text.lol_cal_get_goertzle_power.isra.0
                0x1000c75c      0x13c ./driver/gc080x_driver/driver.o
 .text.lol_cal_I_path.constprop.0
                0x1000c898      0x370 ./driver/gc080x_driver/driver.o
 .text.lol_cal_Q_path.constprop.0
                0x1000cc08      0x370 ./driver/gc080x_driver/driver.o
 .text.set_rf_bandwidth
                0x1000cf78       0x54 ./driver/gc080x_driver/driver.o
                0x1000cf78                set_rf_bandwidth
 .text.fvco_get_right_index
                0x1000cfcc      0x2b8 ./driver/gc080x_driver/driver.o
                0x1000cfcc                fvco_get_right_index
 .text.calc_lo_div
                0x1000d284       0x7c ./driver/gc080x_driver/driver.o
                0x1000d284                calc_lo_div
 .text.calc_tx_fsm_lo_div
                0x1000d300      0x17c ./driver/gc080x_driver/driver.o
                0x1000d300                calc_tx_fsm_lo_div
 .text.find_case_with_flo
                0x1000d47c       0x88 ./driver/gc080x_driver/driver.o
                0x1000d47c                find_case_with_flo
 .text.get_reg_val_from_trx_band
                0x1000d504       0x70 ./driver/gc080x_driver/driver.o
                0x1000d504                get_reg_val_from_trx_band
 .text.set_mmd  0x1000d574      0x1d0 ./driver/gc080x_driver/driver.o
                0x1000d574                set_mmd
 .text.set_target_cnt
                0x1000d744       0xd8 ./driver/gc080x_driver/driver.o
                0x1000d744                set_target_cnt
 .text.set_fsm_tx_target_cnt
                0x1000d81c       0xe0 ./driver/gc080x_driver/driver.o
                0x1000d81c                set_fsm_tx_target_cnt
 .text.timing_map_to_val
                0x1000d8fc       0x34 ./driver/gc080x_driver/driver.o
                0x1000d8fc                timing_map_to_val
 .text.lo_div_map_val
                0x1000d930       0x24 ./driver/gc080x_driver/driver.o
                0x1000d930                lo_div_map_val
 .text.tx1_c2_div_ratio
                0x1000d954       0x50 ./driver/gc080x_driver/driver.o
                0x1000d954                tx1_c2_div_ratio
 .text.tx1_c2_on_config
                0x1000d9a4      0x148 ./driver/gc080x_driver/driver.o
                0x1000d9a4                tx1_c2_on_config
 .text.tx1_c2_hw_dll_cal
                0x1000daec      0x11c ./driver/gc080x_driver/driver.o
                0x1000daec                tx1_c2_hw_dll_cal
 .text.tx1_c2_win_hw_cal
                0x1000dc08       0xcc ./driver/gc080x_driver/driver.o
                0x1000dc08                tx1_c2_win_hw_cal
 .text.tx1_c2_reload
                0x1000dcd4       0xf4 ./driver/gc080x_driver/driver.o
                0x1000dcd4                tx1_c2_reload
 .text.set_rx_port
                0x1000ddc8      0x14c ./driver/gc080x_driver/driver.o
                0x1000ddc8                set_rx_port
 .text.set_rx_port_man
                0x1000df14       0xc0 ./driver/gc080x_driver/driver.o
                0x1000df14                set_rx_port_man
 .text.lol_cal_update_all_gain_tia_lut
                0x1000dfd4      0x1d4 ./driver/gc080x_driver/driver.o
                0x1000dfd4                lol_cal_update_all_gain_tia_lut
 .text.rx_dc_offset_cal_enable
                0x1000e1a8       0x48 ./driver/gc080x_driver/driver.o
                0x1000e1a8                rx_dc_offset_cal_enable
 .text.rx_dc_offset_cal_status
                0x1000e1f0       0x68 ./driver/gc080x_driver/driver.o
                0x1000e1f0                rx_dc_offset_cal_status
 .text.rx_dc_offset_cal_enable_ext
                0x1000e258       0x50 ./driver/gc080x_driver/driver.o
                0x1000e258                rx_dc_offset_cal_enable_ext
 .text.rx_get_adc_offset
                0x1000e2a8      0x1b0 ./driver/gc080x_driver/driver.o
                0x1000e2a8                rx_get_adc_offset
 .text.handle_rx_dc_offset_cal_v2.constprop.0
                0x1000e458      0x2b0 ./driver/gc080x_driver/driver.o
 .text.get_offset_value_v2.isra.0
                0x1000e708       0xdc ./driver/gc080x_driver/driver.o
 .text.handle_rx_dc_offset_cal_v3.constprop.0
                0x1000e7e4      0x37c ./driver/gc080x_driver/driver.o
 .text.do_rx_dc_offset_cal
                0x1000eb60      0x28c ./driver/gc080x_driver/driver.o
                0x1000eb60                do_rx_dc_offset_cal
 .text.handle_rx_dc_offset_cal
                0x1000edec       0x1c ./driver/gc080x_driver/driver.o
                0x1000edec                handle_rx_dc_offset_cal
 .text.rx_dc_offset_cal_update_all_gain_tia_lut
                0x1000ee08      0x10c ./driver/gc080x_driver/driver.o
                0x1000ee08                rx_dc_offset_cal_update_all_gain_tia_lut
 .text.rx_dc_offset_cal_update_bq_lut
                0x1000ef14      0x114 ./driver/gc080x_driver/driver.o
                0x1000ef14                rx_dc_offset_cal_update_bq_lut
 .text.rx_dc_offset_cal_in_v2
                0x1000f028     0x162c ./driver/gc080x_driver/driver.o
 .text.rx_dc_offset_cal_in
                0x10010654      0x6ec ./driver/gc080x_driver/driver.o
                0x10010654                rx_dc_offset_cal_in
 .text.get_offset_by_code_v3
                0x10010d40      0x1a0 ./driver/gc080x_driver/driver.o
                0x10010d40                get_offset_by_code_v3
 .text.get_offset_value_v3.isra.0
                0x10010ee0      0x1b8 ./driver/gc080x_driver/driver.o
 .text.rx_dc_offset_cal_in_v3
                0x10011098     0x18fc ./driver/gc080x_driver/driver.o
 .text.get_imbalance_inBand
                0x10012994       0xc0 ./driver/gc080x_driver/driver.o
                0x10012994                get_imbalance_inBand
 .text.get_goertzle_power
                0x10012a54      0x148 ./driver/gc080x_driver/driver.o
                0x10012a54                get_goertzle_power
 .text.rx_bw_cal_get_goertzle_power
                0x10012b9c       0xfc ./driver/gc080x_driver/driver.o
                0x10012b9c                rx_bw_cal_get_goertzle_power
 .text.confim_rx_bw_cal_value
                0x10012c98      0x194 ./driver/gc080x_driver/driver.o
                0x10012c98                confim_rx_bw_cal_value
 .text.do_rx_bw_cal
                0x10012e2c      0x250 ./driver/gc080x_driver/driver.o
                0x10012e2c                do_rx_bw_cal
 .text.if_loopback_rxfe_off
                0x1001307c       0xb4 ./driver/gc080x_driver/driver.o
                0x1001307c                if_loopback_rxfe_off
 .text.rx_bw_config_tone_tx
                0x10013130       0xe0 ./driver/gc080x_driver/driver.o
                0x10013130                rx_bw_config_tone_tx
 .text.init_ctune
                0x10013210      0x1ac ./driver/gc080x_driver/driver.o
                0x10013210                init_ctune
 .text.real_time_update_tx_qec
                0x100133bc       0xe0 ./driver/gc080x_driver/driver.o
                0x100133bc                real_time_update_tx_qec
 .text.set_tx_atten_cfg
                0x1001349c       0xe4 ./driver/gc080x_driver/driver.o
                0x1001349c                set_tx_atten_cfg
 .text.set_tx_atten
                0x10013580      0x220 ./driver/gc080x_driver/driver.o
                0x10013580                set_tx_atten
 .text.set_tx_atten_ext
                0x100137a0      0x118 ./driver/gc080x_driver/driver.o
                0x100137a0                set_tx_atten_ext
 .text.rx_mgc_gain
                0x100138b8      0x210 ./driver/gc080x_driver/driver.o
                0x100138b8                rx_mgc_gain
 .text.rx_mgc_max_gain
                0x10013ac8       0x2c ./driver/gc080x_driver/driver.o
                0x10013ac8                rx_mgc_max_gain
 .text.rxgain_force_valid_config
                0x10013af4       0x5c ./driver/gc080x_driver/driver.o
                0x10013af4                rxgain_force_valid_config
 .text.read_lut_word
                0x10013b50      0x13c ./driver/gc080x_driver/driver.o
                0x10013b50                read_lut_word
 .text.config_sxtrx
                0x10013c8c      0x168 ./driver/gc080x_driver/driver.o
                0x10013c8c                config_sxtrx
 .text.sxtx_fcal_and_on
                0x10013df4      0x21c ./driver/gc080x_driver/driver.o
                0x10013df4                sxtx_fcal_and_on
 .text.tx1_band_selection_c2
                0x10014010       0xb0 ./driver/gc080x_driver/driver.o
                0x10014010                tx1_band_selection_c2
 .text.write_lut_word
                0x100140c0      0x138 ./driver/gc080x_driver/driver.o
                0x100140c0                write_lut_word
 .text.write_tx_qec_lol_cal_word_chn
                0x100141f8       0xb4 ./driver/gc080x_driver/driver.o
                0x100141f8                write_tx_qec_lol_cal_word_chn
 .text.write_lut_byte.constprop.0
                0x100142ac       0x7c ./driver/gc080x_driver/driver.o
 .text.set_tx_atten_chn
                0x10014328      0x400 ./driver/gc080x_driver/driver.o
                0x10014328                set_tx_atten_chn
 .text.rx_bw_lut_update
                0x10014728      0x110 ./driver/gc080x_driver/driver.o
                0x10014728                rx_bw_lut_update
 .text.rx_bw_cal
                0x10014838      0x7d4 ./driver/gc080x_driver/driver.o
                0x10014838                rx_bw_cal
 .text.trx_bw_lut_load
                0x1001500c      0x390 ./driver/gc080x_driver/driver.o
                0x1001500c                trx_bw_lut_load
 .text.set_tx_port
                0x1001539c      0x154 ./driver/gc080x_driver/driver.o
                0x1001539c                set_tx_port
 .text.rxqec_cal
                0x100154f0      0x1dc ./driver/gc080x_driver/driver.o
                0x100154f0                rxqec_cal
 .text.txqec_cal_rflp
                0x100156cc      0x330 ./driver/gc080x_driver/driver.o
                0x100156cc                txqec_cal_rflp
 .text.map_to_data_mode
                0x100159fc       0xe4 ./driver/gc080x_driver/driver.o
                0x100159fc                map_to_data_mode
 .text.user_map_to_standard
                0x10015ae0       0x24 ./driver/gc080x_driver/driver.o
                0x10015ae0                user_map_to_standard
 .text.digital_init
                0x10015b04      0x4a4 ./driver/gc080x_driver/driver.o
                0x10015b04                digital_init
 .text.wait_init
                0x10015fa8       0xa8 ./driver/gc080x_driver/driver.o
                0x10015fa8                wait_init
 .text.fsm_init
                0x10016050       0x60 ./driver/gc080x_driver/driver.o
                0x10016050                fsm_init
 .text.manual_enable
                0x100160b0       0xa0 ./driver/gc080x_driver/driver.o
                0x100160b0                manual_enable
 .text.fdd_wait_to_alert
                0x10016150       0x2c ./driver/gc080x_driver/driver.o
                0x10016150                fdd_wait_to_alert
 .text.fdd_alert_to_fsm
                0x1001617c       0x2c ./driver/gc080x_driver/driver.o
                0x1001617c                fdd_alert_to_fsm
 .text.core2_s7_s8_s10_s11_s12_bypass
                0x100161a8       0x68 ./driver/gc080x_driver/driver.o
                0x100161a8                core2_s7_s8_s10_s11_s12_bypass
 .text.testmux_clear
                0x10016210       0x6c ./driver/gc080x_driver/driver.o
                0x10016210                testmux_clear
 .text.tx_dc_offset_cal
                0x1001627c      0x5dc ./driver/gc080x_driver/driver.o
                0x1001627c                tx_dc_offset_cal
 .text.misc_init
                0x10016858       0xbc ./driver/gc080x_driver/driver.o
                0x10016858                misc_init
 .text.test_voff_get
                0x10016914      0x20c ./driver/gc080x_driver/driver.o
                0x10016914                test_voff_get
 .text.test_voff_get_ext
                0x10016b20      0x224 ./driver/gc080x_driver/driver.o
                0x10016b20                test_voff_get_ext
 .text.test_mt_auxadc
                0x10016d44      0x250 ./driver/gc080x_driver/driver.o
                0x10016d44                test_mt_auxadc
 .text.sxtrx_lock_status
                0x10016f94      0x158 ./driver/gc080x_driver/driver.o
                0x10016f94                sxtrx_lock_status
 .text.sxtrx_fcal_sw_cal_v2
                0x100170ec      0x474 ./driver/gc080x_driver/driver.o
                0x100170ec                sxtrx_fcal_sw_cal_v2
 .text.get_syspll_status
                0x10017560      0x210 ./driver/gc080x_driver/driver.o
                0x10017560                get_syspll_status
 .text.set_trx_lo
                0x10017770      0x904 ./driver/gc080x_driver/driver.o
                0x10017770                set_trx_lo
 .text.sx_cal_lut_update
                0x10018074      0x23c ./driver/gc080x_driver/driver.o
                0x10018074                sx_cal_lut_update
 .text.sxrx_band_fsm
                0x100182b0      0x798 ./driver/gc080x_driver/driver.o
                0x100182b0                sxrx_band_fsm
 .text.sxtx_band_fsm
                0x10018a48      0xb7c ./driver/gc080x_driver/driver.o
                0x10018a48                sxtx_band_fsm
 .text.lo_leakage_cal
                0x100195c4      0x948 ./driver/gc080x_driver/driver.o
                0x100195c4                lo_leakage_cal
 .text.rx_dc_offset_cal_v2
                0x10019f0c      0x1d4 ./driver/gc080x_driver/driver.o
                0x10019f0c                rx_dc_offset_cal_v2
 .text.rx_dc_offset_cal_v3
                0x1001a0e0      0x1d4 ./driver/gc080x_driver/driver.o
                0x1001a0e0                rx_dc_offset_cal_v3
 .text.rx_dc_offset_cal
                0x1001a2b4      0x1f8 ./driver/gc080x_driver/driver.o
                0x1001a2b4                rx_dc_offset_cal
 .text.inbalance_cal_with_rx_band_selection
                0x1001a4ac       0x38 ./driver/gc080x_driver/driver.o
                0x1001a4ac                inbalance_cal_with_rx_band_selection
 .text.inbalance_cal_with_tx_band_selection
                0x1001a4e4       0x38 ./driver/gc080x_driver/driver.o
                0x1001a4e4                inbalance_cal_with_tx_band_selection
 .text.inbalance_cal_with_G0
                0x1001a51c      0x6ec ./driver/gc080x_driver/driver.o
                0x1001a51c                inbalance_cal_with_G0
 .text.inbalance_cal_with_G2
                0x1001ac08      0x5d0 ./driver/gc080x_driver/driver.o
                0x1001ac08                inbalance_cal_with_G2
 .text.inbalance_cal
                0x1001b1d8      0x694 ./driver/gc080x_driver/driver.o
                0x1001b1d8                inbalance_cal
 .text.rf_ana_init
                0x1001b86c      0x1dc ./driver/gc080x_driver/main_init.o
 .text.band_dep_calibr_phase_of_switch_bandwidth
                0x1001ba48      0x70c ./driver/gc080x_driver/main_init.o
 .text.do_tx_atten_change
                0x1001c154       0xd8 ./driver/gc080x_driver/main_init.o
 .text.do_rx_gain_ctrl_set.isra.0
                0x1001c22c       0x60 ./driver/gc080x_driver/main_init.o
 .text.band_dep_calibr_phase_of_bandwidth_calflag_clr
                0x1001c28c       0x68 ./driver/gc080x_driver/main_init.o
                0x1001c28c                band_dep_calibr_phase_of_bandwidth_calflag_clr
 .text.band_dep_calibr_phase_of_bandwidth_calflag_set
                0x1001c2f4       0xc4 ./driver/gc080x_driver/main_init.o
                0x1001c2f4                band_dep_calibr_phase_of_bandwidth_calflag_set
 .text.bybrid_mode_cal_switch
                0x1001c3b8       0x74 ./driver/gc080x_driver/main_init.o
                0x1001c3b8                bybrid_mode_cal_switch
 .text.band_dep_calibr
                0x1001c42c      0x364 ./driver/gc080x_driver/main_init.o
 .text.fsm_status_prepare
                0x1001c790      0x2f8 ./driver/gc080x_driver/main_init.o
 .text.fsm_status_get_only
                0x1001ca88       0x9c ./driver/gc080x_driver/main_init.o
                0x1001ca88                fsm_status_get_only
 .text.fsm_status_get
                0x1001cb24      0x100 ./driver/gc080x_driver/main_init.o
                0x1001cb24                fsm_status_get
 .text.rx_gain_mgc_change
                0x1001cc24       0xc4 ./driver/gc080x_driver/main_init.o
                0x1001cc24                rx_gain_mgc_change
 .text.fsm_status_enter
                0x1001cce8      0x3d8 ./driver/gc080x_driver/main_init.o
 .text.trx_lo_change
                0x1001d0c0      0x150 ./driver/gc080x_driver/main_init.o
                0x1001d0c0                trx_lo_change
 .text.fn_rx_set_dc_remove_ena.part.0
                0x1001d210       0x4c ./driver/gc080x_driver/qec_common.o
 .text.fn_rx_set_dc_remove_ena
                0x1001d25c       0x5c ./driver/gc080x_driver/qec_common.o
                0x1001d25c                fn_rx_set_dc_remove_ena
 .text.fn_rx_get_adc_offset
                0x1001d2b8      0x198 ./driver/gc080x_driver/qec_common.o
                0x1001d2b8                fn_rx_get_adc_offset
 .text.fn_rx_get_adc_power
                0x1001d450      0x1c0 ./driver/gc080x_driver/qec_common.o
                0x1001d450                fn_rx_get_adc_power
 .text.fn_tx_set_dc_manual
                0x1001d610       0xc8 ./driver/gc080x_driver/qec_common.o
                0x1001d610                fn_tx_set_dc_manual
 .text.fn_tx_set_dc_manual_ena
                0x1001d6d8       0xb8 ./driver/gc080x_driver/qec_common.o
                0x1001d6d8                fn_tx_set_dc_manual_ena
 .text.fn_cal_inverse_dft32_point
                0x1001d790      0x1e4 ./driver/gc080x_driver/qec_common.o
                0x1001d790                fn_cal_inverse_dft32_point
 .text.fn_get_quad_ph_err_deg
                0x1001d974      0x370 ./driver/gc080x_driver/qec_common.o
                0x1001d974                fn_get_quad_ph_err_deg
 .text.fn_float_add
                0x1001dce4       0xd4 ./driver/gc080x_driver/qec_common.o
                0x1001dce4                fn_float_add
 .text.fn_float_mul
                0x1001ddb8       0x8c ./driver/gc080x_driver/qec_common.o
                0x1001ddb8                fn_float_mul
 .text.fn_float_div
                0x1001de44       0xb4 ./driver/gc080x_driver/qec_common.o
                0x1001de44                fn_float_div
 .text.fn_rx_ana_offset_cal_V2
                0x1001def8      0x480 ./driver/gc080x_driver/qec_common.o
                0x1001def8                fn_rx_ana_offset_cal_V2
 .text.fn_rx_get_mixer_port
                0x1001e378       0xd8 ./driver/gc080x_driver/qec_common.o
                0x1001e378                fn_rx_get_mixer_port
 .text.fn_rf_loop_back_ena
                0x1001e450      0x540 ./driver/gc080x_driver/qec_common.o
                0x1001e450                fn_rf_loop_back_ena
 .text.fn_rx_ana_set_gain
                0x1001e990      0x270 ./driver/gc080x_driver/qec_common.o
                0x1001e990                fn_rx_ana_set_gain
 .text.fn_rf_loop_back_lg_ena
                0x1001ec00      0x1f4 ./driver/gc080x_driver/qec_common.o
                0x1001ec00                fn_rf_loop_back_lg_ena
 .text.fn_connect_rxlo_to_sxrx
                0x1001edf4      0x2ac ./driver/gc080x_driver/qec_common.o
                0x1001edf4                fn_connect_rxlo_to_sxrx
 .text.fn_recovery_txlo_to_sxrx
                0x1001f0a0       0x9c ./driver/gc080x_driver/qec_common.o
                0x1001f0a0                fn_recovery_txlo_to_sxrx
 .text.fn_tx_hbf_reset
                0x1001f13c       0x84 ./driver/gc080x_driver/qec_common.o
                0x1001f13c                fn_tx_hbf_reset
 .text.txqec_diag_info_init
                0x1001f1c0      0x104 ./driver/gc080x_driver/qec_common.o
                0x1001f1c0                txqec_diag_info_init
 .text.txlol_diag_info_init
                0x1001f2c4       0xfc ./driver/gc080x_driver/qec_common.o
                0x1001f2c4                txlol_diag_info_init
 .text.rxqec_diag_info_init
                0x1001f3c0      0x100 ./driver/gc080x_driver/qec_common.o
                0x1001f3c0                rxqec_diag_info_init
 .text.rxqec_diag_info_free
                0x1001f4c0       0x4c ./driver/gc080x_driver/qec_common.o
                0x1001f4c0                rxqec_diag_info_free
 .text.txqec_diag_info_free
                0x1001f50c       0x4c ./driver/gc080x_driver/qec_common.o
                0x1001f50c                txqec_diag_info_free
 .text.txlol_diag_info_free
                0x1001f558       0x4c ./driver/gc080x_driver/qec_common.o
                0x1001f558                txlol_diag_info_free
 .text.fn_open_loop_back
                0x1001f5a4      0x86c ./driver/gc080x_driver/qec_common.o
                0x1001f5a4                fn_open_loop_back
 .text.fn_close_loop_back
                0x1001fe10       0x64 ./driver/gc080x_driver/qec_common.o
                0x1001fe10                fn_close_loop_back
 .text.fn_lpf_index_auto_change
                0x1001fe74      0x140 ./driver/gc080x_driver/qec_common.o
                0x1001fe74                fn_lpf_index_auto_change
 .text.fn_tx_qec_diag_print
                0x1001ffb4      0x66c ./driver/gc080x_driver/qec_common.o
                0x1001ffb4                fn_tx_qec_diag_print
 .text.fn_tx_lol_diag_print
                0x10020620      0x650 ./driver/gc080x_driver/qec_common.o
                0x10020620                fn_tx_lol_diag_print
 .text.fn_cal_irr
                0x10020c70      0x2f8 ./driver/gc080x_driver/qec_common.o
                0x10020c70                fn_cal_irr
 .text.fn_rx_qec_diag_print
                0x10020f68      0x930 ./driver/gc080x_driver/qec_common.o
                0x10020f68                fn_rx_qec_diag_print
 .text.rxqec_diag_info_diag
                0x10021898      0x890 ./driver/gc080x_driver/qec_common.o
                0x10021898                rxqec_diag_info_diag
 .text.simple_sort
                0x10022128       0x48 ./driver/gc080x_driver/utility.o
                0x10022128                simple_sort
 .text.my_memset
                0x10022170       0x20 ./driver/gc080x_driver/utility.o
                0x10022170                my_memset
 .text.get_right_index
                0x10022190       0xa0 ./driver/gc080x_driver/utility.o
                0x10022190                get_right_index
 .text.IntAbs   0x10022230       0x20 ./driver/gc080x_driver/utility.o
                0x10022230                IntAbs
 .text.my_log2  0x10022250       0x24 ./driver/gc080x_driver/utility.o
                0x10022250                my_log2
 .text.get_round_case
                0x10022274       0x54 ./driver/gc080x_driver/utility.o
                0x10022274                get_round_case
 .text.get_round_case_short
                0x100222c8       0x14 ./driver/gc080x_driver/utility.o
                0x100222c8                get_round_case_short
 .text.do_div   0x100222dc       0x70 ./driver/gc080x_driver/utility.o
                0x100222dc                do_div
 .text.DIG_LDO_CFG
                0x1002234c        0x8 ./driver/gc080x_driver/digtal.o
                0x1002234c                DIG_LDO_CFG
 .text.DIG_FIR_FILTER_CFG_WITH_MANUAL
                0x10022354       0x54 ./driver/gc080x_driver/digtal.o
                0x10022354                DIG_FIR_FILTER_CFG_WITH_MANUAL
 .text.DIG_RX_FILTER_CFG
                0x100223a8      0x1e4 ./driver/gc080x_driver/digtal.o
                0x100223a8                DIG_RX_FILTER_CFG
 .text.DIG_TX_FILTER_CFG
                0x1002258c      0x1d8 ./driver/gc080x_driver/digtal.o
                0x1002258c                DIG_TX_FILTER_CFG
 .text.DIG_INTF_CFG
                0x10022764      0x148 ./driver/gc080x_driver/digtal.o
                0x10022764                DIG_INTF_CFG
 .text.DIG_ENSM_CFG
                0x100228ac      0x1b8 ./driver/gc080x_driver/digtal.o
                0x100228ac                DIG_ENSM_CFG
 .text.DIG_INTF_CLK_CFG
                0x10022a64       0xe4 ./driver/gc080x_driver/digtal.o
                0x10022a64                DIG_INTF_CLK_CFG
 .text.DIG_CHAN_ENA
                0x10022b48       0x88 ./driver/gc080x_driver/digtal.o
                0x10022b48                DIG_CHAN_ENA
 .text.ENSM_MANAUL_ENA
                0x10022bd0      0x170 ./driver/gc080x_driver/digtal.o
                0x10022bd0                ENSM_MANAUL_ENA
 .text.DIG_SOFT_RST_N
                0x10022d40      0x108 ./driver/gc080x_driver/digtal.o
                0x10022d40                DIG_SOFT_RST_N
 .text.ana_manual_on
                0x10022e48      0x154 ./driver/gc080x_driver/transceiver_api.o
                0x10022e48                ana_manual_on
 .text.rxadc_init
                0x10022f9c       0x8c ./driver/gc080x_driver/transceiver_api.o
                0x10022f9c                rxadc_init
 .text.rx1adc_weight_init
                0x10023028      0x40c ./driver/gc080x_driver/transceiver_api.o
                0x10023028                rx1adc_weight_init
 .text.rx2adc_weight_init
                0x10023434      0x40c ./driver/gc080x_driver/transceiver_api.o
                0x10023434                rx2adc_weight_init
 .text.force_wait
                0x10023840       0xb8 ./driver/gc080x_driver/transceiver_api.o
                0x10023840                force_wait
 .text.xo_fc_off
                0x100238f8       0x20 ./driver/gc080x_driver/transceiver_api.o
                0x100238f8                xo_fc_off
 .text.cm_fc_off
                0x10023918       0x24 ./driver/gc080x_driver/transceiver_api.o
                0x10023918                cm_fc_off
 .text.auxadcctrl_backup
                0x1002393c      0x194 ./driver/gc080x_driver/transceiver_api.o
                0x1002393c                auxadcctrl_backup
 .text.auxadcctrl_recover
                0x10023ad0      0x1ec ./driver/gc080x_driver/transceiver_api.o
                0x10023ad0                auxadcctrl_recover
 .text.auxadc1_reset
                0x10023cbc       0xbc ./driver/gc080x_driver/transceiver_api.o
                0x10023cbc                auxadc1_reset
 .text.auxadc2_reset
                0x10023d78       0xbc ./driver/gc080x_driver/transceiver_api.o
                0x10023d78                auxadc2_reset
 .text.get_auxadc_calc_val
                0x10023e34      0x124 ./driver/gc080x_driver/transceiver_api.o
                0x10023e34                get_auxadc_calc_val
 .text.tx_dc_offset_cal_with_auxadc
                0x10023f58      0x3e4 ./driver/gc080x_driver/transceiver_api.o
                0x10023f58                tx_dc_offset_cal_with_auxadc
 .text.auxadccal_transfer
                0x1002433c       0x98 ./driver/gc080x_driver/transceiver_api.o
                0x1002433c                auxadccal_transfer
 .text.GCTRL_SETUP_DELAY_CFG
                0x100243d4       0x84 ./driver/gc080x_driver/gctrl.o
                0x100243d4                GCTRL_SETUP_DELAY_CFG
 .text.GCTRL_EXT_LNA_CFG
                0x10024458      0x104 ./driver/gc080x_driver/gctrl.o
                0x10024458                GCTRL_EXT_LNA_CFG
 .text.GCTRL_FULL_TABLE_SET_CONTENT
                0x1002455c       0xe4 ./driver/gc080x_driver/gctrl.o
                0x1002455c                GCTRL_FULL_TABLE_SET_CONTENT
 .text.GCTRL_FULL_TABLE_SET_MAX_INDEX
                0x10024640       0x34 ./driver/gc080x_driver/gctrl.o
                0x10024640                GCTRL_FULL_TABLE_SET_MAX_INDEX
 .text.GCTRL_FULL_TABLE_SET_INIT_INDEX
                0x10024674       0x34 ./driver/gc080x_driver/gctrl.o
                0x10024674                GCTRL_FULL_TABLE_SET_INIT_INDEX
 .text.GCTRL_FULL_TABLE_RPT_CONTENT
                0x100246a8       0xec ./driver/gc080x_driver/gctrl.o
                0x100246a8                GCTRL_FULL_TABLE_RPT_CONTENT
 .text.GCTRL_FULL_TABLE_CFG
                0x10024794       0x94 ./driver/gc080x_driver/gctrl.o
                0x10024794                GCTRL_FULL_TABLE_CFG
 .text.GCTRL_SPLIT_TABLE_CFG
                0x10024828       0xd8 ./driver/gc080x_driver/gctrl.o
                0x10024828                GCTRL_SPLIT_TABLE_CFG
 .text.GCTRL_DIG_AGC_ENA
                0x10024900       0xb8 ./driver/gc080x_driver/gctrl.o
                0x10024900                GCTRL_DIG_AGC_ENA
 .text.GCTRL_HBF_LPWR_DET_CFG
                0x100249b8      0x114 ./driver/gc080x_driver/gctrl.o
                0x100249b8                GCTRL_HBF_LPWR_DET_CFG
 .text.GCTRL_HBF_PWR_MEAS_CFG
                0x10024acc       0xac ./driver/gc080x_driver/gctrl.o
                0x10024acc                GCTRL_HBF_PWR_MEAS_CFG
 .text.GCTRL_HBF_OVF_DET_CFG
                0x10024b78       0x9c ./driver/gc080x_driver/gctrl.o
                0x10024b78                GCTRL_HBF_OVF_DET_CFG
 .text.GCTRL_ADC_PDT_CFG
                0x10024c14      0x1d8 ./driver/gc080x_driver/gctrl.o
                0x10024c14                GCTRL_ADC_PDT_CFG
 .text.GCTRL_BASIC_CFG
                0x10024dec       0x90 ./driver/gc080x_driver/gctrl.o
                0x10024dec                GCTRL_BASIC_CFG
 .text.GCTRL_SLOW_AGC_CFG
                0x10024e7c      0x39c ./driver/gc080x_driver/gctrl.o
                0x10024e7c                GCTRL_SLOW_AGC_CFG
 .text.GCTRL_FAST_AGC_CFG
                0x10025218      0x388 ./driver/gc080x_driver/gctrl.o
                0x10025218                GCTRL_FAST_AGC_CFG
 .text.GCTRL_MGC_CFGG
                0x100255a0       0xd8 ./driver/gc080x_driver/gctrl.o
                0x100255a0                GCTRL_MGC_CFGG
 .text.GCTRL_ANA_PEAK_DETECT_ENABLE
                0x10025678      0x274 ./driver/gc080x_driver/gctrl.o
                0x10025678                GCTRL_ANA_PEAK_DETECT_ENABLE
 .text.GCTRL_LMT_PDT_CFG
                0x100258ec      0x1a0 ./driver/gc080x_driver/gctrl.o
                0x100258ec                GCTRL_LMT_PDT_CFG
 .text.GCTRL_DEFAULT_CFG
                0x10025a8c       0xb8 ./driver/gc080x_driver/gctrl.o
                0x10025a8c                GCTRL_DEFAULT_CFG
 .text.GCTRL_CFG
                0x10025b44      0x22c ./driver/gc080x_driver/gctrl.o
                0x10025b44                GCTRL_CFG
 .text.GCTRL_DEMO_MGC_SPI_MODE
                0x10025d70       0x68 ./driver/gc080x_driver/gctrl.o
                0x10025d70                GCTRL_DEMO_MGC_SPI_MODE
 .text.GCTRL_DEMO_MGC_PIN_MODE
                0x10025dd8       0x6c ./driver/gc080x_driver/gctrl.o
                0x10025dd8                GCTRL_DEMO_MGC_PIN_MODE
 .text.GCTRL_DEMO_AGC_SLOW
                0x10025e44       0x80 ./driver/gc080x_driver/gctrl.o
                0x10025e44                GCTRL_DEMO_AGC_SLOW
 .text.GCTRL_DEMO_AGC_FAST_HHH
                0x10025ec4      0x190 ./driver/gc080x_driver/gctrl.o
                0x10025ec4                GCTRL_DEMO_AGC_FAST_HHH
 .text.dw_spi_disable
                0x10026054       0x10 ./driver/bsp/dw_spi/spi.o
 .text.spi_send
                0x10026064       0xdc ./driver/bsp/dw_spi/spi.o
                0x10026064                spi_send
 .text.spi_send_receive
                0x10026140       0xfc ./driver/bsp/dw_spi/spi.o
                0x10026140                spi_send_receive
 .text          0x1002623c      0x908 /server17/ic/opt-riscv32-glibc-ima/sysroot/usr/lib/libm.a(e_log.o)
                0x1002623c                log
                0x1002623c                __log
                0x1002623c                logf32x
                0x1002623c                logf64
                0x1002623c                __ieee754_log
 .text          0x10026b44     0x13ac /server17/ic/opt-riscv32-glibc-ima/sysroot/usr/lib/libm.a(e_pow.o)
                0x10026b44                __pow
                0x10026b44                powf32x
                0x10026b44                __ieee754_pow
                0x10026b44                pow
                0x10026b44                powf64
 .text          0x10027ef0        0xc /server17/ic/opt-riscv32-glibc-ima/sysroot/usr/lib/libm.a(s_fabs.o)
                0x10027ef0                fabs
                0x10027ef0                fabsf32x
                0x10027ef0                fabsf64
                0x10027ef0                __fabs
 .text          0x10027efc      0x178 /server17/ic/opt-riscv32-glibc-ima/sysroot/usr/lib/libm.a(s_floor.o)
                0x10027efc                floor
                0x10027efc                __floor
                0x10027efc                floorf32x
                0x10027efc                floorf64
 .text          0x10028074     0x34e8 /server17/ic/opt-riscv32-glibc-ima/sysroot/usr/lib/libm.a(s_sin.o)
                0x10028074                sin
                0x10028074                __sin
                0x10028074                sinf32x
                0x10028074                sinf64
                0x10029a84                cos
                0x10029a84                __cos
                0x10029a84                cosf64
                0x10029a84                cosf32x
 .text          0x1002b55c     0x2d6c /server17/ic/opt-riscv32-glibc-ima/sysroot/usr/lib/libm.a(s_tan.o)
                0x1002b55c                tanf32x
                0x1002b55c                tanf64
                0x1002b55c                tan
                0x1002b55c                __tan
 .text          0x1002e2c8      0x188 /server17/ic/opt-riscv32-glibc-ima/sysroot/usr/lib/libm.a(s_round.o)
                0x1002e2c8                round
                0x1002e2c8                roundf32x
                0x1002e2c8                roundf64
                0x1002e2c8                __round
 .text          0x1002e450      0x148 /server17/ic/opt-riscv32-glibc-ima/sysroot/usr/lib/libm.a(w_atan2.o)
                0x1002e450                __atan2
                0x1002e450                atan2
                0x1002e450                atan2f32x
                0x1002e450                atan2f64
 .text          0x1002e598       0xc8 /server17/ic/opt-riscv32-glibc-ima/sysroot/usr/lib/libm.a(w_log10.o)
                0x1002e598                log10f64
                0x1002e598                __log10
                0x1002e598                log10
                0x1002e598                log10f32x
 .text          0x1002e660       0x9c /server17/ic/opt-riscv32-glibc-ima/sysroot/usr/lib/libm.a(w_sqrt.o)
                0x1002e660                sqrt
                0x1002e660                sqrtf64
                0x1002e660                __sqrt
                0x1002e660                sqrtf32x
                0x1002e660                f32xsqrtf64
 .text          0x1002e6fc      0xe1c /server17/ic/opt-riscv32-glibc-ima/sysroot/usr/lib/libm.a(branred.o)
                0x1002e6fc                __branred
 .text          0x1002f518      0x358 /server17/ic/opt-riscv32-glibc-ima/sysroot/usr/lib/libm.a(math_err.o)
                0x1002f574                __math_edom
                0x1002f57c                __math_uflow
                0x1002f590                __math_may_uflow
                0x1002f5a4                __math_oflow
                0x1002f5b8                __math_divzero
                0x1002f614                __math_invalid
                0x1002f6f8                __math_check_uflow
                0x1002f77c                __math_check_oflow
 .text          0x1002f870        0x8 /server17/ic/opt-riscv32-glibc-ima/sysroot/usr/lib/libm.a(feupdateenv.o)
                0x1002f870                __feupdateenv
                0x1002f870                feupdateenv
 .text          0x1002f878     0x25f0 /server17/ic/opt-riscv32-glibc-ima/sysroot/usr/lib/libm.a(e_atan2.o)
                0x1002f878                __ieee754_atan2
 .text          0x10031e68      0x224 /server17/ic/opt-riscv32-glibc-ima/sysroot/usr/lib/libm.a(e_log10.o)
                0x10031e68                __ieee754_log10
 .text          0x1003208c      0xa94 /server17/ic/opt-riscv32-glibc-ima/sysroot/usr/lib/libm.a(e_sqrt.o)
                0x1003208c                __ieee754_sqrt
 .text          0x10032b20        0x8 /server17/ic/opt-riscv32-glibc-ima/sysroot/usr/lib/libm.a(fegetround.o)
                0x10032b20                fegetround
                0x10032b20                __fegetround
 .text          0x10032b28        0x8 /server17/ic/opt-riscv32-glibc-ima/sysroot/usr/lib/libm.a(fesetround.o)
                0x10032b28                fesetround
                0x10032b28                __fesetround
 .text          0x10032b30        0x8 /server17/ic/opt-riscv32-glibc-ima/sysroot/usr/lib/libm.a(feholdexcpt.o)
                0x10032b30                __feholdexcept
                0x10032b30                feholdexcept
 .text          0x10032b38        0x8 /server17/ic/opt-riscv32-glibc-ima/sysroot/usr/lib/libm.a(fesetenv.o)
                0x10032b38                fesetenv
                0x10032b38                __fesetenv
 .text          0x10032b40      0x8d8 /server17/ic/opt-riscv32-glibc-ima/sysroot/usr/lib/libgcc_without_rv32a.a(adddf3.o)
                0x10032b40                __adddf3
 .text          0x10033418      0x4bc /server17/ic/opt-riscv32-glibc-ima/sysroot/usr/lib/libgcc_without_rv32a.a(addsf3.o)
                0x10033418                __addsf3
 .text          0x100338d4      0x7bc /server17/ic/opt-riscv32-glibc-ima/sysroot/usr/lib/libgcc_without_rv32a.a(divdf3.o)
                0x100338d4                __divdf3
 .text          0x10034090      0x408 /server17/ic/opt-riscv32-glibc-ima/sysroot/usr/lib/libgcc_without_rv32a.a(divsf3.o)
                0x10034090                __divsf3
 .text          0x10034498       0x8c /server17/ic/opt-riscv32-glibc-ima/sysroot/usr/lib/libgcc_without_rv32a.a(eqdf2.o)
                0x10034498                __eqdf2
                0x10034498                __nedf2
 .text          0x10034524       0x84 /server17/ic/opt-riscv32-glibc-ima/sysroot/usr/lib/libgcc_without_rv32a.a(fixdfsi.o)
                0x10034524                __fixdfsi
 .text          0x100345a8       0x74 /server17/ic/opt-riscv32-glibc-ima/sysroot/usr/lib/libgcc_without_rv32a.a(fixsfsi.o)
                0x100345a8                __fixsfsi
 .text          0x1003461c      0x268 /server17/ic/opt-riscv32-glibc-ima/sysroot/usr/lib/libgcc_without_rv32a.a(floatdidf.o)
                0x1003461c                __floatdidf
 .text          0x10034884       0xc8 /server17/ic/opt-riscv32-glibc-ima/sysroot/usr/lib/libgcc_without_rv32a.a(floatsidf.o)
                0x10034884                __floatsidf
 .text          0x1003494c      0x118 /server17/ic/opt-riscv32-glibc-ima/sysroot/usr/lib/libgcc_without_rv32a.a(floatsisf.o)
                0x1003494c                __floatsisf
 .text          0x10034a64       0x9c /server17/ic/opt-riscv32-glibc-ima/sysroot/usr/lib/libgcc_without_rv32a.a(floatunsidf.o)
                0x10034a64                __floatunsidf
 .text          0x10034b00      0x100 /server17/ic/opt-riscv32-glibc-ima/sysroot/usr/lib/libgcc_without_rv32a.a(gedf2.o)
                0x10034b00                __gtdf2
                0x10034b00                __gedf2
 .text          0x10034c00      0x108 /server17/ic/opt-riscv32-glibc-ima/sysroot/usr/lib/libgcc_without_rv32a.a(ledf2.o)
                0x10034c00                __ltdf2
                0x10034c00                __ledf2
 .text          0x10034d08      0x6e0 /server17/ic/opt-riscv32-glibc-ima/sysroot/usr/lib/libgcc_without_rv32a.a(muldf3.o)
                0x10034d08                __muldf3
 .text          0x100353e8      0x3dc /server17/ic/opt-riscv32-glibc-ima/sysroot/usr/lib/libgcc_without_rv32a.a(mulsf3.o)
                0x100353e8                __mulsf3
 .text          0x100357c4      0x918 /server17/ic/opt-riscv32-glibc-ima/sysroot/usr/lib/libgcc_without_rv32a.a(subdf3.o)
                0x100357c4                __subdf3
 .text          0x100360dc       0x54 /server17/ic/opt-riscv32-glibc-ima/sysroot/usr/lib/libgcc_without_rv32a.a(unorddf2.o)
                0x100360dc                __unorddf2
 .text          0x10036130       0x34 /server17/ic/opt-riscv32-glibc-ima/sysroot/usr/lib/libgcc_without_rv32a.a(_ashldi3.o)
                0x10036130                __ashldi3
 .text          0x10036164       0x3c /server17/ic/opt-riscv32-glibc-ima/sysroot/usr/lib/libgcc_without_rv32a.a(_ashrdi3.o)
                0x10036164                __ashrdi3
 .text          0x100361a0       0x88 /server17/ic/opt-riscv32-glibc-ima/sysroot/usr/lib/libgcc_without_rv32a.a(_clzsi2.o)
                0x100361a0                __clzsi2
 .text          0x10036228      0x4f8 /server17/ic/opt-riscv32-glibc-ima/sysroot/usr/lib/libgcc_without_rv32a.a(_divdi3.o)
                0x10036228                __divdi3
 .text          0x10036720      0x4ac /server17/ic/opt-riscv32-glibc-ima/sysroot/usr/lib/libgcc_without_rv32a.a(_udivdi3.o)
                0x10036720                __udivdi3
 .text          0x10036bcc      0x46c /server17/ic/opt-riscv32-glibc-ima/sysroot/usr/lib/libgcc_without_rv32a.a(_umoddi3.o)
                0x10036bcc                __umoddi3
                0x10037038                        PROVIDE (_text_end = .)

.rodata         0x10037038    0x12074
                0x10037038                        PROVIDE (_rodata_start = .)
 *(.rodata .rodata.*)
 .rodata        0x10037038       0x38 ./src/mem.o
                0x10037038                TEXT_START
                0x1003703c                TEXT_END
                0x10037040                DATA_START
                0x10037044                DATA_END
                0x10037048                RODATA_START
                0x1003704c                RODATA_END
                0x10037050                RFDATA_START
                0x10037054                RFDATA_END
                0x10037058                BSS_START
                0x1003705c                BSS_END
                0x10037060                HEAP_START
                0x10037064                HEAP_END
                0x10037068                STACK_END
                0x1003706c                STACK_START
 .rodata.uart_irq_handler.str1.4
                0x10037070     0x34f8 ./lib/uart.o
                                0x1c3 (size before relaxing)
 .rodata.uart_irq_handler
                0x1003a568       0x34 ./lib/uart.o
 .rodata.cluster_interrupt_handler.str1.4
                0x1003a59c       0x2f ./src/cluster.o
 .rodata.push_fifo.str1.4
                0x1003a59c        0xf ./src/fifo.o
 .rodata.pop_fifo.str1.4
                0x1003a59c       0x10 ./src/fifo.o
 .rodata.dmapush_fifo.str1.4
                0x1003a59c       0x25 ./src/fifo.o
 .rodata.dmapop_fifo.str1.4
                0x1003a59c       0x1f ./src/fifo.o
 .rodata.timer_interrupt_handler.str1.4
                0x1003a59c       0x15 ./src/timer.o
 .rodata._vsnprintf.constprop.1
                0x1003a59c       0x58 ./lib/printf.o
 .rodata._vsnprintf.constprop.0.isra.0
                0x1003a5f4       0x58 ./lib/printf.o
 .rodata.sprintf.str1.4
                0x1003a64c       0x24 ./lib/printf.o
 .rodata.malloc.str1.4
                0x1003a64c       0x34 ./lib/malloc.o
 .rodata.free.str1.4
                0x1003a64c       0x1e ./lib/malloc.o
 .rodata.irq_handler.str1.4
                0x1003a64c       0xfe ./src/irq.o
 .rodata.dma_interrupt_handler.str1.4
                0x1003a64c       0x33 ./src/dma.o
 .rodata.dma_error_handler.str1.4
                0x1003a64c       0xe4 ./src/dma.o
 .rodata.register_dag.str1.4
                0x1003a64c       0x30 ./src/dagproc.o
 .rodata.calculateSNR.str1.4
                0x1003a64c       0x42 ./src/fft.o
 .rodata.evaluate_snr.str1.4
                0x1003a64c       0x87 ./src/fft.o
 .rodata.update_timing.str1.4
                0x1003a64c       0x7e ./src/fft.o
 .rodata        0x1003a64c       0x63 src/main_nrPDCCH_2p0_slice_ofdm0.o
 .rodata.fn_tx_qec_5tone_method_rflp.str1.4
                0x1003a6af      0x1f0 ./driver/gc080x_driver/qec_chip.o
 *fill*         0x1003a6af        0x1 
 .rodata.fn_tx_qec_5tone_method_rflp
                0x1003a6b0       0x1c ./driver/gc080x_driver/qec_chip.o
 .rodata.fn_rx_qec_self_calib.str1.4
                0x1003a6cc      0x271 ./driver/gc080x_driver/qec_chip.o
 .rodata.fn_rx_qec_cal.str1.4
                0x1003a6cc       0x18 ./driver/gc080x_driver/qec_chip.o
 .rodata.fn_tx_lol_5tone_method_rflp.str1.4
                0x1003a6cc      0x1f6 ./driver/gc080x_driver/qec_chip.o
 .rodata.fn_tx_lol_5tone_method_rflp
                0x1003a6cc       0x1c ./driver/gc080x_driver/qec_chip.o
 .rodata.fn_tx_qec_lol_cal_rflp.str1.4
                0x1003a6e8      0x30b ./driver/gc080x_driver/qec_chip.o
 .rodata.__func__.0
                0x1003a6e8        0xe ./driver/gc080x_driver/qec_chip.o
 *fill*         0x1003a6f6        0x2 
 .rodata.__func__.1
                0x1003a6f8       0x17 ./driver/gc080x_driver/qec_chip.o
 *fill*         0x1003a70f        0x1 
 .rodata.SIN_VALUE_25B
                0x1003a710       0x40 ./driver/gc080x_driver/qec_chip.o
 .rodata.COS_VALUE_25B
                0x1003a750       0x40 ./driver/gc080x_driver/qec_chip.o
 .rodata        0x1003a790       0x24 ./driver/gc080x_driver/qec_chip.o
 .rodata.hal_fpga_read_reg.str1.4
                0x1003a7b4       0x1d ./driver/gc080x_driver/platform.o
 .rodata.hal_fpga_write_reg.str1.4
                0x1003a7b4       0x1d ./driver/gc080x_driver/platform.o
 .rodata.hal_spi_read_reg.str1.4
                0x1003a7b4       0x18 ./driver/gc080x_driver/platform.o
 .rodata.hal_spi_write_reg.str1.4
                0x1003a7b4       0x18 ./driver/gc080x_driver/platform.o
 .rodata.HAL_CONFIG_REGS
                0x1003a7b4       0x14 ./driver/gc080x_driver/platform.o
 .rodata.rx_lvds_delay_cal.str1.4
                0x1003a7c8       0xb8 ./driver/gc080x_driver/platform.o
 .rodata.tx_lvds_delay_cal.str1.4
                0x1003a7c8       0x90 ./driver/gc080x_driver/platform.o
 .rodata.lvds_delay_cal.str1.4
                0x1003a7c8       0x26 ./driver/gc080x_driver/platform.o
 .rodata.__FUNCTION__.4
                0x1003a7c8        0xf ./driver/gc080x_driver/platform.o
 *fill*         0x1003a7d7        0x1 
 .rodata.G_REG_ARRAY_TDD_wirecontrol_TX_TO_WAIT
                0x1003a7d8       0x12 ./driver/gc080x_driver/regs_init.o
                0x1003a7d8                G_REG_ARRAY_TDD_wirecontrol_TX_TO_WAIT
 *fill*         0x1003a7ea        0x2 
 .rodata.G_REG_ARRAY_TDD_wirecontrol_RX_TO_WAIT
                0x1003a7ec       0x12 ./driver/gc080x_driver/regs_init.o
                0x1003a7ec                G_REG_ARRAY_TDD_wirecontrol_RX_TO_WAIT
 *fill*         0x1003a7fe        0x2 
 .rodata.G_REG_ARRAY_TDD_wirecontrol_ALERT_TO_RX
                0x1003a800       0x12 ./driver/gc080x_driver/regs_init.o
                0x1003a800                G_REG_ARRAY_TDD_wirecontrol_ALERT_TO_RX
 *fill*         0x1003a812        0x2 
 .rodata.G_REG_ARRAY_TDD_wirecontrol_WAIT_TO_ALERT
                0x1003a814       0x2a ./driver/gc080x_driver/regs_init.o
                0x1003a814                G_REG_ARRAY_TDD_wirecontrol_WAIT_TO_ALERT
 *fill*         0x1003a83e        0x2 
 .rodata.G_REG_ARRAY_17C_MGC_DIGITAL_CFG_MAX_GAIN
                0x1003a840      0x12c ./driver/gc080x_driver/regs_init.o
                0x1003a840                G_REG_ARRAY_17C_MGC_DIGITAL_CFG_MAX_GAIN
 .rodata.G_REG_ARRAY_DIG_RX1_mgc_start_maxium_gain
                0x1003a96c      0x12c ./driver/gc080x_driver/regs_init.o
                0x1003a96c                G_REG_ARRAY_DIG_RX1_mgc_start_maxium_gain
 .rodata.G_REG_ARRAY_DIG_3A_FSM_STATE_EN_FDD_1T1R
                0x1003aa98       0x12 ./driver/gc080x_driver/regs_init.o
                0x1003aa98                G_REG_ARRAY_DIG_3A_FSM_STATE_EN_FDD_1T1R
 *fill*         0x1003aaaa        0x2 
 .rodata.G_REG_ARRAY_Wait_I_1_ANA_MANUAL_OFF
                0x1003aaac       0x7e ./driver/gc080x_driver/regs_init.o
                0x1003aaac                G_REG_ARRAY_Wait_I_1_ANA_MANUAL_OFF
 *fill*         0x1003ab2a        0x2 
 .rodata.G_REG_ARRAY_Wait_H_1_DIG_MANUAL_OFF_RSNT
                0x1003ab2c       0x36 ./driver/gc080x_driver/regs_init.o
                0x1003ab2c                G_REG_ARRAY_Wait_H_1_DIG_MANUAL_OFF_RSNT
 *fill*         0x1003ab62        0x2 
 .rodata.G_REG_ARRAY_Power_Up_A_2_ANA_MANUAL_ON
                0x1003ab64       0x42 ./driver/gc080x_driver/regs_init.o
                0x1003ab64                G_REG_ARRAY_Power_Up_A_2_ANA_MANUAL_ON
 *fill*         0x1003aba6        0x2 
 .rodata.G_REG_ARRAY_tx2_dc
                0x1003aba8       0x2a ./driver/gc080x_driver/regs_init.o
                0x1003aba8                G_REG_ARRAY_tx2_dc
 *fill*         0x1003abd2        0x2 
 .rodata.G_REG_ARRAY_tx1_dc
                0x1003abd4       0x2a ./driver/gc080x_driver/regs_init.o
                0x1003abd4                G_REG_ARRAY_tx1_dc
 *fill*         0x1003abfe        0x2 
 .rodata.g_sx_cal_vco_e1
                0x1003ac00     0x1000 ./driver/gc080x_driver/common.o
                0x1003ac00                g_sx_cal_vco_e1
 .rodata.g_sx_cal_vco_d2
                0x1003bc00     0x1000 ./driver/gc080x_driver/common.o
                0x1003bc00                g_sx_cal_vco_d2
 .rodata.g_sx_cal_vco_d1
                0x1003cc00     0x1000 ./driver/gc080x_driver/common.o
                0x1003cc00                g_sx_cal_vco_d1
 .rodata.g_sx_config_vco_e1
                0x1003dc00      0x238 ./driver/gc080x_driver/common.o
                0x1003dc00                g_sx_config_vco_e1
 .rodata.g_sx_config_vco_d2
                0x1003de38      0x238 ./driver/gc080x_driver/common.o
                0x1003de38                g_sx_config_vco_d2
 .rodata.g_sx_config_vco_d1
                0x1003e070      0x238 ./driver/gc080x_driver/common.o
                0x1003e070                g_sx_config_vco_d1
 .rodata.g_band_bbrate
                0x1003e2a8       0x24 ./driver/gc080x_driver/common.o
                0x1003e2a8                g_band_bbrate
 .rodata.g_band_ctune_init
                0x1003e2cc       0x24 ./driver/gc080x_driver/common.o
                0x1003e2cc                g_band_ctune_init
 .rodata.g_3db_band
                0x1003e2f0       0x24 ./driver/gc080x_driver/common.o
                0x1003e2f0                g_3db_band
 .rodata.g_bandwith
                0x1003e314       0x24 ./driver/gc080x_driver/common.o
                0x1003e314                g_bandwith
 .rodata.g_data_rate
                0x1003e338      0x480 ./driver/gc080x_driver/common.o
                0x1003e338                g_data_rate
 .rodata.g_trx_sample_rate_table
                0x1003e7b8      0x280 ./driver/gc080x_driver/common.o
                0x1003e7b8                g_trx_sample_rate_table
 .rodata.g_rx_bw_regs
                0x1003ea38       0x36 ./driver/gc080x_driver/common.o
                0x1003ea38                g_rx_bw_regs
 *fill*         0x1003ea6e        0x2 
 .rodata.g_tx_bw_regs
                0x1003ea70       0x46 ./driver/gc080x_driver/common.o
                0x1003ea70                g_tx_bw_regs
 *fill*         0x1003eab6        0x2 
 .rodata.g_rx_port
                0x1003eab8       0xd8 ./driver/gc080x_driver/common.o
                0x1003eab8                g_rx_port
 .rodata.g_sxtrx_regs
                0x1003eb90       0x28 ./driver/gc080x_driver/common.o
                0x1003eb90                g_sxtrx_regs
 .rodata.g_trx_band_config
                0x1003ebb8      0x1e6 ./driver/gc080x_driver/common.o
                0x1003ebb8                g_trx_band_config
 *fill*         0x1003ed9e        0x2 
 .rodata.g_trx_band_regs
                0x1003eda0       0x6c ./driver/gc080x_driver/common.o
                0x1003eda0                g_trx_band_regs
 .rodata.g_tx_bb_gain_regs
                0x1003ee0c       0x20 ./driver/gc080x_driver/common.o
                0x1003ee0c                g_tx_bb_gain_regs
 .rodata.g_tx_pa_gain_config
                0x1003ee2c      0x654 ./driver/gc080x_driver/common.o
                0x1003ee2c                g_tx_pa_gain_config
 .rodata.g_tx_pa_gain_regs
                0x1003f480       0x28 ./driver/gc080x_driver/common.o
                0x1003f480                g_tx_pa_gain_regs
 .rodata.g_lo_range_trx_band_fsm
                0x1003f4a8       0x24 ./driver/gc080x_driver/common.o
                0x1003f4a8                g_lo_range_trx_band_fsm
 .rodata.lol_cal_I_path.constprop.0.str1.4
                0x1003f4cc       0xb3 ./driver/gc080x_driver/driver.o
 .rodata.lol_cal_Q_path.constprop.0.str1.4
                0x1003f4cc       0xb3 ./driver/gc080x_driver/driver.o
 .rodata.fvco_get_right_index.str1.4
                0x1003f4cc      0x100 ./driver/gc080x_driver/driver.o
 .rodata.config_syspll.str1.4
                0x1003f4cc       0x10 ./driver/gc080x_driver/driver.o
 .rodata.lol_cal_update_all_gain_tia_lut.str1.4
                0x1003f4cc       0x29 ./driver/gc080x_driver/driver.o
 .rodata.rx_get_adc_offset.str1.4
                0x1003f4cc       0x1b ./driver/gc080x_driver/driver.o
 .rodata.handle_rx_dc_offset_cal_v2.constprop.0.str1.4
                0x1003f4cc       0x50 ./driver/gc080x_driver/driver.o
 .rodata.handle_rx_dc_offset_cal_v3.constprop.0.str1.4
                0x1003f4cc       0x90 ./driver/gc080x_driver/driver.o
 .rodata.do_rx_dc_offset_cal.str1.4
                0x1003f4cc       0x4e ./driver/gc080x_driver/driver.o
 .rodata.rx_dc_offset_cal_in_v2.str1.4
                0x1003f4cc      0x126 ./driver/gc080x_driver/driver.o
 .rodata.rx_dc_offset_cal_in.str1.4
                0x1003f4cc      0x15c ./driver/gc080x_driver/driver.o
 .rodata.rx_dc_offset_cal_in_v3.str1.4
                0x1003f4cc       0x2d ./driver/gc080x_driver/driver.o
 .rodata.get_imbalance_inBand.str1.4
                0x1003f4cc       0x19 ./driver/gc080x_driver/driver.o
 .rodata.confim_rx_bw_cal_value.str1.4
                0x1003f4cc       0x71 ./driver/gc080x_driver/driver.o
 .rodata.do_rx_bw_cal.str1.4
                0x1003f4cc       0xe2 ./driver/gc080x_driver/driver.o
 .rodata.rx_bw_config_tone_tx.str1.4
                0x1003f4cc       0x1e ./driver/gc080x_driver/driver.o
 .rodata.init_ctune.str1.4
                0x1003f4cc       0x42 ./driver/gc080x_driver/driver.o
 .rodata.rx_bw_lut_update.str1.4
                0x1003f4cc       0x41 ./driver/gc080x_driver/driver.o
 .rodata.rx_bw_cal.str1.4
                0x1003f4cc      0x156 ./driver/gc080x_driver/driver.o
 .rodata.txqec_cal_rflp.str1.4
                0x1003f4cc       0x2d ./driver/gc080x_driver/driver.o
 .rodata.digital_init
                0x1003f4cc       0x34 ./driver/gc080x_driver/driver.o
 .rodata.wait_init.str1.4
                0x1003f500       0x24 ./driver/gc080x_driver/driver.o
 .rodata.tx_dc_offset_cal.str1.4
                0x1003f500       0x65 ./driver/gc080x_driver/driver.o
 .rodata.sxtrx_lock_status.str1.4
                0x1003f500       0x10 ./driver/gc080x_driver/driver.o
 .rodata.sxtrx_fcal_sw_cal_v2.str1.4
                0x1003f500      0x1c5 ./driver/gc080x_driver/driver.o
 .rodata.set_trx_lo.str1.4
                0x1003f500      0x24e ./driver/gc080x_driver/driver.o
 .rodata.sx_cal_lut_update.str1.4
                0x1003f500       0x4e ./driver/gc080x_driver/driver.o
 .rodata.sxtx_band_fsm.str1.4
                0x1003f500        0xd ./driver/gc080x_driver/driver.o
 .rodata.lo_leakage_cal.str1.4
                0x1003f500       0xde ./driver/gc080x_driver/driver.o
 .rodata.lo_leakage_cal
                0x1003f500       0x24 ./driver/gc080x_driver/driver.o
 .rodata.rx_dc_offset_cal_v2.str1.4
                0x1003f524       0x41 ./driver/gc080x_driver/driver.o
 .rodata.rx_dc_offset_cal_v3.str1.4
                0x1003f524       0x22 ./driver/gc080x_driver/driver.o
 .rodata.rx_dc_offset_cal.str1.4
                0x1003f524       0x1d ./driver/gc080x_driver/driver.o
 .rodata.inbalance_cal_with_G0.str1.4
                0x1003f524      0x12e ./driver/gc080x_driver/driver.o
 .rodata.inbalance_cal_with_G2.str1.4
                0x1003f524       0x2f ./driver/gc080x_driver/driver.o
 .rodata.inbalance_cal.str1.4
                0x1003f524       0xa9 ./driver/gc080x_driver/driver.o
 .rodata.CSWTCH.929
                0x1003f524        0x9 ./driver/gc080x_driver/driver.o
 *fill*         0x1003f52d        0x3 
 .rodata.__FUNCTION__.1
                0x1003f530        0xa ./driver/gc080x_driver/driver.o
 *fill*         0x1003f53a        0x2 
 .rodata.__FUNCTION__.6
                0x1003f53c       0x11 ./driver/gc080x_driver/driver.o
 *fill*         0x1003f54d        0x3 
 .rodata.__FUNCTION__.7
                0x1003f550       0x15 ./driver/gc080x_driver/driver.o
 *fill*         0x1003f565        0x3 
 .rodata.__FUNCTION__.8
                0x1003f568       0x12 ./driver/gc080x_driver/driver.o
 *fill*         0x1003f57a        0x6 
 .rodata        0x1003f580      0x408 ./driver/gc080x_driver/driver.o
 .rodata.g_tx_dig_gain
                0x1003f988       0xcc ./driver/gc080x_driver/custom_cfg.o
                0x1003f988                g_tx_dig_gain
 .rodata.g_tx_gain_index
                0x1003fa54       0x99 ./driver/gc080x_driver/custom_cfg.o
                0x1003fa54                g_tx_gain_index
 .rodata.rf_ana_init.str1.4
                0x1003faed       0x62 ./driver/gc080x_driver/main_init.o
 *fill*         0x1003faed        0x3 
 .rodata.rf_ana_init
                0x1003faf0       0x20 ./driver/gc080x_driver/main_init.o
 .rodata.band_dep_calibr_phase_of_switch_bandwidth.str1.4
                0x1003fb10       0xbe ./driver/gc080x_driver/main_init.o
 .rodata.band_dep_calibr_phase_of_switch_bandwidth
                0x1003fb10       0x20 ./driver/gc080x_driver/main_init.o
 .rodata.do_tx_atten_change.str1.4
                0x1003fb30       0x22 ./driver/gc080x_driver/main_init.o
 .rodata.do_rx_gain_ctrl_set.isra.0.str1.4
                0x1003fb30       0x14 ./driver/gc080x_driver/main_init.o
 .rodata.band_dep_calibr_phase_of_bandwidth_calflag_set.str1.4
                0x1003fb30       0x34 ./driver/gc080x_driver/main_init.o
 .rodata.band_dep_calibr_phase_of_bandwidth_calflag_set
                0x1003fb30       0x20 ./driver/gc080x_driver/main_init.o
 .rodata.bybrid_mode_cal_switch.str1.4
                0x1003fb50       0x4c ./driver/gc080x_driver/main_init.o
 .rodata.band_dep_calibr.str1.4
                0x1003fb50      0x151 ./driver/gc080x_driver/main_init.o
 .rodata.fsm_status_prepare.str1.4
                0x1003fb50       0x6d ./driver/gc080x_driver/main_init.o
 .rodata.fsm_status_get_only
                0x1003fb50       0x1c ./driver/gc080x_driver/main_init.o
 .rodata.fsm_status_get
                0x1003fb6c       0x1c ./driver/gc080x_driver/main_init.o
 .rodata.rf_bandwith_change.str1.4
                0x1003fb88      0x2ff ./driver/gc080x_driver/main_init.o
 .rodata.trx_lo_change_act.str1.4
                0x1003fb88       0x96 ./driver/gc080x_driver/main_init.o
 .rodata.tdd_trx_change.str1.4
                0x1003fb88       0x4c ./driver/gc080x_driver/main_init.o
 .rodata.fsm_status_enter.str1.4
                0x1003fb88       0x46 ./driver/gc080x_driver/main_init.o
 .rodata.__FUNCTION__.1
                0x1003fb88       0x2a ./driver/gc080x_driver/main_init.o
 *fill*         0x1003fbb2        0x2 
 .rodata.__FUNCTION__.2
                0x1003fbb4       0x10 ./driver/gc080x_driver/main_init.o
 .rodata.__FUNCTION__.4
                0x1003fbc4       0x2f ./driver/gc080x_driver/main_init.o
 .rodata.fn_rx_get_adc_offset.str1.4
                0x1003fbf3       0x23 ./driver/gc080x_driver/qec_common.o
 .rodata.fn_rx_ana_offset_cal_V2.str1.4
                0x1003fbf3       0x59 ./driver/gc080x_driver/qec_common.o
 *fill*         0x1003fbf3        0x1 
 .rodata.fn_rf_loop_back_ena
                0x1003fbf4       0x48 ./driver/gc080x_driver/qec_common.o
 .rodata.fn_rx_ana_set_gain
                0x1003fc3c       0x18 ./driver/gc080x_driver/qec_common.o
 .rodata.fn_tx_qec_diag_print.str1.4
                0x1003fc54       0xea ./driver/gc080x_driver/qec_common.o
 .rodata.fn_tx_qec_diag_print
                0x1003fc54       0x14 ./driver/gc080x_driver/qec_common.o
 .rodata.fn_tx_lol_diag_print.str1.4
                0x1003fc68       0x46 ./driver/gc080x_driver/qec_common.o
 .rodata.fn_tx_lol_diag_print
                0x1003fc68       0x14 ./driver/gc080x_driver/qec_common.o
 .rodata.fn_rx_qec_diag_print.str1.4
                0x1003fc7c      0x189 ./driver/gc080x_driver/qec_common.o
 .rodata.fn_rx_qec_diag_print
                0x1003fc7c       0x14 ./driver/gc080x_driver/qec_common.o
 .rodata.rxqec_diag_info_diag.str1.4
                0x1003fc90      0x44a ./driver/gc080x_driver/qec_common.o
 .rodata        0x1003fc90      0x360 ./driver/gc080x_driver/qec_common.o
 .rodata        0x1003fff0       0x38 ./driver/gc080x_driver/digtal.o
 .rodata.auxadcctrl_backup.str1.4
                0x10040028       0x30 ./driver/gc080x_driver/transceiver_api.o
 .rodata.tx_dc_offset_cal_with_auxadc.str1.4
                0x10040028      0x111 ./driver/gc080x_driver/transceiver_api.o
 .rodata.__FUNCTION__.2
                0x10040028       0x1d ./driver/gc080x_driver/transceiver_api.o
 .rodata.GCTRL_DEFAULT_CFG.str1.4
                0x10040045       0x29 ./driver/gc080x_driver/gctrl.o
 .rodata.GCTRL_CFG.str1.4
                0x10040045       0x5c ./driver/gc080x_driver/gctrl.o
 *fill*         0x10040045        0x3 
 .rodata.__FUNCTION__.0
                0x10040048       0x12 ./driver/gc080x_driver/gctrl.o
 .rodata.cst8   0x1004005a       0x18 /server17/ic/opt-riscv32-glibc-ima/sysroot/usr/lib/libm.a(e_log.o)
 .rodata.cst8   0x1004005a       0x28 /server17/ic/opt-riscv32-glibc-ima/sysroot/usr/lib/libm.a(e_pow.o)
 .rodata.cst8   0x1004005a       0x10 /server17/ic/opt-riscv32-glibc-ima/sysroot/usr/lib/libm.a(s_floor.o)
 .rodata.cst8   0x1004005a       0xc0 /server17/ic/opt-riscv32-glibc-ima/sysroot/usr/lib/libm.a(s_sin.o)
 .rodata.cst8   0x1004005a       0xc8 /server17/ic/opt-riscv32-glibc-ima/sysroot/usr/lib/libm.a(s_tan.o)
 *fill*         0x1004005a        0x6 
 .rodata        0x10040060     0x1740 /server17/ic/opt-riscv32-glibc-ima/sysroot/usr/lib/libm.a(s_tan.o)
 .rodata.cst8   0x100417a0        0x8 /server17/ic/opt-riscv32-glibc-ima/sysroot/usr/lib/libm.a(w_atan2.o)
 .rodata.cst8   0x100417a0       0x60 /server17/ic/opt-riscv32-glibc-ima/sysroot/usr/lib/libm.a(branred.o)
 .rodata        0x100417a0      0x258 /server17/ic/opt-riscv32-glibc-ima/sysroot/usr/lib/libm.a(branred.o)
 .rodata        0x100419f8      0xdc0 /server17/ic/opt-riscv32-glibc-ima/sysroot/usr/lib/libm.a(sincostab.o)
                0x100419f8                __sincostab
 .rodata.cst8   0x100427b8       0x30 /server17/ic/opt-riscv32-glibc-ima/sysroot/usr/lib/libm.a(math_err.o)
 .rodata        0x100427b8      0x870 /server17/ic/opt-riscv32-glibc-ima/sysroot/usr/lib/libm.a(e_exp_data.o)
                0x100427b8                __exp_data
 .rodata        0x10043028     0x1090 /server17/ic/opt-riscv32-glibc-ima/sysroot/usr/lib/libm.a(e_log_data.o)
                0x10043028                __log_data
 .rodata        0x100440b8     0x1048 /server17/ic/opt-riscv32-glibc-ima/sysroot/usr/lib/libm.a(e_pow_log_data.o)
                0x100440b8                __pow_log_data
 .rodata.cst8   0x10045100       0xc0 /server17/ic/opt-riscv32-glibc-ima/sysroot/usr/lib/libm.a(e_atan2.o)
 .rodata        0x10045100     0x34b8 /server17/ic/opt-riscv32-glibc-ima/sysroot/usr/lib/libm.a(e_atan2.o)
 .rodata.cst8   0x100485b8       0x28 /server17/ic/opt-riscv32-glibc-ima/sysroot/usr/lib/libm.a(e_log10.o)
 .rodata.cst8   0x100485b8       0x70 /server17/ic/opt-riscv32-glibc-ima/sysroot/usr/lib/libm.a(e_sqrt.o)
 .rodata        0x100485b8      0x400 /server17/ic/opt-riscv32-glibc-ima/sysroot/usr/lib/libm.a(e_sqrt.o)
 .rodata        0x100489b8       0x40 /server17/ic/opt-riscv32-glibc-ima/sysroot/usr/lib/libgcc_without_rv32a.a(divdf3.o)
 .rodata        0x100489f8       0xa8 /server17/ic/opt-riscv32-glibc-ima/sysroot/usr/lib/libgcc_without_rv32a.a(divsf3.o)
 .rodata        0x10048aa0      0x100 /server17/ic/opt-riscv32-glibc-ima/sysroot/usr/lib/libgcc_without_rv32a.a(_clz.o)
                0x10048aa0                __clz_tab
 *(.srodata .srodata.*)
 .srodata.cst8  0x10048ba0      0x4c8 ./src/fft.o
                                 0x10 (size before relaxing)
 .srodata.cst8  0x10049068       0x10 ./lib/sleep.o
 .srodata.cst8  0x10049068      0x140 ./driver/gc080x_driver/qec_chip.o
 .srodata.G_REG_ARRAY_TDD_wirecontrol_TX_TO_WAIT_LEN
                0x10049068        0x4 ./driver/gc080x_driver/regs_init.o
                0x10049068                G_REG_ARRAY_TDD_wirecontrol_TX_TO_WAIT_LEN
 .srodata.G_REG_ARRAY_TDD_wirecontrol_RX_TO_WAIT_LEN
                0x1004906c        0x4 ./driver/gc080x_driver/regs_init.o
                0x1004906c                G_REG_ARRAY_TDD_wirecontrol_RX_TO_WAIT_LEN
 .srodata.G_REG_ARRAY_TDD_wirecontrol_ALERT_TO_RX_LEN
                0x10049070        0x4 ./driver/gc080x_driver/regs_init.o
                0x10049070                G_REG_ARRAY_TDD_wirecontrol_ALERT_TO_RX_LEN
 .srodata.G_REG_ARRAY_TDD_wirecontrol_WAIT_TO_ALERT_LEN
                0x10049074        0x4 ./driver/gc080x_driver/regs_init.o
                0x10049074                G_REG_ARRAY_TDD_wirecontrol_WAIT_TO_ALERT_LEN
 .srodata.G_REG_ARRAY_17C_MGC_DIGITAL_CFG_MAX_GAIN_LEN
                0x10049078        0x4 ./driver/gc080x_driver/regs_init.o
                0x10049078                G_REG_ARRAY_17C_MGC_DIGITAL_CFG_MAX_GAIN_LEN
 .srodata.G_REG_ARRAY_DIG_RX1_mgc_start_maxium_gain_LEN
                0x1004907c        0x4 ./driver/gc080x_driver/regs_init.o
                0x1004907c                G_REG_ARRAY_DIG_RX1_mgc_start_maxium_gain_LEN
 .srodata.G_REG_ARRAY_DIG_3A_FSM_STATE_EN_FDD_1T1R_LEN
                0x10049080        0x4 ./driver/gc080x_driver/regs_init.o
                0x10049080                G_REG_ARRAY_DIG_3A_FSM_STATE_EN_FDD_1T1R_LEN
 .srodata.G_REG_ARRAY_DIG_2_FORCE_AlERT_LEN
                0x10049084        0x4 ./driver/gc080x_driver/regs_init.o
                0x10049084                G_REG_ARRAY_DIG_2_FORCE_AlERT_LEN
 .srodata.G_REG_ARRAY_DIG_2_FORCE_AlERT
                0x10049088        0x6 ./driver/gc080x_driver/regs_init.o
                0x10049088                G_REG_ARRAY_DIG_2_FORCE_AlERT
 *fill*         0x1004908e        0x2 
 .srodata.G_REG_ARRAY_Wait_I_1_ANA_MANUAL_OFF_LEN
                0x10049090        0x4 ./driver/gc080x_driver/regs_init.o
                0x10049090                G_REG_ARRAY_Wait_I_1_ANA_MANUAL_OFF_LEN
 .srodata.G_REG_ARRAY_Wait_H_1_DIG_MANUAL_OFF_RSNT_LEN
                0x10049094        0x4 ./driver/gc080x_driver/regs_init.o
                0x10049094                G_REG_ARRAY_Wait_H_1_DIG_MANUAL_OFF_RSNT_LEN
 .srodata.G_REG_ARRAY_Power_Up_A_2_ANA_MANUAL_ON_LEN
                0x10049098        0x4 ./driver/gc080x_driver/regs_init.o
                0x10049098                G_REG_ARRAY_Power_Up_A_2_ANA_MANUAL_ON_LEN
 .srodata.G_REG_ARRAY_tx2_dc_LEN
                0x1004909c        0x4 ./driver/gc080x_driver/regs_init.o
                0x1004909c                G_REG_ARRAY_tx2_dc_LEN
 .srodata.G_REG_ARRAY_tx1_dc_LEN
                0x100490a0        0x4 ./driver/gc080x_driver/regs_init.o
                0x100490a0                G_REG_ARRAY_tx1_dc_LEN
 .srodata.cst8  0x100490a4       0xb0 ./driver/gc080x_driver/driver.o
 .srodata.cst8  0x100490a4      0x108 ./driver/gc080x_driver/qec_common.o
 .srodata.cst4  0x100490a4        0x8 ./driver/gc080x_driver/transceiver_api.o
 .srodata.cst8  0x100490ac       0x28 ./driver/gc080x_driver/gctrl.o
                0x100490ac                        PROVIDE (_rodata_end = .)

.eh_frame_hdr   0x100490ac        0x0
 .eh_frame_hdr  0x100490ac        0x0 ./src/kernel.o

.rela.dyn       0x100490ac        0x0
 .rela.text     0x100490ac        0x0 ./src/start.o
 .rela.rodata   0x100490ac        0x0 ./src/start.o
 .rela.text.start_kernel
                0x100490ac        0x0 ./src/start.o
 .rela.got      0x100490ac        0x0 ./src/start.o

.data           0x100490b0    0x3b750
                0x100490b0                        PROVIDE (_data_start = .)
 *(.sdata .sdata.*)
 .sdata.subframePerFrame
                0x100490b0        0x4 ./src/coe.o
                0x100490b0                subframePerFrame
 .sdata.MUTEX_gc_modify_timing_done
                0x100490b4        0x4 ./src/dfe.o
                0x100490b4                MUTEX_gc_modify_timing_done
 .sdata.SHARED_req_pss_frame
                0x100490b8        0x4 ./src/dfe.o
                0x100490b8                SHARED_req_pss_frame
 .sdata.SHARED_req_pss_slot
                0x100490bc        0x4 ./src/dfe.o
                0x100490bc                SHARED_req_pss_slot
 .sdata.SHARED_after_sync_slot
                0x100490c0        0x4 ./src/dfe.o
                0x100490c0                SHARED_after_sync_slot
 .sdata.size_x  0x100490c4        0x4 ./src/fft.o
                0x100490c4                size_x
 .sdata.nrPDCCH_2p0_slice_ofdm0_bin_size
                0x100490c8        0x4 ./dags/cbin/nrPDCCH_2p0_slice_ofdm0_bin.o
                0x100490c8                nrPDCCH_2p0_slice_ofdm0_bin_size
 .sdata.nrPDCCH_2p0_slice_ofdm0_binandjsonsize
                0x100490cc        0x4 ./dags/cjson/nrPDCCH_2p0_slice_ofdm0_json.o
                0x100490cc                nrPDCCH_2p0_slice_ofdm0_binandjsonsize
 .sdata.nrPDCCH_2p0_slice_ofdm0_output_addr_size
                0x100490d0        0x4 ./dags/cjson/nrPDCCH_2p0_slice_ofdm0_json.o
                0x100490d0                nrPDCCH_2p0_slice_ofdm0_output_addr_size
 .sdata.nrPDCCH_2p0_slice_ofdm0_return_value_size
                0x100490d4        0x4 ./dags/cjson/nrPDCCH_2p0_slice_ofdm0_json.o
                0x100490d4                nrPDCCH_2p0_slice_ofdm0_return_value_size
 .sdata.nrPDCCH_2p0_slice_ofdm0_task_num_size
                0x100490d8        0x4 ./dags/cjson/nrPDCCH_2p0_slice_ofdm0_json.o
                0x100490d8                nrPDCCH_2p0_slice_ofdm0_task_num_size
 .sdata.nrPDCCH_2p0_slice_ofdm0_output_num_size
                0x100490dc        0x4 ./dags/cjson/nrPDCCH_2p0_slice_ofdm0_json.o
                0x100490dc                nrPDCCH_2p0_slice_ofdm0_output_num_size
 .sdata.nrPDCCH_2p0_slice_ofdm0_global_para_size
                0x100490e0        0x4 ./dags/cjson/nrPDCCH_2p0_slice_ofdm0_json.o
                0x100490e0                nrPDCCH_2p0_slice_ofdm0_global_para_size
 .sdata.nrPDCCH_2p0_slice_ofdm0_task_container_size
                0x100490e4        0x4 ./dags/cjson/nrPDCCH_2p0_slice_ofdm0_json.o
                0x100490e4                nrPDCCH_2p0_slice_ofdm0_task_container_size
 *(.data .data.*)
 .data.freq_offset
                0x100490e8       0x68 ./src/coe.o
                0x100490e8                freq_offset
 .data.W        0x10049150     0x4000 ./src/fft.o
                0x10049150                W
 .data.nrPDCCH_2p0_slice_ofdm0_input_length
                0x1004d150       0x18 ./dags/cjson/nrPDCCH_2p0_slice_ofdm0_json.o
                0x1004d150                nrPDCCH_2p0_slice_ofdm0_input_length
 .data.nrPDCCH_2p0_slice_ofdm0_input_offset
                0x1004d168       0x18 ./dags/cjson/nrPDCCH_2p0_slice_ofdm0_json.o
                0x1004d168                nrPDCCH_2p0_slice_ofdm0_input_offset
 .data.gctrl_dflt_cfg
                0x1004d180      0x208 ./driver/gc080x_driver/custom_cfg.o
                0x1004d180                gctrl_dflt_cfg
 *(.bss.stack)
 .bss.stack     0x1004d388    0x20000 ./src/start.o
                0x1004d388                _stack_start
                0x1006d388                _stack_top
 *(.sbss .sbss.*)
 .sbss.freq_offset_id
                0x1006d388        0x4 ./src/timer.o
 .sbss.free_list_counter
                0x1006d38c        0x4 ./lib/malloc.o
                0x1006d38c                free_list_counter
 .sbss.free_list_head
                0x1006d390        0x4 ./lib/malloc.o
                0x1006d390                free_list_head
 .sbss.alloc_end
                0x1006d394        0x4 ./lib/malloc.o
                0x1006d394                alloc_end
 .sbss.alloc_start
                0x1006d398        0x4 ./lib/malloc.o
                0x1006d398                alloc_start
 .sbss.dma_error_hpn
                0x1006d39c        0x4 ./src/dma.o
                0x1006d39c                dma_error_hpn
 .sbss.p_test   0x1006d3a0        0x4 ./src/dma.o
                0x1006d3a0                p_test
 .sbss.mu       0x1006d3a4        0x4 ./src/coe.o
                0x1006d3a4                mu
 .sbss.SEM_max_dfe_data_cnt
                0x1006d3a8        0x4 ./src/dfe.o
                0x1006d3a8                SEM_max_dfe_data_cnt
 .sbss.SEM_dfe_data_cnt
                0x1006d3ac        0x4 ./src/dfe.o
                0x1006d3ac                SEM_dfe_data_cnt
 .sbss.SHARED_frame_offset
                0x1006d3b0        0x4 ./src/dfe.o
                0x1006d3b0                SHARED_frame_offset
 .sbss.MUTEX_first_rx_ram_ready_done
                0x1006d3b4        0x4 ./src/dfe.o
                0x1006d3b4                MUTEX_first_rx_ram_ready_done
 .sbss.SHARED_req_ssb_start_symbol
                0x1006d3b8        0x4 ./src/dfe.o
                0x1006d3b8                SHARED_req_ssb_start_symbol
 .sbss.SHARED_pss2_status0_reg
                0x1006d3bc        0x4 ./src/dfe.o
                0x1006d3bc                SHARED_pss2_status0_reg
 .sbss.SHARED_pss1_status0_reg
                0x1006d3c0        0x4 ./src/dfe.o
                0x1006d3c0                SHARED_pss1_status0_reg
 .sbss.SHARED_pss0_status0_reg
                0x1006d3c4        0x4 ./src/dfe.o
                0x1006d3c4                SHARED_pss0_status0_reg
 .sbss.SEM_dma_initdata_cnt
                0x1006d3c8        0x4 ./src/dfe.o
                0x1006d3c8                SEM_dma_initdata_cnt
 .sbss.SEM_dfe_initdata_cnt
                0x1006d3cc        0x4 ./src/dfe.o
                0x1006d3cc                SEM_dfe_initdata_cnt
 .sbss.MUTEX_tx_rrd_cnt
                0x1006d3d0        0x4 ./src/dfe.o
                0x1006d3d0                MUTEX_tx_rrd_cnt
 .sbss.write_mode
                0x1006d3d4        0x4 ./src/dfe.o
                0x1006d3d4                write_mode
 .sbss.correlation_energy_rs
                0x1006d3d8        0x4 ./src/dfe.o
                0x1006d3d8                correlation_energy_rs
 .sbss.signal_energy_rs
                0x1006d3dc        0x4 ./src/dfe.o
                0x1006d3dc                signal_energy_rs
 .sbss.sum_rs_bits
                0x1006d3e0        0x4 ./src/dfe.o
                0x1006d3e0                sum_rs_bits
 .sbss.MUTEX_dag_done
                0x1006d3e4        0x4 ./src/dagproc.o
                0x1006d3e4                MUTEX_dag_done
 .sbss.p        0x1006d3e8        0x4 ./src/dagproc.o
                0x1006d3e8                p
 *fill*         0x1006d3ec        0x4 
 .sbss.max_Q_snr
                0x1006d3f0        0x8 ./src/fft.o
                0x1006d3f0                max_Q_snr
 .sbss.max_I_snr
                0x1006d3f8        0x8 ./src/fft.o
                0x1006d3f8                max_I_snr
 .sbss.reg3     0x1006d400        0x4 ./src/fft.o
                0x1006d400                reg3
 .sbss.reg2     0x1006d404        0x4 ./src/fft.o
                0x1006d404                reg2
 .sbss.reg1     0x1006d408        0x4 ./src/fft.o
                0x1006d408                reg1
 .sbss.reg_index
                0x1006d40c        0x4 ./src/fft.o
                0x1006d40c                reg_index
 .sbss.g_phy_select
                0x1006d410        0x2 ./driver/gc080x_driver/custom_cfg.o
                0x1006d410                g_phy_select
 *(.bss .bss.*)
 *fill*         0x1006d412        0x2 
 .bss.out_buf   0x1006d414      0x3e8 ./lib/printf.o
 .bss.dmafifo   0x1006d7fc      0x104 ./src/dma.o
                0x1006d7fc                dmafifo
 .bss.init_rfdata
                0x1006d900      0x340 ./src/dfe.o
                0x1006d900                init_rfdata
 .bss.fft_rfdata
                0x1006dc40      0x340 ./src/dfe.o
                0x1006dc40                fft_rfdata
 .bss.clusters  0x1006df80      0x838 ./src/dagproc.o
                0x1006df80                clusters
 .bss.spi_reg_cur_q
                0x1006e7b8        0xc ./src/fft.o
                0x1006e7b8                spi_reg_cur_q
 .bss.spi_reg_cur_i
                0x1006e7c4        0xc ./src/fft.o
                0x1006e7c4                spi_reg_cur_i
 .bss.spi_reg_max_q
                0x1006e7d0        0xc ./src/fft.o
                0x1006e7d0                spi_reg_max_q
 .bss.spi_reg_max_i
                0x1006e7dc        0xc ./src/fft.o
                0x1006e7dc                spi_reg_max_i
 .bss.o         0x1006e7e8     0x4000 ./src/fft.o
                0x1006e7e8                o
 .bss.Q         0x100727e8     0x8000 ./src/fft.o
                0x100727e8                Q
 .bss.I         0x1007a7e8     0x8000 ./src/fft.o
                0x1007a7e8                I
 .bss.freqData_imag_0_s
                0x100827e8       0x88 src/main_nrPDCCH_2p0_slice_ofdm0.o
 .bss.freqData_real_0_s
                0x10082870       0x88 src/main_nrPDCCH_2p0_slice_ofdm0.o
 .bss.csetSubcarriers_s
                0x100828f8       0x88 src/main_nrPDCCH_2p0_slice_ofdm0.o
 .bss.csetNRB_s